Component: ARM Compiler 5.06 update 7 (build 960) Tool: armlink [4d3601]

==============================================================================

Section Cross References

    main.o(i.Keyprocess_task) refers to user.o(i.Scan_Key) for Scan_Key
    main.o(i.Keyprocess_task) refers to os_q.o(i.OSQPost) for OSQPost
    main.o(i.Keyprocess_task) refers to os_time.o(i.OSTimeDlyHMSM) for OSTimeDlyHMSM
    main.o(i.Keyprocess_task) refers to main.o(.bss) for KEY_Msg
    main.o(i.led_task) refers to stm32f10x_gpio.o(i.GPIO_ResetBits) for GPIO_ResetBits
    main.o(i.led_task) refers to os_time.o(i.OSTimeDlyHMSM) for OSTimeDlyHMSM
    main.o(i.led_task) refers to stm32f10x_gpio.o(i.GPIO_SetBits) for GPIO_SetBits
    main.o(i.main) refers to delay.o(i.delay_init) for delay_init
    main.o(i.main) refers to misc.o(i.NVIC_PriorityGroupConfig) for NVIC_PriorityGroupConfig
    main.o(i.main) refers to user.o(i.Software_Init) for Software_Init
    main.o(i.main) refers to user.o(i.Dirver_Init) for Dirver_Init
    main.o(i.main) refers to os_core.o(i.OSInit) for OSInit
    main.o(i.main) refers to cpu_a.o(.text) for CPU_SR_Save
    main.o(i.main) refers to os_task.o(i.OSTaskCreate) for OSTaskCreate
    main.o(i.main) refers to os_core.o(i.OS_Sched0) for OS_Sched0
    main.o(i.main) refers to os_core.o(i.OSStart) for OSStart
    main.o(i.main) refers to os_var.o(.data) for OSSchedLockNestingCtr
    main.o(i.main) refers to main.o(.bss) for START_TASK_STK
    main.o(i.main) refers to main.o(i.start_task) for start_task
    main.o(i.oled_task) refers to user.o(i.Show_Logo) for Show_Logo
    main.o(i.oled_task) refers to user.o(i.Show_LMT70_Init) for Show_LMT70_Init
    main.o(i.oled_task) refers to user.o(i.Show_MPU6050_Init) for Show_MPU6050_Init
    main.o(i.oled_task) refers to user.o(i.Show_HC05_Init) for Show_HC05_Init
    main.o(i.oled_task) refers to user.o(i.Show_ADS1292_Init) for Show_ADS1292_Init
    main.o(i.oled_task) refers to os_time.o(i.OSTimeDlyHMSM) for OSTimeDlyHMSM
    main.o(i.oled_task) refers to oled.o(i.OLED_Clear) for OLED_Clear
    main.o(i.oled_task) refers to user.o(i.Show_Menu) for Show_Menu
    main.o(i.oled_task) refers to os_q.o(i.OSQPend) for OSQPend
    main.o(i.oled_task) refers to user.o(i.Change_Mode) for Change_Mode
    main.o(i.oled_task) refers to user.o(i.Applicaton) for Applicaton
    main.o(i.oled_task) refers to user.o(i.Software_Init) for Software_Init
    main.o(i.oled_task) refers to oled.o(i.OLED_ShowString) for OLED_ShowString
    main.o(i.oled_task) refers to oled.o(i.OLED_Refresh) for OLED_Refresh
    main.o(i.oled_task) refers to main.o(.bss) for KEY_Msg
    main.o(i.start_task) refers to cpu_core.o(i.CPU_Init) for CPU_Init
    main.o(i.start_task) refers to os_stat.o(i.OSStatTaskCPUUsageInit) for OSStatTaskCPUUsageInit
    main.o(i.start_task) refers to os_core.o(i.OSSchedRoundRobinCfg) for OSSchedRoundRobinCfg
    main.o(i.start_task) refers to cpu_a.o(.text) for CPU_SR_Save
    main.o(i.start_task) refers to os_q.o(i.OSQCreate) for OSQCreate
    main.o(i.start_task) refers to os_task.o(i.OSTaskCreate) for OSTaskCreate
    main.o(i.start_task) refers to os_task.o(i.OS_TaskSuspend) for OS_TaskSuspend
    main.o(i.start_task) refers to os_core.o(i.OS_Sched0) for OS_Sched0
    main.o(i.start_task) refers to os_var.o(.data) for OSSchedLockNestingCtr
    main.o(i.start_task) refers to main.o(.bss) for KEY_Msg
    main.o(i.start_task) refers to main.o(i.oled_task) for oled_task
    main.o(i.start_task) refers to main.o(i.Keyprocess_task) for Keyprocess_task
    system_stm32f10x.o(i.SetSysClock) refers to system_stm32f10x.o(i.SetSysClockTo72) for SetSysClockTo72
    system_stm32f10x.o(i.SystemCoreClockUpdate) refers to system_stm32f10x.o(.data) for SystemCoreClock
    system_stm32f10x.o(i.SystemInit) refers to system_stm32f10x.o(i.SetSysClock) for SetSysClock
    beep.o(i.BEEP_Init) refers to stm32f10x_rcc.o(i.RCC_APB2PeriphClockCmd) for RCC_APB2PeriphClockCmd
    beep.o(i.BEEP_Init) refers to stm32f10x_gpio.o(i.GPIO_Init) for GPIO_Init
    beep.o(i.BEEP_Init) refers to stm32f10x_gpio.o(i.GPIO_ResetBits) for GPIO_ResetBits
    led.o(i.LED_Init) refers to stm32f10x_rcc.o(i.RCC_APB2PeriphClockCmd) for RCC_APB2PeriphClockCmd
    led.o(i.LED_Init) refers to stm32f10x_gpio.o(i.GPIO_Init) for GPIO_Init
    led.o(i.LED_Init) refers to stm32f10x_gpio.o(i.GPIO_SetBits) for GPIO_SetBits
    oled.o(i.OLED_Clear) refers to oled.o(i.OLED_WR_Byte) for OLED_WR_Byte
    oled.o(i.OLED_Clear) refers to oled.o(i.OLED_Refresh) for OLED_Refresh
    oled.o(i.OLED_Clear) refers to oled.o(.bss) for OLED_GRAM
    oled.o(i.OLED_ClearPoint) refers to oled.o(.bss) for OLED_GRAM
    oled.o(i.OLED_ColorTurn) refers to oled.o(i.OLED_WR_Byte) for OLED_WR_Byte
    oled.o(i.OLED_DisplayTurn) refers to oled.o(i.OLED_WR_Byte) for OLED_WR_Byte
    oled.o(i.OLED_Display_Off) refers to oled.o(i.OLED_WR_Byte) for OLED_WR_Byte
    oled.o(i.OLED_Display_On) refers to oled.o(i.OLED_WR_Byte) for OLED_WR_Byte
[...]
    mpu_init                                 0x0800a541   Thumb Code   416  inv_mpu.o(i.mpu_init)
    mpu_load_firmware                        0x0800a731   Thumb Code   180  inv_mpu.o(i.mpu_load_firmware)
    mpu_lp_accel_mode                        0x0800a7e9   Thumb Code   218  inv_mpu.o(i.mpu_lp_accel_mode)
    mpu_read_mem                             0x0800a8c9   Thumb Code   122  inv_mpu.o(i.mpu_read_mem)
    mpu_reset_fifo                           0x0800a949   Thumb Code   450  inv_mpu.o(i.mpu_reset_fifo)
    mpu_run_self_test                        0x0800ab11   Thumb Code   278  inv_mpu.o(i.mpu_run_self_test)
    mpu_set_accel_fsr                        0x0800ac2d   Thumb Code   126  inv_mpu.o(i.mpu_set_accel_fsr)
    mpu_set_bypass                           0x0800acb1   Thumb Code   328  inv_mpu.o(i.mpu_set_bypass)
    mpu_set_dmp_state                        0x0800adfd   Thumb Code   138  inv_mpu.o(i.mpu_set_dmp_state)
    mpu_set_gyro_fsr                         0x0800ae8d   Thumb Code   132  inv_mpu.o(i.mpu_set_gyro_fsr)
    mpu_set_int_latched                      0x0800af15   Thumb Code   102  inv_mpu.o(i.mpu_set_int_latched)
    mpu_set_lpf                              0x0800af81   Thumb Code   126  inv_mpu.o(i.mpu_set_lpf)
    mpu_set_sample_rate                      0x0800b005   Thumb Code   152  inv_mpu.o(i.mpu_set_sample_rate)
    mpu_set_sensors                          0x0800b0a1   Thumb Code   202  inv_mpu.o(i.mpu_set_sensors)
    mpu_write_mem                            0x0800b171   Thumb Code   122  inv_mpu.o(i.mpu_write_mem)
    oled_task                                0x0800b1f1   Thumb Code   170  main.o(i.oled_task)
    run_self_test                            0x0800b2a5   Thumb Code   148  inv_mpu.o(i.run_self_test)
    start_task                               0x0800b3c9   Thumb Code   280  main.o(i.start_task)
    uart_init                                0x0800b52d   Thumb Code   158  usart.o(i.uart_init)
    _get_lc_numeric                          0x0800b5d5   Thumb Code    44  lc_numeric_c.o(locale$$code)
    __aeabi_d2f                              0x0800b601   Thumb Code     0  d2f.o(x$fpl$d2f)
    _d2f                                     0x0800b601   Thumb Code    98  d2f.o(x$fpl$d2f)
    __aeabi_dadd                             0x0800b665   Thumb Code     0  daddsub_clz.o(x$fpl$dadd)
    _dadd                                    0x0800b665   Thumb Code   332  daddsub_clz.o(x$fpl$dadd)
    __aeabi_ddiv                             0x0800b7b5   Thumb Code     0  ddiv.o(x$fpl$ddiv)
    _ddiv                                    0x0800b7b5   Thumb Code   552  ddiv.o(x$fpl$ddiv)
    __aeabi_d2iz                             0x0800ba65   Thumb Code     0  dfix.o(x$fpl$dfix)
    _dfix                                    0x0800ba65   Thumb Code    94  dfix.o(x$fpl$dfix)
    __aeabi_i2d                              0x0800bac3   Thumb Code     0  dflt_clz.o(x$fpl$dflt)
    _dflt                                    0x0800bac3   Thumb Code    46  dflt_clz.o(x$fpl$dflt)
    __aeabi_ui2d                             0x0800baf1   Thumb Code     0  dflt_clz.o(x$fpl$dfltu)
    _dfltu                                   0x0800baf1   Thumb Code    38  dflt_clz.o(x$fpl$dfltu)
    __aeabi_dmul                             0x0800bb19   Thumb Code     0  dmul.o(x$fpl$dmul)
    _dmul                                    0x0800bb19   Thumb Code   332  dmul.o(x$fpl$dmul)
    __fpl_dnaninf                            0x0800bc6d   Thumb Code   156  dnaninf.o(x$fpl$dnaninf)
    __fpl_dretinf                            0x0800bd09   Thumb Code    12  dretinf.o(x$fpl$dretinf)
    __aeabi_drsub                            0x0800bd15   Thumb Code     0  daddsub_clz.o(x$fpl$drsb)
    _drsb                                    0x0800bd15   Thumb Code    22  daddsub_clz.o(x$fpl$drsb)
    __aeabi_dsub                             0x0800bd2d   Thumb Code     0  daddsub_clz.o(x$fpl$dsub)
    _dsub                                    0x0800bd2d   Thumb Code   464  daddsub_clz.o(x$fpl$dsub)
    __aeabi_f2d                              0x0800bf01   Thumb Code     0  f2d.o(x$fpl$f2d)
    _f2d                                     0x0800bf01   Thumb Code    86  f2d.o(x$fpl$f2d)
    __aeabi_fadd                             0x0800bf59   Thumb Code     0  faddsub_clz.o(x$fpl$fadd)
    _fadd                                    0x0800bf59   Thumb Code   196  faddsub_clz.o(x$fpl$fadd)
    __fpl_fcmp_Inf                           0x0800c01d   Thumb Code    24  fcmpi.o(x$fpl$fcmpinf)
    __aeabi_fdiv                             0x0800c035   Thumb Code     0  fdiv.o(x$fpl$fdiv)
    _fdiv                                    0x0800c035   Thumb Code   384  fdiv.o(x$fpl$fdiv)
    __aeabi_cfcmpeq                          0x0800c1b9   Thumb Code     0  feqf.o(x$fpl$feqf)
    _fcmpeq                                  0x0800c1b9   Thumb Code   104  feqf.o(x$fpl$feqf)
    __aeabi_f2iz                             0x0800c221   Thumb Code     0  ffix.o(x$fpl$ffix)
    _ffix                                    0x0800c221   Thumb Code    54  ffix.o(x$fpl$ffix)
    __aeabi_f2uiz                            0x0800c259   Thumb Code     0  ffixu.o(x$fpl$ffixu)
    _ffixu                                   0x0800c259   Thumb Code    62  ffixu.o(x$fpl$ffixu)
    __aeabi_i2f                              0x0800c299   Thumb Code     0  fflt_clz.o(x$fpl$fflt)
    _fflt                                    0x0800c299   Thumb Code    48  fflt_clz.o(x$fpl$fflt)
    __aeabi_ui2f                             0x0800c2c9   Thumb Code     0  fflt_clz.o(x$fpl$ffltu)
    _ffltu                                   0x0800c2c9   Thumb Code    38  fflt_clz.o(x$fpl$ffltu)
    __aeabi_cfcmple                          0x0800c2f1   Thumb Code     0  fleqf.o(x$fpl$fleqf)
    _fcmple                                  0x0800c2f1   Thumb Code   104  fleqf.o(x$fpl$fleqf)
    __fpl_fcmple_InfNaN                      0x0800c343   Thumb Code     0  fleqf.o(x$fpl$fleqf)
    __aeabi_fmul                             0x0800c359   Thumb Code     0  fmul.o(x$fpl$fmul)
    _fmul                                    0x0800c359   Thumb Code   258  fmul.o(x$fpl$fmul)
    __fpl_fnaninf                            0x0800c45b   Thumb Code   140  fnaninf.o(x$fpl$fnaninf)
    __fpl_fretinf                            0x0800c4e7   Thumb Code    10  fretinf.o(x$fpl$fretinf)
    __aeabi_cfrcmple                         0x0800c4f1   Thumb Code     0  frleqf.o(x$fpl$frleqf)
    _frcmple                                 0x0800c4f1   Thumb Code    98  frleqf.o(x$fpl$frleqf)
    __aeabi_fsub                             0x0800c555   Thumb Code     0  faddsub_clz.o(x$fpl$fsub)
    _fsub                                    0x0800c555   Thumb Code   234  faddsub_clz.o(x$fpl$fsub)
    _printf_fp_dec                           0x0800c63f   Thumb Code     4  printf1.o(x$fpl$printf1)
    __I$use$fp                               0x0800c642   Number         0  usenofp.o(x$fpl$usenofp)
    asc2_1206                                0x0800c642   Data        1140  oled.o(.constdata)
    asc2_1608                                0x0800cab6   Data        1520  oled.o(.constdata)
    asc2_2412                                0x0800d0a6   Data        3420  oled.o(.constdata)
    reg                                      0x0800e9f8   Data          27  inv_mpu.o(.constdata)
    hw                                       0x0800ea14   Data          12  inv_mpu.o(.constdata)
    test                                     0x0800ea20   Data          40  inv_mpu.o(.constdata)
    firCoeffs32BP                            0x0800ea48   Data         804  fdacoefs.o(.constdata)
    OSCfg_IdleTaskStkBasePtr                 0x0800ed6c   Data           4  os_cfg_app.o(.constdata)
    OSCfg_IdleTaskStkLimit                   0x0800ed70   Data           4  os_cfg_app.o(.constdata)
    OSCfg_IdleTaskStkSize                    0x0800ed74   Data           4  os_cfg_app.o(.constdata)
    OSCfg_IdleTaskStkSizeRAM                 0x0800ed78   Data           4  os_cfg_app.o(.constdata)
    OSCfg_IntQBasePtr                        0x0800ed7c   Data           4  os_cfg_app.o(.constdata)
    OSCfg_IntQSize                           0x0800ed80   Data           2  os_cfg_app.o(.constdata)
    OSCfg_IntQSizeRAM                        0x0800ed84   Data           4  os_cfg_app.o(.constdata)
    OSCfg_IntQTaskStkBasePtr                 0x0800ed88   Data           4  os_cfg_app.o(.constdata)
    OSCfg_IntQTaskStkLimit                   0x0800ed8c   Data           4  os_cfg_app.o(.constdata)
    OSCfg_IntQTaskStkSize                    0x0800ed90   Data           4  os_cfg_app.o(.constdata)
    OSCfg_IntQTaskStkSizeRAM                 0x0800ed94   Data           4  os_cfg_app.o(.constdata)
    OSCfg_ISRStkBasePtr                      0x0800ed98   Data           4  os_cfg_app.o(.constdata)
    OSCfg_ISRStkSize                         0x0800ed9c   Data           4  os_cfg_app.o(.constdata)
    OSCfg_ISRStkSizeRAM                      0x0800eda0   Data           4  os_cfg_app.o(.constdata)
    OSCfg_MsgPoolSize                        0x0800eda4   Data           2  os_cfg_app.o(.constdata)
    OSCfg_MsgPoolSizeRAM                     0x0800eda8   Data           4  os_cfg_app.o(.constdata)
    OSCfg_MsgPoolBasePtr                     0x0800edac   Data           4  os_cfg_app.o(.constdata)
    OSCfg_StatTaskPrio                       0x0800edb0   Data           1  os_cfg_app.o(.constdata)
    OSCfg_StatTaskRate_Hz                    0x0800edb4   Data           4  os_cfg_app.o(.constdata)
    OSCfg_StatTaskStkBasePtr                 0x0800edb8   Data           4  os_cfg_app.o(.constdata)
    OSCfg_StatTaskStkLimit                   0x0800edbc   Data           4  os_cfg_app.o(.constdata)
    OSCfg_StatTaskStkSize                    0x0800edc0   Data           4  os_cfg_app.o(.constdata)
    OSCfg_StatTaskStkSizeRAM                 0x0800edc4   Data           4  os_cfg_app.o(.constdata)
    OSCfg_StkSizeMin                         0x0800edc8   Data           4  os_cfg_app.o(.constdata)
    OSCfg_TickRate_Hz                        0x0800edcc   Data           4  os_cfg_app.o(.constdata)
    OSCfg_TickTaskPrio                       0x0800edd0   Data           1  os_cfg_app.o(.constdata)
    OSCfg_TickTaskStkBasePtr                 0x0800edd4   Data           4  os_cfg_app.o(.constdata)
    OSCfg_TickTaskStkLimit                   0x0800edd8   Data           4  os_cfg_app.o(.constdata)
    OSCfg_TickTaskStkSize                    0x0800eddc   Data           4  os_cfg_app.o(.constdata)
    OSCfg_TickTaskStkSizeRAM                 0x0800ede0   Data           4  os_cfg_app.o(.constdata)
    OSCfg_TickWheelSize                      0x0800ede4   Data           2  os_cfg_app.o(.constdata)
    OSCfg_TickWheelSizeRAM                   0x0800ede8   Data           4  os_cfg_app.o(.constdata)
    OSCfg_TmrTaskPrio                        0x0800edec   Data           1  os_cfg_app.o(.constdata)
    OSCfg_TmrTaskRate_Hz                     0x0800edf0   Data           4  os_cfg_app.o(.constdata)
    OSCfg_TmrTaskStkBasePtr                  0x0800edf4   Data           4  os_cfg_app.o(.constdata)
    OSCfg_TmrTaskStkLimit                    0x0800edf8   Data           4  os_cfg_app.o(.constdata)
    OSCfg_TmrTaskStkSize                     0x0800edfc   Data           4  os_cfg_app.o(.constdata)
    OSCfg_TmrTaskStkSizeRAM                  0x0800ee00   Data           4  os_cfg_app.o(.constdata)
    OSCfg_TmrWheelSize                       0x0800ee04   Data           2  os_cfg_app.o(.constdata)
    OSCfg_TmrWheelSizeRAM                    0x0800ee08   Data           4  os_cfg_app.o(.constdata)
    OSCfg_DataSizeRAM                        0x0800ee0c   Data           4  os_cfg_app.o(.constdata)
    OSDbg_DbgEn                              0x0800ee10   Data           2  os_dbg.o(.constdata)
    OSDbg_ArgChkEn                           0x0800ee12   Data           1  os_dbg.o(.constdata)
    OSDbg_AppHooksEn                         0x0800ee13   Data           1  os_dbg.o(.constdata)
    OSDbg_EndiannessTest                     0x0800ee14   Data           4  os_dbg.o(.constdata)
    OSDbg_CalledFromISRChkEn                 0x0800ee18   Data           1  os_dbg.o(.constdata)
    OSDbg_FlagEn                             0x0800ee19   Data           1  os_dbg.o(.constdata)
    OSDbg_FlagGrp                            0x0800ee1c   Data          40  os_dbg.o(.constdata)
    OSDbg_FlagDelEn                          0x0800ee44   Data           1  os_dbg.o(.constdata)
    OSDbg_FlagModeClrEn                      0x0800ee45   Data           1  os_dbg.o(.constdata)
    OSDbg_FlagPendAbortEn                    0x0800ee46   Data           1  os_dbg.o(.constdata)
    OSDbg_FlagGrpSize                        0x0800ee48   Data           2  os_dbg.o(.constdata)
    OSDbg_FlagWidth                          0x0800ee4a   Data           2  os_dbg.o(.constdata)
    OSDbg_IntQ                               0x0800ee4c   Data           2  os_dbg.o(.constdata)
    OSDbg_ISRPostDeferredEn                  0x0800ee4e   Data           1  os_dbg.o(.constdata)
    OSDbg_Mem                                0x0800ee50   Data          32  os_dbg.o(.constdata)
    OSDbg_MemEn                              0x0800ee70   Data           1  os_dbg.o(.constdata)
    OSDbg_MemSize                            0x0800ee72   Data           2  os_dbg.o(.constdata)
    OSDbg_MsgEn                              0x0800ee74   Data           1  os_dbg.o(.constdata)
    OSDbg_MsgSize                            0x0800ee76   Data           2  os_dbg.o(.constdata)
    OSDbg_MsgPoolSize                        0x0800ee78   Data           2  os_dbg.o(.constdata)
    OSDbg_MsgQSize                           0x0800ee7a   Data           2  os_dbg.o(.constdata)
    OSDbg_Mutex                              0x0800ee7c   Data          44  os_dbg.o(.constdata)
    OSDbg_MutexEn                            0x0800eea8   Data           1  os_dbg.o(.constdata)
    OSDbg_MutexDelEn                         0x0800eea9   Data           1  os_dbg.o(.constdata)
    OSDbg_MutexPendAbortEn                   0x0800eeaa   Data           1  os_dbg.o(.constdata)
    OSDbg_MutexSize                          0x0800eeac   Data           2  os_dbg.o(.constdata)
    OSDbg_ObjTypeChkEn                       0x0800eeae   Data           1  os_dbg.o(.constdata)
    OSDbg_PendMultiEn                        0x0800eeaf   Data           1  os_dbg.o(.constdata)
    OSDbg_PendDataSize                       0x0800eeb0   Data           2  os_dbg.o(.constdata)
    OSDbg_PendListSize                       0x0800eeb2   Data           2  os_dbg.o(.constdata)
    OSDbg_PendObjSize                        0x0800eeb4   Data           2  os_dbg.o(.constdata)
    OSDbg_PrioMax                            0x0800eeb6   Data           2  os_dbg.o(.constdata)
    OSDbg_PrioTblSize                        0x0800eeb8   Data           2  os_dbg.o(.constdata)
    OSDbg_PtrSize                            0x0800eeba   Data           2  os_dbg.o(.constdata)
    OSDbg_Q                                  0x0800eebc   Data          48  os_dbg.o(.constdata)
    OSDbg_QEn                                0x0800eeec   Data           1  os_dbg.o(.constdata)
    OSDbg_QDelEn                             0x0800eeed   Data           1  os_dbg.o(.constdata)
    OSDbg_QFlushEn                           0x0800eeee   Data           1  os_dbg.o(.constdata)
    OSDbg_QPendAbortEn                       0x0800eeef   Data           1  os_dbg.o(.constdata)
    OSDbg_QSize                              0x0800eef0   Data           2  os_dbg.o(.constdata)
    OSDbg_SchedRoundRobinEn                  0x0800eef2   Data           1  os_dbg.o(.constdata)
    OSDbg_Sem                                0x0800eef4   Data          40  os_dbg.o(.constdata)
    OSDbg_SemEn                              0x0800ef1c   Data           1  os_dbg.o(.constdata)
    OSDbg_SemDelEn                           0x0800ef1d   Data           1  os_dbg.o(.constdata)
    OSDbg_SemPendAbortEn                     0x0800ef1e   Data           1  os_dbg.o(.constdata)
    OSDbg_SemSetEn                           0x0800ef1f   Data           1  os_dbg.o(.constdata)
    OSDbg_SemSize                            0x0800ef20   Data           2  os_dbg.o(.constdata)
    OSDbg_RdyList                            0x0800ef22   Data           2  os_dbg.o(.constdata)
    OSDbg_RdyListSize                        0x0800ef24   Data           4  os_dbg.o(.constdata)
    OSDbg_StkWidth                           0x0800ef28   Data           1  os_dbg.o(.constdata)
    OSDbg_StatTaskEn                         0x0800ef29   Data           1  os_dbg.o(.constdata)
    OSDbg_StatTaskStkChkEn                   0x0800ef2a   Data           1  os_dbg.o(.constdata)
    OSDbg_TaskChangePrioEn                   0x0800ef2b   Data           1  os_dbg.o(.constdata)
    OSDbg_TaskDelEn                          0x0800ef2c   Data           1  os_dbg.o(.constdata)
    OSDbg_TaskQEn                            0x0800ef2d   Data           1  os_dbg.o(.constdata)
    OSDbg_TaskQPendAbortEn                   0x0800ef2e   Data           1  os_dbg.o(.constdata)
    OSDbg_TaskProfileEn                      0x0800ef2f   Data           1  os_dbg.o(.constdata)
    OSDbg_TaskRegTblSize                     0x0800ef30   Data           2  os_dbg.o(.constdata)
    OSDbg_TaskSemPendAbortEn                 0x0800ef32   Data           1  os_dbg.o(.constdata)
    OSDbg_TaskSuspendEn                      0x0800ef33   Data           1  os_dbg.o(.constdata)
    OSDbg_TCBSize                            0x0800ef34   Data           2  os_dbg.o(.constdata)
    OSDbg_TickSpokeSize                      0x0800ef36   Data           2  os_dbg.o(.constdata)
    OSDbg_TimeDlyHMSMEn                      0x0800ef38   Data           1  os_dbg.o(.constdata)
    OSDbg_TimeDlyResumeEn                    0x0800ef39   Data           1  os_dbg.o(.constdata)
    OSDbg_TLS_TblSize                        0x0800ef3a   Data           2  os_dbg.o(.constdata)
    OSDbg_Tmr                                0x0800ef3c   Data          52  os_dbg.o(.constdata)
    OSDbg_TmrEn                              0x0800ef70   Data           1  os_dbg.o(.constdata)
    OSDbg_TmrDelEn                           0x0800ef71   Data           1  os_dbg.o(.constdata)
    OSDbg_TmrSize                            0x0800ef72   Data           2  os_dbg.o(.constdata)
    OSDbg_TmrSpokeSize                       0x0800ef74   Data           2  os_dbg.o(.constdata)
    OSDbg_VersionNbr                         0x0800ef76   Data           2  os_dbg.o(.constdata)
    OSDbg_DataSize                           0x0800ef78   Data           4  os_dbg.o(.constdata)
    Region$$Table$$Base                      0x0800f074   Number         0  anon$$obj.o(Region$$Table)
    Region$$Table$$Limit                     0x0800f094   Number         0  anon$$obj.o(Region$$Table)
    SystemCoreClock                          0x20000000   Data           4  system_stm32f10x.o(.data)
    AHBPrescTable                            0x20000004   Data          16  system_stm32f10x.o(.data)
    LOGO                                     0x20000049   Data        1024  oledbmp.o(.data)
    ARROW                                    0x20000449   Data          32  oledbmp.o(.data)
    USART2_RX_STA                            0x2000046a   Data           2  hc05.o(.data)
    Ads1292_Config1                          0x2000046c   Data           1  ads1292.o(.data)
    Ads1292_Config2                          0x2000046d   Data           5  ads1292.o(.data)
    Ads1292_Ch1set                           0x20000472   Data           3  ads1292.o(.data)
    Ads1292_Ch2set                           0x20000475   Data           3  ads1292.o(.data)
    Ads1292_Rld_Sens                         0x20000478   Data           6  ads1292.o(.data)
    Ads1292_Loff_Sens                        0x2000047e   Data           6  ads1292.o(.data)
    Ads1292_Resp1                            0x20000484   Data           4  ads1292.o(.data)
    Ads1292_Resp2                            0x20000488   Data           3  ads1292.o(.data)
    ads1292_recive_flag                      0x2000048b   Data           1  ads1292.o(.data)
    BlockSize                                0x2000048c   Data           4  fdacoefs.o(.data)
    NumBlocks                                0x20000490   Data           4  fdacoefs.o(.data)
    inputF32                                 0x20000494   Data           4  fdacoefs.o(.data)
    outputF32                                0x20000498   Data           4  fdacoefs.o(.data)
    CPU_TS_TmrFreq_Hz                        0x2000049c   Data           4  cpu_core.o(.data)
    OSPrioTbl                                0x200004a0   Data           8  os_prio.o(.data)
    OS_AppTaskCreateHookPtr                  0x200004a8   Data           4  os_var.o(.data)
    OS_AppTaskDelHookPtr                     0x200004ac   Data           4  os_var.o(.data)
    OS_AppTaskReturnHookPtr                  0x200004b0   Data           4  os_var.o(.data)
    OS_AppIdleTaskHookPtr                    0x200004b4   Data           4  os_var.o(.data)
    OS_AppStatTaskHookPtr                    0x200004b8   Data           4  os_var.o(.data)
    OS_AppTaskSwHookPtr                      0x200004bc   Data           4  os_var.o(.data)
    OS_AppTimeTickHookPtr                    0x200004c0   Data           4  os_var.o(.data)
    OSIdleTaskCtr                            0x200004c4   Data           4  os_var.o(.data)
    OSIntNestingCtr                          0x200004c8   Data           1  os_var.o(.data)
    OSRunning                                0x200004c9   Data           1  os_var.o(.data)
    OSIntQInPtr                              0x200004cc   Data           4  os_var.o(.data)
    OSIntQOutPtr                             0x200004d0   Data           4  os_var.o(.data)
    OSIntQNbrEntries                         0x200004d4   Data           2  os_var.o(.data)
    OSIntQNbrEntriesMax                      0x200004d6   Data           2  os_var.o(.data)
    OSIntQOvfCtr                             0x200004d8   Data           2  os_var.o(.data)
    OSIntQTaskTimeMax                        0x200004dc   Data           4  os_var.o(.data)
    OSFlagDbgListPtr                         0x200004e0   Data           4  os_var.o(.data)
    OSFlagQty                                0x200004e4   Data           2  os_var.o(.data)
    OSMemDbgListPtr                          0x200004e8   Data           4  os_var.o(.data)
    OSMemQty                                 0x200004ec   Data           2  os_var.o(.data)
    OSMutexDbgListPtr                        0x200004f0   Data           4  os_var.o(.data)
    OSMutexQty                               0x200004f4   Data           2  os_var.o(.data)
    OSPrioCur                                0x200004f6   Data           1  os_var.o(.data)
    OSPrioHighRdy                            0x200004f7   Data           1  os_var.o(.data)
    OSPrioSaved                              0x200004f8   Data           1  os_var.o(.data)
    OSQDbgListPtr                            0x200004fc   Data           4  os_var.o(.data)
    OSQQty                                   0x20000500   Data           2  os_var.o(.data)
    OSSchedLockTimeBegin                     0x20000504   Data           4  os_var.o(.data)
    OSSchedLockTimeMax                       0x20000508   Data           4  os_var.o(.data)
    OSSchedLockTimeMaxCur                    0x2000050c   Data           4  os_var.o(.data)
    OSSchedLockNestingCtr                    0x20000510   Data           1  os_var.o(.data)
    OSSchedRoundRobinDfltTimeQuanta          0x20000514   Data           4  os_var.o(.data)
    OSSchedRoundRobinEn                      0x20000518   Data           1  os_var.o(.data)
    OSSemDbgListPtr                          0x2000051c   Data           4  os_var.o(.data)
    OSSemQty                                 0x20000520   Data           2  os_var.o(.data)
    OSStatResetFlag                          0x20000522   Data           1  os_var.o(.data)
    OSStatTaskCPUUsage                       0x20000524   Data           2  os_var.o(.data)
    OSStatTaskCPUUsageMax                    0x20000526   Data           2  os_var.o(.data)
    OSStatTaskCtr                            0x20000528   Data           4  os_var.o(.data)
    OSStatTaskCtrMax                         0x2000052c   Data           4  os_var.o(.data)
    OSStatTaskCtrRun                         0x20000530   Data           4  os_var.o(.data)
    OSStatTaskRdy                            0x20000534   Data           1  os_var.o(.data)
    OSStatTaskTimeMax                        0x20000538   Data           4  os_var.o(.data)
    OSTaskCtxSwCtr                           0x2000053c   Data           4  os_var.o(.data)
    OSTaskDbgListPtr                         0x20000540   Data           4  os_var.o(.data)
    OSTaskQty                                0x20000544   Data           2  os_var.o(.data)
    OSTaskRegNextAvailID                     0x20000546   Data           1  os_var.o(.data)
    OSTickCtr                                0x20000548   Data           4  os_var.o(.data)
    OSTickTaskTimeMax                        0x2000054c   Data           4  os_var.o(.data)
    OSTmrDbgListPtr                          0x20000550   Data           4  os_var.o(.data)
    OSTmrQty                                 0x20000554   Data           2  os_var.o(.data)
    OSTmrTaskTimeMax                         0x20000558   Data           4  os_var.o(.data)
    OSTmrTickCtr                             0x2000055c   Data           4  os_var.o(.data)
    OSTmrUpdateCnt                           0x20000560   Data           4  os_var.o(.data)
    OSTmrUpdateCtr                           0x20000564   Data           4  os_var.o(.data)
    OSTCBCurPtr                              0x20000568   Data           4  os_var.o(.data)
    OSTCBHighRdyPtr                          0x2000056c   Data           4  os_var.o(.data)
    OS_CPU_ExceptStkBase                     0x20000570   Data           4  os_cpu_c.o(.data)
    __stdout                                 0x2000058c   Data           4  usart.o(.data)
    USART_RX_STA                             0x20000590   Data           2  usart.o(.data)
    p_Temp                                   0x20000594   Data           8  user.o(.data)
    ADCConvertedValue                        0x2000059c   Data           2  user.o(.data)
    k                                        0x2000059e   Data           2  user.o(.data)
    cannle                                   0x200005a0   Data           8  user.o(.data)
    sum                                      0x200005a8   Data           1  user.o(.data)
    i                                        0x200005a9   Data           1  user.o(.data)
    led_tick                                 0x200005ac   Data           4  user.o(.data)
    key_tick                                 0x200005b0   Data           4  user.o(.data)
    imu_tick                                 0x200005b4   Data           4  user.o(.data)
    ecg_tick                                 0x200005b8   Data           4  user.o(.data)
    server_data_tx_tick                      0x200005bc   Data           4  user.o(.data)
    lmt70_tick                               0x200005c0   Data           4  user.o(.data)
    key_res                                  0x200005c4   Data           1  user.o(.data)
    ecg_sum_temp                             0x200005c8   Data           4  user.o(.data)
    ecg_sum_count                            0x200005cc   Data           4  user.o(.data)
    ecg_avr                                  0x200005d0   Data           4  user.o(.data)
    ecg_fir_res                              0x200005d4   Data           4  user.o(.data)
    ecg_x_value                              0x200005d8   Data           4  user.o(.data)
    ecg_x_ratio                              0x200005dc   Data           1  user.o(.data)
    ecg_count                                0x200005e0   Data           4  user.o(.data)
    heart_rate                               0x200005e4   Data           1  user.o(.data)
    filter_enable                            0x200005e5   Data           1  user.o(.data)
    menu_flag                                0x200005e6   Data           1  user.o(.data)
    StartTaskTCB                             0x200005f0   Data         196  main.o(.bss)
    START_TASK_STK                           0x200006b4   Data        2048  main.o(.bss)
    OledTaskTCB                              0x20000eb4   Data         196  main.o(.bss)
    OLED_TASK_STK                            0x20000f78   Data        4096  main.o(.bss)
    Keyprocess_TaskTCB                       0x20001f78   Data         196  main.o(.bss)
    KEYPROCESS_TASK_STK                      0x2000203c   Data         512  main.o(.bss)
    KEY_Msg                                  0x2000223c   Data          48  main.o(.bss)
    buf                                      0x2000226c   Data          20  main.o(.bss)
    OLED_GRAM                                0x20002280   Data        1024  oled.o(.bss)
    USART2_RX_BUF                            0x20002794   Data         200  hc05.o(.bss)
    ADS1292_REG                              0x2000285c   Data          12  ads1292.o(.bss)
    ads1292_Cache                            0x20002868   Data           9  ads1292.o(.bss)
    str                                      0x20002874   Data          20  fdacoefs.o(.bss)
    S                                        0x20002bac   Data          12  fdacoefs.o(.bss)
    CPU_Name                                 0x20002bb8   Data          16  cpu_core.o(.bss)
    OSCfg_IdleTaskStk                        0x20002bc8   Data         512  os_cfg_app.o(.bss)
    OSCfg_IntQ                               0x20002dc8   Data         320  os_cfg_app.o(.bss)
    OSCfg_IntQTaskStk                        0x20002f08   Data         512  os_cfg_app.o(.bss)
    OSCfg_ISRStk                             0x20003108   Data         512  os_cfg_app.o(.bss)
    OSCfg_MsgPool                            0x20003308   Data        1600  os_cfg_app.o(.bss)
    OSCfg_StatTaskStk                        0x20003948   Data         512  os_cfg_app.o(.bss)
    OSCfg_TickTaskStk                        0x20003b48   Data         512  os_cfg_app.o(.bss)
    OSCfg_TickWheel                          0x20003d48   Data         136  os_cfg_app.o(.bss)
    OSCfg_TmrTaskStk                         0x20003dd0   Data         512  os_cfg_app.o(.bss)
    OSCfg_TmrWheel                           0x20003fd0   Data         136  os_cfg_app.o(.bss)
    OSIdleTaskTCB                            0x20004058   Data         196  os_var.o(.bss)
    OSIntQTaskTCB                            0x2000411c   Data         196  os_var.o(.bss)
    OSMsgPool                                0x200041e0   Data          12  os_var.o(.bss)
    OSRdyList                                0x200041ec   Data         768  os_var.o(.bss)
    OSStatTaskTCB                            0x200044ec   Data         196  os_var.o(.bss)
    OSTickTaskTCB                            0x200045b0   Data         196  os_var.o(.bss)
    OSTmrTaskTCB                             0x20004674   Data         196  os_var.o(.bss)
    USART_RX_BUF                             0x20004738   Data         200  usart.o(.bss)
    user                                     0x20004800   Data          16  user.o(.bss)
    data_to_send                             0x20004810   Data          60  user.o(.bss)
    __libspace_start                         0x2000484c   Data          96  libspace.o(.bss)
    __temporary_stack_top$libspace           0x200048ac   Data           0  libspace.o(.bss)



==============================================================================

Memory Map of the image

  Image Entry point : 0x080000ed

  Load Region LR_IROM1 (Base: 0x08000000, Size: 0x0000f69c, Max: 0x00010000, ABSOLUTE, COMPRESSED[0x0000f218])

    Execution Region ER_IROM1 (Exec base: 0x08000000, Load base: 0x08000000, Size: 0x0000f0b0, Max: 0x00010000, ABSOLUTE)

    Exec Addr    Load Addr    Size         Type   Attr      Idx    E Section Name        Object

    0x08000000   0x08000000   0x000000ec   Data   RO         1611    RESET               startup_stm32f10x_md.o
    0x080000ec   0x080000ec   0x00000008   Code   RO         7246  * !!!main             c_w.l(__main.o)
    0x080000f4   0x080000f4   0x00000034   Code   RO         7622    !!!scatter          c_w.l(__scatter.o)
    0x08000128   0x08000128   0x0000005a   Code   RO         7620    !!dczerorl2         c_w.l(__dczerorl2.o)
    0x08000182   0x08000182   0x00000002   PAD
    0x08000184   0x08000184   0x0000001c   Code   RO         7624    !!handler_zi        c_w.l(__scatter_zi.o)
    0x080001a0   0x080001a0   0x00000000   Code   RO         7235    .ARM.Collect$$_printf_percent$$00000000  c_w.l(_printf_percent.o)
    0x080001a0   0x080001a0   0x00000006   Code   RO         7234    .ARM.Collect$$_printf_percent$$00000003  c_w.l(_printf_f.o)
    0x080001a6   0x080001a6   0x00000006   Code   RO         7233    .ARM.Collect$$_printf_percent$$00000009  c_w.l(_printf_d.o)
    0x080001ac   0x080001ac   0x00000004   Code   RO         7345    .ARM.Collect$$_printf_percent$$00000017  c_w.l(_printf_percent_end.o)
    0x080001b0   0x080001b0   0x00000002   Code   RO         7491    .ARM.Collect$$libinit$$00000000  c_w.l(libinit.o)
    0x080001b2   0x080001b2   0x00000000   Code   RO         7493    .ARM.Collect$$libinit$$00000002  c_w.l(libinit2.o)
    0x080001b2   0x080001b2   0x00000000   Code   RO         7495    .ARM.Collect$$libinit$$00000004  c_w.l(libinit2.o)
    0x080001b2   0x080001b2   0x00000000   Code   RO         7498    .ARM.Collect$$libinit$$0000000A  c_w.l(libinit2.o)
    0x080001b2   0x080001b2   0x00000000   Code   RO         7500    .ARM.Collect$$libinit$$0000000C  c_w.l(libinit2.o)
    0x080001b2   0x080001b2   0x00000000   Code   RO         7502    .ARM.Collect$$libinit$$0000000E  c_w.l(libinit2.o)
    0x080001b2   0x080001b2   0x00000006   Code   RO         7503    .ARM.Collect$$libinit$$0000000F  c_w.l(libinit2.o)
    0x080001b8   0x080001b8   0x00000000   Code   RO         7505    .ARM.Collect$$libinit$$00000011  c_w.l(libinit2.o)
    0x080001b8   0x080001b8   0x00000000   Code   RO         7507    .ARM.Collect$$libinit$$00000013  c_w.l(libinit2.o)
    0x080001b8   0x080001b8   0x00000000   Code   RO         7509    .ARM.Collect$$libinit$$00000015  c_w.l(libinit2.o)
    0x080001b8   0x080001b8   0x0000000a   Code   RO         7510    .ARM.Collect$$libinit$$00000016  c_w.l(libinit2.o)
    0x080001c2   0x080001c2   0x00000000   Code   RO         7511    .ARM.Collect$$libinit$$00000017  c_w.l(libinit2.o)
    0x080001c2   0x080001c2   0x00000000   Code   RO         7513    .ARM.Collect$$libinit$$00000019  c_w.l(libinit2.o)
    0x080001c2   0x080001c2   0x00000000   Code   RO         7515    .ARM.Collect$$libinit$$0000001B  c_w.l(libinit2.o)
    0x080001c2   0x080001c2   0x00000000   Code   RO         7517    .ARM.Collect$$libinit$$0000001D  c_w.l(libinit2.o)
    0x080001c2   0x080001c2   0x00000000   Code   RO         7519    .ARM.Collect$$libinit$$0000001F  c_w.l(libinit2.o)
    0x080001c2   0x080001c2   0x00000000   Code   RO         7521    .ARM.Collect$$libinit$$00000021  c_w.l(libinit2.o)
    0x080001c2   0x080001c2   0x00000000   Code   RO         7523    .ARM.Collect$$libinit$$00000023  c_w.l(libinit2.o)
    0x080001c2   0x080001c2   0x00000000   Code   RO         7525    .ARM.Collect$$libinit$$00000025  c_w.l(libinit2.o)
    0x080001c2   0x080001c2   0x00000000   Code   RO         7529    .ARM.Collect$$libinit$$0000002C  c_w.l(libinit2.o)
    0x080001c2   0x080001c2   0x00000000   Code   RO         7531    .ARM.Collect$$libinit$$0000002E  c_w.l(libinit2.o)
    0x080001c2   0x080001c2   0x00000000   Code   RO         7533    .ARM.Collect$$libinit$$00000030  c_w.l(libinit2.o)
    0x080001c2   0x080001c2   0x00000000   Code   RO         7535    .ARM.Collect$$libinit$$00000032  c_w.l(libinit2.o)
    0x080001c2   0x080001c2   0x00000002   Code   RO         7536    .ARM.Collect$$libinit$$00000033  c_w.l(libinit2.o)
    0x080001c4   0x080001c4   0x00000002   Code   RO         7582    .ARM.Collect$$libshutdown$$00000000  c_w.l(libshutdown.o)
    0x080001c6   0x080001c6   0x00000000   Code   RO         7601    .ARM.Collect$$libshutdown$$00000002  c_w.l(libshutdown2.o)
    0x080001c6   0x080001c6   0x00000000   Code   RO         7603    .ARM.Collect$$libshutdown$$00000004  c_w.l(libshutdown2.o)
    0x080001c6   0x080001c6   0x00000000   Code   RO         7605    .ARM.Collect$$libshutdown$$00000006  c_w.l(libshutdown2.o)
    0x080001c6   0x080001c6   0x00000000   Code   RO         7608    .ARM.Collect$$libshutdown$$00000009  c_w.l(libshutdown2.o)
    0x080001c6   0x080001c6   0x00000000   Code   RO         7611    .ARM.Collect$$libshutdown$$0000000C  c_w.l(libshutdown2.o)
    0x080001c6   0x080001c6   0x00000000   Code   RO         7613    .ARM.Collect$$libshutdown$$0000000E  c_w.l(libshutdown2.o)
    0x080001c6   0x080001c6   0x00000000   Code   RO         7616    .ARM.Collect$$libshutdown$$00000011  c_w.l(libshutdown2.o)
    0x080001c6   0x080001c6   0x00000002   Code   RO         7617    .ARM.Collect$$libshutdown$$00000012  c_w.l(libshutdown2.o)
    0x080001c8   0x080001c8   0x00000000   Code   RO         7328    .ARM.Collect$$rtentry$$00000000  c_w.l(__rtentry.o)
    0x080001c8   0x080001c8   0x00000000   Code   RO         7401    .ARM.Collect$$rtentry$$00000002  c_w.l(__rtentry2.o)
    0x080001c8   0x080001c8   0x00000006   Code   RO         7413    .ARM.Collect$$rtentry$$00000004  c_w.l(__rtentry4.o)
    0x080001ce   0x080001ce   0x00000000   Code   RO         7403    .ARM.Collect$$rtentry$$00000009  c_w.l(__rtentry2.o)
    0x080001ce   0x080001ce   0x00000004   Code   RO         7404    .ARM.Collect$$rtentry$$0000000A  c_w.l(__rtentry2.o)
    0x080001d2   0x080001d2   0x00000000   Code   RO         7406    .ARM.Collect$$rtentry$$0000000C  c_w.l(__rtentry2.o)
    0x080001d2   0x080001d2   0x00000008   Code   RO         7407    .ARM.Collect$$rtentry$$0000000D  c_w.l(__rtentry2.o)
    0x080001da   0x080001da   0x00000002   Code   RO         7539    .ARM.Collect$$rtexit$$00000000  c_w.l(rtexit.o)
    0x080001dc   0x080001dc   0x00000000   Code   RO         7554    .ARM.Collect$$rtexit$$00000002  c_w.l(rtexit2.o)
    0x080001dc   0x080001dc   0x00000004   Code   RO         7555    .ARM.Collect$$rtexit$$00000003  c_w.l(rtexit2.o)
    0x080001e0   0x080001e0   0x00000006   Code   RO         7556    .ARM.Collect$$rtexit$$00000004  c_w.l(rtexit2.o)
    0x080001e6   0x080001e6   0x00000002   PAD
    0x080001e8   0x080001e8   0x00000040   Code   RO         1612    .text               startup_stm32f10x_md.o
    0x08000228   0x08000228   0x00000034   Code   RO         1661    .text               cpu_a.o
    0x0800025c   0x0800025c   0x000008e2   Code   RO         7099    .text               arm_cortexM3l_math.lib(arm_fir_f32.o)
    0x08000b3e   0x08000b3e   0x0000001c   Code   RO         7148    .text               arm_cortexM3l_math.lib(arm_fir_init_f32.o)
    0x08000b5a   0x08000b5a   0x00000002   Code   RO         7171    .text               c_w.l(use_no_semi_2.o)
    0x08000b5c   0x08000b5c   0x000000ee   Code   RO         7173    .text               c_w.l(lludivv7m.o)
    0x08000c4a   0x08000c4a   0x00000048   Code   RO         7175    .text               c_w.l(llsdiv.o)
    0x08000c92   0x08000c92   0x00000002   PAD
    0x08000c94   0x08000c94   0x00000018   Code   RO         7181    .text               c_w.l(noretval__2printf.o)
    0x08000cac   0x08000cac   0x00000028   Code   RO         7183    .text               c_w.l(noretval__2sprintf.o)
    0x08000cd4   0x08000cd4   0x00000078   Code   RO         7189    .text               c_w.l(_printf_dec.o)
    0x08000d4c   0x08000d4c   0x00000188   Code   RO         7229    .text               c_w.l(__printf_flags_ss_wp.o)
    0x08000ed4   0x08000ed4   0x00000058   Code   RO         7236    .text               c_w.l(memcmp.o)
    0x08000f2c   0x08000f2c   0x00000010   Code   RO         7238    .text               c_w.l(aeabi_memset.o)
    0x08000f3c   0x08000f3c   0x0000004e   Code   RO         7240    .text               c_w.l(rt_memclr_w.o)
    0x08000f8a   0x08000f8a   0x00000002   PAD
    0x08000f8c   0x08000f8c   0x00000080   Code   RO         7242    .text               c_w.l(strcmpv7m.o)
    0x0800100c   0x0800100c   0x00000006   Code   RO         7244    .text               c_w.l(heapauxi.o)
    0x08001012   0x08001012   0x00000002   Code   RO         7326    .text               c_w.l(use_no_semi.o)
    0x08001014   0x08001014   0x000000b2   Code   RO         7335    .text               c_w.l(_printf_intcommon.o)
    0x080010c6   0x080010c6   0x0000041e   Code   RO         7337    .text               c_w.l(_printf_fp_dec.o)
    0x080014e4   0x080014e4   0x00000030   Code   RO         7339    .text               c_w.l(_printf_char_common.o)
    0x08001514   0x08001514   0x0000000a   Code   RO         7341    .text               c_w.l(_sputc.o)
    0x0800151e   0x0800151e   0x00000002   PAD
    0x08001520   0x08001520   0x00000024   Code   RO         7343    .text               c_w.l(_printf_char_file.o)
    0x08001544   0x08001544   0x00000044   Code   RO         7346    .text               c_w.l(rt_memclr.o)
    0x08001588   0x08001588   0x00000008   Code   RO         7420    .text               c_w.l(rt_locale_intlibspace.o)
    0x08001590   0x08001590   0x0000008a   Code   RO         7427    .text               c_w.l(lludiv10.o)
    0x0800161a   0x0800161a   0x00000002   PAD
    0x0800161c   0x0800161c   0x00000080   Code   RO         7429    .text               c_w.l(_printf_fp_infnan.o)
    0x0800169c   0x0800169c   0x000000e4   Code   RO         7433    .text               c_w.l(bigflt0.o)
    0x08001780   0x08001780   0x00000008   Code   RO         7458    .text               c_w.l(ferror.o)
    0x08001788   0x08001788   0x00000008   Code   RO         7475    .text               c_w.l(libspace.o)
    0x08001790   0x08001790   0x0000004a   Code   RO         7478    .text               c_w.l(sys_stackheap_outer.o)
    0x080017da   0x080017da   0x00000012   Code   RO         7480    .text               c_w.l(exit.o)
    0x080017ec   0x080017ec   0x0000003e   Code   RO         7436    CL$$btod_d2e        c_w.l(btod.o)
    0x0800182a   0x0800182a   0x00000046   Code   RO         7438    CL$$btod_d2e_denorm_low  c_w.l(btod.o)
    0x08001870   0x08001870   0x00000060   Code   RO         7437    CL$$btod_d2e_norm_op1  c_w.l(btod.o)
    0x080018d0   0x080018d0   0x00000338   Code   RO         7446    CL$$btod_div_common  c_w.l(btod.o)
    0x08001c08   0x08001c08   0x000000dc   Code   RO         7443    CL$$btod_e2e        c_w.l(btod.o)
    0x08001ce4   0x08001ce4   0x0000002a   Code   RO         7440    CL$$btod_ediv       c_w.l(btod.o)
    0x08001d0e   0x08001d0e   0x0000002a   Code   RO         7439    CL$$btod_emul       c_w.l(btod.o)
    0x08001d38   0x08001d38   0x00000244   Code   RO         7445    CL$$btod_mult_common  c_w.l(btod.o)
    0x08001f7c   0x08001f7c   0x00000098   Code   RO         3447    CODE                os_cpu_a.o
    0x08002014   0x08002014   0x00000016   Code   RO         3576    i.ADC_Cmd           stm32f10x_adc.o
    0x0800202a   0x0800202a   0x00000002   PAD
    0x0800202c   0x0800202c   0x0000005c   Code   RO         3578    i.ADC_DeInit        stm32f10x_adc.o
    0x08002088   0x08002088   0x00000014   Code   RO         3584    i.ADC_GetCalibrationStatus  stm32f10x_adc.o
    0x0800209c   0x0800209c   0x00000008   Code   RO         3585    i.ADC_GetConversionValue  stm32f10x_adc.o
    0x080020a4   0x080020a4   0x00000012   Code   RO         3587    i.ADC_GetFlagStatus  stm32f10x_adc.o
    0x080020b6   0x080020b6   0x00000014   Code   RO         3590    i.ADC_GetResetCalibrationStatus  stm32f10x_adc.o
    0x080020ca   0x080020ca   0x00000002   PAD
    0x080020cc   0x080020cc   0x00000050   Code   RO         3594    i.ADC_Init          stm32f10x_adc.o
    0x0800211c   0x0800211c   0x000000b8   Code   RO         3598    i.ADC_RegularChannelConfig  stm32f10x_adc.o
    0x080021d4   0x080021d4   0x0000000a   Code   RO         3599    i.ADC_ResetCalibration  stm32f10x_adc.o
    0x080021de   0x080021de   0x00000016   Code   RO         3601    i.ADC_SoftwareStartConvCmd  stm32f10x_adc.o
    0x080021f4   0x080021f4   0x0000000a   Code   RO         3603    i.ADC_StartCalibration  stm32f10x_adc.o
    0x080021fe   0x080021fe   0x00000002   PAD
    0x08002200   0x08002200   0x000000f0   Code   RO         1349    i.ADS1292_Init      ads1292.o
    0x080022f0   0x080022f0   0x00000034   Code   RO         1350    i.ADS1292_Noise_Test  ads1292.o
    0x08002324   0x08002324   0x00000028   Code   RO         1351    i.ADS1292_PowerOnInit  ads1292.o
    0x0800234c   0x0800234c   0x00000030   Code   RO         1352    i.ADS1292_Read_Data  ads1292.o
    0x0800237c   0x0800237c   0x00000264   Code   RO         1353    i.ADS1292_SET_REGBUFF  ads1292.o
    0x080025e0   0x080025e0   0x0000000c   Code   RO         1354    i.ADS1292_SPI       ads1292.o
    0x080025ec   0x080025ec   0x00000030   Code   RO         1355    i.ADS1292_Send_CMD  ads1292.o
    0x0800261c   0x0800261c   0x00000030   Code   RO         1356    i.ADS1292_Single_Read  ads1292.o
    0x0800264c   0x0800264c   0x00000034   Code   RO         1357    i.ADS1292_Single_Test  ads1292.o
    0x08002680   0x08002680   0x0000005c   Code   RO         1358    i.ADS1292_WRITE_REGBUFF  ads1292.o
    0x080026dc   0x080026dc   0x0000007c   Code   RO         1359    i.ADS1292_WR_REGS   ads1292.o
    0x08002758   0x08002758   0x0000008c   Code   RO         1216    i.Adc_Init          adc.o
    0x080027e4   0x080027e4   0x0000023c   Code   RO         6989    i.Applicaton        user.o
    0x08002a20   0x08002a20   0x00000038   Code   RO          361    i.BEEP_Init         beep.o
    0x08002a58   0x08002a58   0x00000010   Code   RO         1619    i.BSP_CPU_ClkFreq   bsp.o
    0x08002a68   0x08002a68   0x00000004   Code   RO          252    i.BusFault_Handler  stm32f10x_it.o
    0x08002a6c   0x08002a6c   0x0000000c   Code   RO         1720    i.CPU_Init          cpu_core.o
    0x08002a78   0x08002a78   0x00000030   Code   RO         1721    i.CPU_NameClr       cpu_core.o
    0x08002aa8   0x08002aa8   0x00000008   Code   RO         1723    i.CPU_NameInit      cpu_core.o
    0x08002ab0   0x08002ab0   0x00000014   Code   RO         1727    i.CPU_TS_Init       cpu_core.o
    0x08002ac4   0x08002ac4   0x0000000c   Code   RO         1729    i.CPU_TS_TmrFreqSet  cpu_core.o
    0x08002ad0   0x08002ad0   0x00000034   Code   RO         1621    i.CPU_TS_TmrInit    bsp.o
    0x08002b04   0x08002b04   0x0000000c   Code   RO         1622    i.CPU_TS_TmrRd      bsp.o
    0x08002b10   0x08002b10   0x00000028   Code   RO         6990    i.Change_Mode       user.o
    0x08002b38   0x08002b38   0x00000002   Code   RO          253    i.DebugMon_Handler  stm32f10x_it.o
    0x08002b3a   0x08002b3a   0x0000002c   Code   RO         6991    i.Dirver_Init       user.o
    0x08002b66   0x08002b66   0x00000002   PAD
    0x08002b68   0x08002b68   0x00000038   Code   RO         1360    i.EXTI9_5_IRQHandler  ads1292.o
    0x08002ba0   0x08002ba0   0x0000000c   Code   RO         4446    i.EXTI_ClearITPendingBit  stm32f10x_exti.o
    0x08002bac   0x08002bac   0x00000094   Code   RO         4451    i.EXTI_Init         stm32f10x_exti.o
    0x08002c40   0x08002c40   0x00000040   Code   RO         4835    i.GPIO_EXTILineConfig  stm32f10x_gpio.o
    0x08002c80   0x08002c80   0x00000116   Code   RO         4838    i.GPIO_Init         stm32f10x_gpio.o
    0x08002d96   0x08002d96   0x00000004   Code   RO         4845    i.GPIO_ResetBits    stm32f10x_gpio.o
    0x08002d9a   0x08002d9a   0x00000004   Code   RO         4846    i.GPIO_SetBits      stm32f10x_gpio.o
    0x08002d9e   0x08002d9e   0x00000002   PAD
    0x08002da0   0x08002da0   0x00000034   Code   RO         1217    i.Get_Adc           adc.o
    0x08002dd4   0x08002dd4   0x00000026   Code   RO         1218    i.Get_Adc_Average   adc.o
    0x08002dfa   0x08002dfa   0x0000004a   Code   RO         1219    i.Get_Adc_Middle    adc.o
    0x08002e44   0x08002e44   0x000000a4   Code   RO         1306    i.HC05_Init         hc05.o
    0x08002ee8   0x08002ee8   0x00000030   Code   RO         1307    i.HC05_Send_Data    hc05.o
    0x08002f18   0x08002f18   0x00000004   Code   RO          254    i.HardFault_Handler  stm32f10x_it.o
    0x08002f1c   0x08002f1c   0x00000028   Code   RO         1258    i.KEY_Init          key.o
    0x08002f44   0x08002f44   0x00000034   Code   RO            4    i.Keyprocess_task   main.o
    0x08002f78   0x08002f78   0x00000038   Code   RO          385    i.LED_Init          led.o
    0x08002fb0   0x08002fb0   0x0000003e   Code   RO          557    i.MPU6050_Init      mpu6050.o
    0x08002fee   0x08002fee   0x0000003c   Code   RO          559    i.MPU6050_Write_Reg  mpu6050.o
    0x0800302a   0x0800302a   0x00000002   PAD
    0x0800302c   0x0800302c   0x00000034   Code   RO         1150    i.MPU_I2C_Init      iic.o
    0x08003060   0x08003060   0x00000074   Code   RO         1151    i.MPU_I2C_Read_ACK  iic.o
    0x080030d4   0x080030d4   0x00000078   Code   RO         1152    i.MPU_I2C_Read_Byte  iic.o
    0x0800314c   0x0800314c   0x0000004c   Code   RO         1153    i.MPU_I2C_Start     iic.o
    0x08003198   0x08003198   0x00000044   Code   RO         1154    i.MPU_I2C_Stop      iic.o
    0x080031dc   0x080031dc   0x00000058   Code   RO         1155    i.MPU_I2C_Write_ACK  iic.o
    0x08003234   0x08003234   0x0000006c   Code   RO         1156    i.MPU_I2C_Write_Byte  iic.o
    0x080032a0   0x080032a0   0x0000007c   Code   RO          560    i.MPU_Read_Len      mpu6050.o
    0x0800331c   0x0800331c   0x00000034   Code   RO          561    i.MPU_Step_Count    mpu6050.o
    0x08003350   0x08003350   0x00000060   Code   RO          562    i.MPU_Write_Len     mpu6050.o
    0x080033b0   0x080033b0   0x00000004   Code   RO          255    i.MemManage_Handler  stm32f10x_it.o
    0x080033b4   0x080033b4   0x00000012   Code   RO         1985    i.Mem_Clr           lib_mem.o
    0x080033c6   0x080033c6   0x00000054   Code   RO         2001    i.Mem_Set           lib_mem.o
    0x0800341a   0x0800341a   0x00000002   Code   RO          256    i.NMI_Handler       stm32f10x_it.o
    0x0800341c   0x0800341c   0x00000070   Code   RO         3522    i.NVIC_Init         misc.o
    0x0800348c   0x0800348c   0x00000014   Code   RO         3523    i.NVIC_PriorityGroupConfig  misc.o
    0x080034a0   0x080034a0   0x0000004c   Code   RO          409    i.OLED_Clear        oled.o
    0x080034ec   0x080034ec   0x00000038   Code   RO          410    i.OLED_ClearPoint   oled.o
    0x08003524   0x08003524   0x00000092   Code   RO          415    i.OLED_DrawLine     oled.o
    0x080035b6   0x080035b6   0x00000002   PAD
    0x080035b8   0x080035b8   0x00000038   Code   RO          416    i.OLED_DrawPoint    oled.o
    0x080035f0   0x080035f0   0x00000148   Code   RO          418    i.OLED_Init         oled.o
    0x08003738   0x08003738   0x0000004c   Code   RO          419    i.OLED_Refresh      oled.o
    0x08003784   0x08003784   0x0000002c   Code   RO          420    i.OLED_Reset        oled.o
    0x080037b0   0x080037b0   0x000000fc   Code   RO          421    i.OLED_ShowChar     oled.o
    0x080038ac   0x080038ac   0x0000006a   Code   RO          424    i.OLED_ShowPicture  oled.o
    0x08003916   0x08003916   0x00000066   Code   RO          425    i.OLED_ShowString   oled.o
    0x0800397c   0x0800397c   0x0000008c   Code   RO          426    i.OLED_ShowTimesFunction  oled.o
    0x08003a08   0x08003a08   0x0000005c   Code   RO          427    i.OLED_WR_Byte      oled.o
    0x08003a64   0x08003a64   0x000000fc   Code   RO         2254    i.OSCfg_Init        os_cfg_app.o
    0x08003b60   0x08003b60   0x00000014   Code   RO         3369    i.OSIdleTaskHook    os_cpu_c.o
    0x08003b74   0x08003b74   0x0000018c   Code   RO         2277    i.OSInit            os_core.o
    0x08003d00   0x08003d00   0x00000038   Code   RO         3370    i.OSInitHook        os_cpu_c.o
    0x08003d38   0x08003d38   0x0000002c   Code   RO         2278    i.OSIntEnter        os_core.o
    0x08003d64   0x08003d64   0x000000e4   Code   RO         2279    i.OSIntExit         os_core.o
    0x08003e48   0x08003e48   0x000000cc   Code   RO         2833    i.OSQCreate         os_q.o
    0x08003f14   0x08003f14   0x00000208   Code   RO         2836    i.OSQPend           os_q.o
    0x0800411c   0x0800411c   0x000000b8   Code   RO         2838    i.OSQPost           os_q.o
    0x080041d4   0x080041d4   0x000000a8   Code   RO         2280    i.OSSched           os_core.o
    0x0800427c   0x0800427c   0x00000074   Code   RO         2281    i.OSSchedLock       os_core.o
    0x080042f0   0x080042f0   0x00000064   Code   RO         2282    i.OSSchedRoundRobinCfg  os_core.o
    0x08004354   0x08004354   0x00000094   Code   RO         2284    i.OSSchedUnlock     os_core.o
    0x080043e8   0x080043e8   0x00000068   Code   RO         2285    i.OSStart           os_core.o
    0x08004450   0x08004450   0x00000138   Code   RO         2977    i.OSStatReset       os_stat.o
    0x08004588   0x08004588   0x000000f0   Code   RO         2978    i.OSStatTaskCPUUsageInit  os_stat.o
    0x08004678   0x08004678   0x00000014   Code   RO         3371    i.OSStatTaskHook    os_cpu_c.o
    0x0800468c   0x0800468c   0x0000025c   Code   RO         3008    i.OSTaskCreate      os_task.o
    0x080048e8   0x080048e8   0x00000018   Code   RO         3372    i.OSTaskCreateHook  os_cpu_c.o
    0x08004900   0x08004900   0x000001c4   Code   RO         3009    i.OSTaskDel         os_task.o
    0x08004ac4   0x08004ac4   0x00000018   Code   RO         3373    i.OSTaskDelHook     os_cpu_c.o
    0x08004adc   0x08004adc   0x0000007c   Code   RO         3017    i.OSTaskResume      os_task.o
    0x08004b58   0x08004b58   0x00000018   Code   RO         3374    i.OSTaskReturnHook  os_cpu_c.o
    0x08004b70   0x08004b70   0x00000214   Code   RO         3018    i.OSTaskSemPend     os_task.o
    0x08004d84   0x08004d84   0x000000d4   Code   RO         3022    i.OSTaskStkChk      os_task.o
    0x08004e58   0x08004e58   0x000000c0   Code   RO         3375    i.OSTaskStkInit     os_cpu_c.o
    0x08004f18   0x08004f18   0x00000060   Code   RO         3023    i.OSTaskSuspend     os_task.o
    0x08004f78   0x08004f78   0x00000088   Code   RO         3376    i.OSTaskSwHook      os_cpu_c.o
    0x08005000   0x08005000   0x00000118   Code   RO         3223    i.OSTimeDly         os_time.o
    0x08005118   0x08005118   0x000001f0   Code   RO         3224    i.OSTimeDlyHMSM     os_time.o
    0x08005308   0x08005308   0x00000044   Code   RO         3228    i.OSTimeTick        os_time.o
    0x0800534c   0x0800534c   0x00000014   Code   RO         3377    i.OSTimeTickHook    os_cpu_c.o
    0x08005360   0x08005360   0x000001b0   Code   RO         2523    i.OS_Dbg_Init       os_dbg.o
    0x08005510   0x08005510   0x00000018   Code   RO         2548    i.OS_FlagInit       os_flag.o
    0x08005528   0x08005528   0x00000230   Code   RO         2549    i.OS_FlagPost       os_flag.o
    0x08005758   0x08005758   0x00000056   Code   RO         2550    i.OS_FlagTaskRdy    os_flag.o
    0x080057ae   0x080057ae   0x00000002   PAD
    0x080057b0   0x080057b0   0x00000044   Code   RO         2287    i.OS_IdleTask       os_core.o
    0x080057f4   0x080057f4   0x00000070   Code   RO         2288    i.OS_IdleTaskInit   os_core.o
    0x08005864   0x08005864   0x000000fc   Code   RO         2622    i.OS_IntQPost       os_int.o
    0x08005960   0x08005960   0x000001a4   Code   RO         2623    i.OS_IntQRePost     os_int.o
    0x08005b04   0x08005b04   0x000000b4   Code   RO         2624    i.OS_IntQTask       os_int.o
    0x08005bb8   0x08005bb8   0x00000128   Code   RO         2625    i.OS_IntQTaskInit   os_int.o
    0x08005ce0   0x08005ce0   0x00000018   Code   RO         2656    i.OS_MemInit        os_mem.o
    0x08005cf8   0x08005cf8   0x00000036   Code   RO         2688    i.OS_MsgPoolCreate  os_msg.o
    0x08005d2e   0x08005d2e   0x00000002   PAD
    0x08005d30   0x08005d30   0x00000054   Code   RO         2689    i.OS_MsgPoolInit    os_msg.o
    0x08005d84   0x08005d84   0x00000044   Code   RO         2690    i.OS_MsgQFreeAll    os_msg.o
    0x08005dc8   0x08005dc8   0x00000068   Code   RO         2691    i.OS_MsgQGet        os_msg.o
    0x08005e30   0x08005e30   0x0000000e   Code   RO         2692    i.OS_MsgQInit       os_msg.o
    0x08005e3e   0x08005e3e   0x00000002   PAD
    0x08005e40   0x08005e40   0x000000fc   Code   RO         2693    i.OS_MsgQPut        os_msg.o
    0x08005f3c   0x08005f3c   0x00000018   Code   RO         2738    i.OS_MutexInit      os_mutex.o
    0x08005f54   0x08005f54   0x00000068   Code   RO         2289    i.OS_Pend           os_core.o
    0x08005fbc   0x08005fbc   0x00000026   Code   RO         2292    i.OS_PendDataInit   os_core.o
    0x08005fe2   0x08005fe2   0x00000002   PAD
    0x08005fe4   0x08005fe4   0x0000005c   Code   RO         2293    i.OS_PendDbgNameAdd  os_core.o
    0x08006040   0x08006040   0x00000024   Code   RO         2294    i.OS_PendDbgNameRemove  os_core.o
    0x08006064   0x08006064   0x0000000a   Code   RO         2296    i.OS_PendListInit   os_core.o
    0x0800606e   0x0800606e   0x00000066   Code   RO         2298    i.OS_PendListInsertPrio  os_core.o
    0x080060d4   0x080060d4   0x00000030   Code   RO         2299    i.OS_PendListRemove  os_core.o
    0x08006104   0x08006104   0x00000042   Code   RO         2300    i.OS_PendListRemove1  os_core.o
    0x08006146   0x08006146   0x000000c0   Code   RO         2303    i.OS_Post           os_core.o
    0x08006206   0x08006206   0x0000002a   Code   RO         2304    i.OS_Post1          os_core.o
    0x08006230   0x08006230   0x00000028   Code   RO         2796    i.OS_PrioGetHighest  os_prio.o
    0x08006258   0x08006258   0x00000018   Code   RO         2797    i.OS_PrioInit       os_prio.o
    0x08006270   0x08006270   0x00000024   Code   RO         2798    i.OS_PrioInsert     os_prio.o
    0x08006294   0x08006294   0x00000024   Code   RO         2799    i.OS_PrioRemove     os_prio.o
    0x080062b8   0x080062b8   0x00000030   Code   RO         2840    i.OS_QDbgListAdd    os_q.o
    0x080062e8   0x080062e8   0x00000018   Code   RO         2842    i.OS_QInit          os_q.o
    0x08006300   0x08006300   0x0000014c   Code   RO         2843    i.OS_QPost          os_q.o
    0x0800644c   0x0800644c   0x00000024   Code   RO         2305    i.OS_RdyListInit    os_core.o
    0x08006470   0x08006470   0x0000002c   Code   RO         2306    i.OS_RdyListInsert  os_core.o
    0x0800649c   0x0800649c   0x00000040   Code   RO         2307    i.OS_RdyListInsertHead  os_core.o
    0x080064dc   0x080064dc   0x0000003c   Code   RO         2308    i.OS_RdyListInsertTail  os_core.o
    0x08006518   0x08006518   0x00000044   Code   RO         2309    i.OS_RdyListMoveHeadToTail  os_core.o
    0x0800655c   0x0800655c   0x0000005c   Code   RO         2310    i.OS_RdyListRemove  os_core.o
    0x080065b8   0x080065b8   0x0000005c   Code   RO         2311    i.OS_Sched0         os_core.o
    0x08006614   0x08006614   0x0000001c   Code   RO         2312    i.OS_SchedLockTimeMeasStart  os_core.o
    0x08006630   0x08006630   0x0000003c   Code   RO         2313    i.OS_SchedLockTimeMeasStop  os_core.o
    0x0800666c   0x0800666c   0x000000d0   Code   RO         2314    i.OS_SchedRoundRobin  os_core.o
    0x0800673c   0x0800673c   0x00000018   Code   RO         2914    i.OS_SemInit        os_sem.o
    0x08006754   0x08006754   0x00000164   Code   RO         2915    i.OS_SemPost        os_sem.o
    0x080068b8   0x080068b8   0x0000035c   Code   RO         2979    i.OS_StatTask       os_stat.o
    0x08006c14   0x08006c14   0x000000cc   Code   RO         2980    i.OS_StatTaskInit   os_stat.o
    0x08006ce0   0x08006ce0   0x00000038   Code   RO         2315    i.OS_TaskBlock      os_core.o
    0x08006d18   0x08006d18   0x00000030   Code   RO         3025    i.OS_TaskDbgListAdd  os_task.o
    0x08006d48   0x08006d48   0x00000044   Code   RO         3026    i.OS_TaskDbgListRemove  os_task.o
    0x08006d8c   0x08006d8c   0x00000020   Code   RO         3027    i.OS_TaskInit       os_task.o
    0x08006dac   0x08006dac   0x000000c8   Code   RO         3028    i.OS_TaskInitTCB    os_task.o
    0x08006e74   0x08006e74   0x0000020c   Code   RO         3029    i.OS_TaskQPost      os_task.o
    0x08007080   0x08007080   0x0000001c   Code   RO         2316    i.OS_TaskRdy        os_core.o
    0x0800709c   0x0800709c   0x00000140   Code   RO         3030    i.OS_TaskResume     os_task.o
    0x080071dc   0x080071dc   0x00000018   Code   RO         3031    i.OS_TaskReturn     os_task.o
    0x080071f4   0x080071f4   0x000004c4   Code   RO         3032    i.OS_TaskSemPost    os_task.o
    0x080076b8   0x080076b8   0x00000150   Code   RO         3033    i.OS_TaskSuspend    os_task.o
    0x08007808   0x08007808   0x00000028   Code   RO         3175    i.OS_TickListInit   os_tick.o
    0x08007830   0x08007830   0x000001bc   Code   RO         3176    i.OS_TickListInsert  os_tick.o
    0x080079ec   0x080079ec   0x00000038   Code   RO         3177    i.OS_TickListRemove  os_tick.o
    0x08007a24   0x08007a24   0x00000024   Code   RO         3178    i.OS_TickListResetPeak  os_tick.o
    0x08007a48   0x08007a48   0x000001f8   Code   RO         3179    i.OS_TickListUpdate  os_tick.o
    0x08007c40   0x08007c40   0x0000002c   Code   RO         3180    i.OS_TickTask       os_tick.o
    0x08007c6c   0x08007c6c   0x000000b8   Code   RO         3181    i.OS_TickTaskInit   os_tick.o
    0x08007d24   0x08007d24   0x00000128   Code   RO         3274    i.OS_TmrInit        os_tmr.o
    0x08007e4c   0x08007e4c   0x000000d0   Code   RO         3275    i.OS_TmrLink        os_tmr.o
    0x08007f1c   0x08007f1c   0x00000024   Code   RO         3276    i.OS_TmrResetPeak   os_tmr.o
    0x08007f40   0x08007f40   0x000000c0   Code   RO         3277    i.OS_TmrTask        os_tmr.o
    0x08008000   0x08008000   0x00000050   Code   RO         3278    i.OS_TmrUnlink      os_tmr.o
    0x08008050   0x08008050   0x00000018   Code   RO         5309    i.RCC_ADCCLKConfig  stm32f10x_rcc.o
    0x08008068   0x08008068   0x00000020   Code   RO         5311    i.RCC_APB1PeriphClockCmd  stm32f10x_rcc.o
    0x08008088   0x08008088   0x00000020   Code   RO         5312    i.RCC_APB1PeriphResetCmd  stm32f10x_rcc.o
    0x080080a8   0x080080a8   0x00000020   Code   RO         5313    i.RCC_APB2PeriphClockCmd  stm32f10x_rcc.o
    0x080080c8   0x080080c8   0x00000020   Code   RO         5314    i.RCC_APB2PeriphResetCmd  stm32f10x_rcc.o
    0x080080e8   0x080080e8   0x000000d4   Code   RO         5321    i.RCC_GetClocksFreq  stm32f10x_rcc.o
    0x080081bc   0x080081bc   0x00000080   Code   RO         1459    i.SPI2_Init         spi.o
    0x0800823c   0x0800823c   0x00000054   Code   RO         1460    i.SPI2_ReadWriteByte  spi.o
    0x08008290   0x08008290   0x00000018   Code   RO         5832    i.SPI_Cmd           stm32f10x_spi.o
    0x080082a8   0x080082a8   0x00000012   Code   RO         5840    i.SPI_I2S_GetFlagStatus  stm32f10x_spi.o
    0x080082ba   0x080082ba   0x00000006   Code   RO         5843    i.SPI_I2S_ReceiveData  stm32f10x_spi.o
    0x080082c0   0x080082c0   0x00000004   Code   RO         5844    i.SPI_I2S_SendData  stm32f10x_spi.o
    0x080082c4   0x080082c4   0x0000003c   Code   RO         5845    i.SPI_Init          stm32f10x_spi.o
    0x08008300   0x08008300   0x00000002   Code   RO          257    i.SVC_Handler       stm32f10x_it.o
    0x08008302   0x08008302   0x00000002   PAD
    0x08008304   0x08008304   0x00000094   Code   RO         6992    i.Scan_Key          user.o
    0x08008398   0x08008398   0x00000008   Code   RO          315    i.SetSysClock       system_stm32f10x.o
    0x080083a0   0x080083a0   0x000000e0   Code   RO          316    i.SetSysClockTo72   system_stm32f10x.o
    0x08008480   0x08008480   0x00000052   Code   RO         1361    i.Set_ADS1292_Collect  ads1292.o
    0x080084d2   0x080084d2   0x00000002   PAD
    0x080084d4   0x080084d4   0x000000a4   Code   RO         6993    i.Show_ADS1292_Init  user.o
    0x08008578   0x08008578   0x000000a0   Code   RO         6994    i.Show_HC05_Init    user.o
    0x08008618   0x08008618   0x000000fc   Code   RO         6995    i.Show_LMT70_Init   user.o
    0x08008714   0x08008714   0x00000030   Code   RO         6996    i.Show_Logo         user.o
    0x08008744   0x08008744   0x00000060   Code   RO         6997    i.Show_MPU6050_Init  user.o
    0x080087a4   0x080087a4   0x00000048   Code   RO         6998    i.Show_Menu         user.o
    0x080087ec   0x080087ec   0x00000068   Code   RO         6999    i.Show_Step         user.o
    0x08008854   0x08008854   0x000000c4   Code   RO         7000    i.Show_Temputre     user.o
    0x08008918   0x08008918   0x00000014   Code   RO         7001    i.Software_Init     user.o
    0x0800892c   0x0800892c   0x0000004c   Code   RO         6965    i.Sort              mymath.o
    0x08008978   0x08008978   0x00000028   Code   RO         3526    i.SysTick_CLKSourceConfig  misc.o
    0x080089a0   0x080089a0   0x0000001c   Code   RO         6804    i.SysTick_Handler   delay.o
    0x080089bc   0x080089bc   0x00000060   Code   RO          318    i.SystemInit        system_stm32f10x.o
    0x08008a1c   0x08008a1c   0x00000090   Code   RO         6912    i.USART1_IRQHandler  usart.o
    0x08008aac   0x08008aac   0x00000090   Code   RO         1308    i.USART2_IRQHandler  hc05.o
    0x08008b3c   0x08008b3c   0x00000018   Code   RO         6547    i.USART_Cmd         stm32f10x_usart.o
    0x08008b54   0x08008b54   0x0000009c   Code   RO         6549    i.USART_DeInit      stm32f10x_usart.o
    0x08008bf0   0x08008bf0   0x0000001a   Code   RO         6550    i.USART_GetFlagStatus  stm32f10x_usart.o
    0x08008c0a   0x08008c0a   0x00000054   Code   RO         6551    i.USART_GetITStatus  stm32f10x_usart.o
    0x08008c5e   0x08008c5e   0x0000004a   Code   RO         6553    i.USART_ITConfig    stm32f10x_usart.o
    0x08008ca8   0x08008ca8   0x000000d8   Code   RO         6554    i.USART_Init        stm32f10x_usart.o
    0x08008d80   0x08008d80   0x0000000a   Code   RO         6561    i.USART_ReceiveData  stm32f10x_usart.o
    0x08008d8a   0x08008d8a   0x00000008   Code   RO         6564    i.USART_SendData    stm32f10x_usart.o
    0x08008d92   0x08008d92   0x00000004   Code   RO          258    i.UsageFault_Handler  stm32f10x_it.o
    0x08008d96   0x08008d96   0x00000028   Code   RO         7387    i.__ARM_fpclassify  m_ws.l(fpclassify.o)
    0x08008dbe   0x08008dbe   0x0000000e   Code   RO         7222    i._is_digit         c_w.l(__printf_wp.o)
    0x08008dcc   0x08008dcc   0x00000004   Code   RO         6913    i._sys_exit         usart.o
    0x08008dd0   0x08008dd0   0x000000a8   Code   RO          813    i.accel_self_test   inv_mpu.o
    0x08008e78   0x08008e78   0x00000010   Code   RO         1157    i.delay             iic.o
    0x08008e88   0x08008e88   0x00000070   Code   RO         6805    i.delay_init        delay.o
    0x08008ef8   0x08008ef8   0x00000050   Code   RO         6806    i.delay_ms          delay.o
    0x08008f48   0x08008f48   0x0000000a   Code   RO         6807    i.delay_osschedlock  delay.o
    0x08008f52   0x08008f52   0x0000000a   Code   RO         6808    i.delay_osschedunlock  delay.o
    0x08008f5c   0x08008f5c   0x00000010   Code   RO         6809    i.delay_ostimedly   delay.o
    0x08008f6c   0x08008f6c   0x0000006a   Code   RO         6810    i.delay_s           delay.o
    0x08008fd6   0x08008fd6   0x00000002   PAD
    0x08008fd8   0x08008fd8   0x0000005c   Code   RO         6811    i.delay_us          delay.o
    0x08009034   0x08009034   0x0000003c   Code   RO          620    i.dmp_enable_6x_lp_quat  inv_mpu_dmp_motion_driver.o
    0x08009070   0x08009070   0x0000021c   Code   RO          621    i.dmp_enable_feature  inv_mpu_dmp_motion_driver.o
    0x0800928c   0x0800928c   0x00000058   Code   RO          622    i.dmp_enable_gyro_cal  inv_mpu_dmp_motion_driver.o
    0x080092e4   0x080092e4   0x0000003c   Code   RO          623    i.dmp_enable_lp_quat  inv_mpu_dmp_motion_driver.o
    0x08009320   0x08009320   0x00000042   Code   RO          626    i.dmp_get_pedometer_step_count  inv_mpu_dmp_motion_driver.o
    0x08009362   0x08009362   0x00000002   PAD
    0x08009364   0x08009364   0x00000018   Code   RO          628    i.dmp_load_motion_driver_firmware  inv_mpu_dmp_motion_driver.o
    0x0800937c   0x0800937c   0x00000130   Code   RO          632    i.dmp_set_accel_bias  inv_mpu_dmp_motion_driver.o
    0x080094ac   0x080094ac   0x00000070   Code   RO          633    i.dmp_set_fifo_rate  inv_mpu_dmp_motion_driver.o
    0x0800951c   0x0800951c   0x00000130   Code   RO          634    i.dmp_set_gyro_bias  inv_mpu_dmp_motion_driver.o
    0x0800964c   0x0800964c   0x00000138   Code   RO          636    i.dmp_set_orientation  inv_mpu_dmp_motion_driver.o
    0x08009784   0x08009784   0x00000038   Code   RO          639    i.dmp_set_shake_reject_thresh  inv_mpu_dmp_motion_driver.o
    0x080097bc   0x080097bc   0x00000026   Code   RO          640    i.dmp_set_shake_reject_time  inv_mpu_dmp_motion_driver.o
    0x080097e2   0x080097e2   0x00000026   Code   RO          641    i.dmp_set_shake_reject_timeout  inv_mpu_dmp_motion_driver.o
    0x08009808   0x08009808   0x00000046   Code   RO          642    i.dmp_set_tap_axes  inv_mpu_dmp_motion_driver.o
    0x0800984e   0x0800984e   0x00000026   Code   RO          643    i.dmp_set_tap_count  inv_mpu_dmp_motion_driver.o
    0x08009874   0x08009874   0x000001a0   Code   RO          644    i.dmp_set_tap_thresh  inv_mpu_dmp_motion_driver.o
    0x08009a14   0x08009a14   0x00000026   Code   RO          645    i.dmp_set_tap_time  inv_mpu_dmp_motion_driver.o
    0x08009a3a   0x08009a3a   0x00000026   Code   RO          646    i.dmp_set_tap_time_multi  inv_mpu_dmp_motion_driver.o
    0x08009a60   0x08009a60   0x00000020   Code   RO         1495    i.ecg_fir_tilter    fdacoefs.o
    0x08009a80   0x08009a80   0x00000028   Code   RO         1496    i.ecg_fir_tilter_init  fdacoefs.o
    0x08009aa8   0x08009aa8   0x0000001c   Code   RO         6914    i.fputc             usart.o
    0x08009ac4   0x08009ac4   0x000000b4   Code   RO          814    i.get_accel_prod_shift  inv_mpu.o
    0x08009b78   0x08009b78   0x0000046c   Code   RO          815    i.get_st_biases     inv_mpu.o
    0x08009fe4   0x08009fe4   0x0000000a   Code   RO         7002    i.get_volt          user.o
    0x08009fee   0x08009fee   0x00000002   PAD
    0x08009ff0   0x08009ff0   0x00000110   Code   RO          816    i.gyro_self_test    inv_mpu.o
    0x0800a100   0x0800a100   0x00000028   Code   RO          817    i.inv_orientation_matrix_to_scalar  inv_mpu.o
    0x0800a128   0x0800a128   0x0000004e   Code   RO          818    i.inv_row_2_scale   inv_mpu.o
    0x0800a176   0x0800a176   0x00000002   PAD
    0x0800a178   0x0800a178   0x00000104   Code   RO            6    i.main              main.o
    0x0800a27c   0x0800a27c   0x00000070   Code   RO          820    i.mpu_configure_fifo  inv_mpu.o
    0x0800a2ec   0x0800a2ec   0x000000a0   Code   RO          822    i.mpu_dmp_init      inv_mpu.o
    0x0800a38c   0x0800a38c   0x0000004c   Code   RO          823    i.mpu_get_accel_fsr  inv_mpu.o
    0x0800a3d8   0x0800a3d8   0x00000054   Code   RO          825    i.mpu_get_accel_sens  inv_mpu.o
    0x0800a42c   0x0800a42c   0x00000010   Code   RO          830    i.mpu_get_fifo_config  inv_mpu.o
    0x0800a43c   0x0800a43c   0x00000044   Code   RO          831    i.mpu_get_gyro_fsr  inv_mpu.o
    0x0800a480   0x0800a480   0x00000050   Code   RO          833    i.mpu_get_gyro_sens  inv_mpu.o
    0x0800a4d0   0x0800a4d0   0x00000050   Code   RO          835    i.mpu_get_lpf       inv_mpu.o
    0x0800a520   0x0800a520   0x00000020   Code   RO          837    i.mpu_get_sample_rate  inv_mpu.o
    0x0800a540   0x0800a540   0x000001f0   Code   RO          839    i.mpu_init          inv_mpu.o
    0x0800a730   0x0800a730   0x000000b8   Code   RO          840    i.mpu_load_firmware  inv_mpu.o
    0x0800a7e8   0x0800a7e8   0x000000e0   Code   RO          841    i.mpu_lp_accel_mode  inv_mpu.o
    0x0800a8c8   0x0800a8c8   0x00000080   Code   RO          845    i.mpu_read_mem      inv_mpu.o
    0x0800a948   0x0800a948   0x000001c8   Code   RO          848    i.mpu_reset_fifo    inv_mpu.o
    0x0800ab10   0x0800ab10   0x0000011c   Code   RO          849    i.mpu_run_self_test  inv_mpu.o
    0x0800ac2c   0x0800ac2c   0x00000084   Code   RO          851    i.mpu_set_accel_fsr  inv_mpu.o
    0x0800acb0   0x0800acb0   0x0000014c   Code   RO          852    i.mpu_set_bypass    inv_mpu.o
    0x0800adfc   0x0800adfc   0x00000090   Code   RO          854    i.mpu_set_dmp_state  inv_mpu.o
    0x0800ae8c   0x0800ae8c   0x00000088   Code   RO          855    i.mpu_set_gyro_fsr  inv_mpu.o
    0x0800af14   0x0800af14   0x0000006c   Code   RO          856    i.mpu_set_int_latched  inv_mpu.o
    0x0800af80   0x0800af80   0x00000084   Code   RO          858    i.mpu_set_lpf       inv_mpu.o
    0x0800b004   0x0800b004   0x0000009c   Code   RO          859    i.mpu_set_sample_rate  inv_mpu.o
    0x0800b0a0   0x0800b0a0   0x000000d0   Code   RO          860    i.mpu_set_sensors   inv_mpu.o
    0x0800b170   0x0800b170   0x00000080   Code   RO          861    i.mpu_write_mem     inv_mpu.o
    0x0800b1f0   0x0800b1f0   0x000000b4   Code   RO            7    i.oled_task         main.o
    0x0800b2a4   0x0800b2a4   0x00000094   Code   RO          862    i.run_self_test     inv_mpu.o
    0x0800b338   0x0800b338   0x00000090   Code   RO          863    i.set_int_enable    inv_mpu.o
    0x0800b3c8   0x0800b3c8   0x00000164   Code   RO            8    i.start_task        main.o
    0x0800b52c   0x0800b52c   0x000000a8   Code   RO         6915    i.uart_init         usart.o
    0x0800b5d4   0x0800b5d4   0x0000002c   Code   RO         7463    locale$$code        c_w.l(lc_numeric_c.o)
    0x0800b600   0x0800b600   0x00000062   Code   RO         7248    x$fpl$d2f           fz_ws.l(d2f.o)
    0x0800b662   0x0800b662   0x00000002   PAD
    0x0800b664   0x0800b664   0x00000150   Code   RO         7250    x$fpl$dadd          fz_ws.l(daddsub_clz.o)
    0x0800b7b4   0x0800b7b4   0x000002b0   Code   RO         7257    x$fpl$ddiv          fz_ws.l(ddiv.o)
    0x0800ba64   0x0800ba64   0x0000005e   Code   RO         7260    x$fpl$dfix          fz_ws.l(dfix.o)
    0x0800bac2   0x0800bac2   0x0000002e   Code   RO         7265    x$fpl$dflt          fz_ws.l(dflt_clz.o)
    0x0800baf0   0x0800baf0   0x00000026   Code   RO         7264    x$fpl$dfltu         fz_ws.l(dflt_clz.o)
    0x0800bb16   0x0800bb16   0x00000002   PAD
    0x0800bb18   0x0800bb18   0x00000154   Code   RO         7270    x$fpl$dmul          fz_ws.l(dmul.o)
    0x0800bc6c   0x0800bc6c   0x0000009c   Code   RO         7350    x$fpl$dnaninf       fz_ws.l(dnaninf.o)
    0x0800bd08   0x0800bd08   0x0000000c   Code   RO         7352    x$fpl$dretinf       fz_ws.l(dretinf.o)
    0x0800bd14   0x0800bd14   0x00000016   Code   RO         7251    x$fpl$drsb          fz_ws.l(daddsub_clz.o)
    0x0800bd2a   0x0800bd2a   0x00000002   PAD
    0x0800bd2c   0x0800bd2c   0x000001d4   Code   RO         7252    x$fpl$dsub          fz_ws.l(daddsub_clz.o)
    0x0800bf00   0x0800bf00   0x00000056   Code   RO         7272    x$fpl$f2d           fz_ws.l(f2d.o)
    0x0800bf56   0x0800bf56   0x00000002   PAD
    0x0800bf58   0x0800bf58   0x000000c4   Code   RO         7274    x$fpl$fadd          fz_ws.l(faddsub_clz.o)
    0x0800c01c   0x0800c01c   0x00000018   Code   RO         7354    x$fpl$fcmpinf       fz_ws.l(fcmpi.o)
    0x0800c034   0x0800c034   0x00000184   Code   RO         7281    x$fpl$fdiv          fz_ws.l(fdiv.o)
    0x0800c1b8   0x0800c1b8   0x00000068   Code   RO         7284    x$fpl$feqf          fz_ws.l(feqf.o)
    0x0800c220   0x0800c220   0x00000036   Code   RO         7286    x$fpl$ffix          fz_ws.l(ffix.o)
    0x0800c256   0x0800c256   0x00000002   PAD
    0x0800c258   0x0800c258   0x0000003e   Code   RO         7290    x$fpl$ffixu         fz_ws.l(ffixu.o)
    0x0800c296   0x0800c296   0x00000002   PAD
    0x0800c298   0x0800c298   0x00000030   Code   RO         7295    x$fpl$fflt          fz_ws.l(fflt_clz.o)
    0x0800c2c8   0x0800c2c8   0x00000026   Code   RO         7294    x$fpl$ffltu         fz_ws.l(fflt_clz.o)
    0x0800c2ee   0x0800c2ee   0x00000002   PAD
    0x0800c2f0   0x0800c2f0   0x00000068   Code   RO         7300    x$fpl$fleqf         fz_ws.l(fleqf.o)
    0x0800c358   0x0800c358   0x00000102   Code   RO         7302    x$fpl$fmul          fz_ws.l(fmul.o)
    0x0800c45a   0x0800c45a   0x0000008c   Code   RO         7356    x$fpl$fnaninf       fz_ws.l(fnaninf.o)
    0x0800c4e6   0x0800c4e6   0x0000000a   Code   RO         7358    x$fpl$fretinf       fz_ws.l(fretinf.o)
    0x0800c4f0   0x0800c4f0   0x00000062   Code   RO         7304    x$fpl$frleqf        fz_ws.l(frleqf.o)
    0x0800c552   0x0800c552   0x00000002   PAD
    0x0800c554   0x0800c554   0x000000ea   Code   RO         7276    x$fpl$fsub          fz_ws.l(faddsub_clz.o)
    0x0800c63e   0x0800c63e   0x00000004   Code   RO         7306    x$fpl$printf1       fz_ws.l(printf1.o)
    0x0800c642   0x0800c642   0x00000000   Code   RO         7362    x$fpl$usenofp       fz_ws.l(usenofp.o)
    0x0800c642   0x0800c642   0x000017c0   Data   RO          429    .constdata          oled.o
    0x0800de02   0x0800de02   0x00000bf6   Data   RO          648    .constdata          inv_mpu_dmp_motion_driver.o
    0x0800e9f8   0x0800e9f8   0x00000050   Data   RO          865    .constdata          inv_mpu.o
    0x0800ea48   0x0800ea48   0x00000324   Data   RO         1498    .constdata          fdacoefs.o
    0x0800ed6c   0x0800ed6c   0x000000a4   Data   RO         2256    .constdata          os_cfg_app.o
    0x0800ee10   0x0800ee10   0x0000016c   Data   RO         2524    .constdata          os_dbg.o
    0x0800ef7c   0x0800ef7c   0x00000011   Data   RO         7230    .constdata          c_w.l(__printf_flags_ss_wp.o)
    0x0800ef8d   0x0800ef8d   0x00000003   PAD
    0x0800ef90   0x0800ef90   0x00000094   Data   RO         7434    .constdata          c_w.l(bigflt0.o)
    0x0800f024   0x0800f024   0x0000004d   Data   RO          866    .conststring        inv_mpu.o
    0x0800f071   0x0800f071   0x00000003   PAD
    0x0800f074   0x0800f074   0x00000020   Data   RO         7618    Region$$Table       anon$$obj.o
    0x0800f094   0x0800f094   0x0000001c   Data   RO         7462    locale$$data        c_w.l(lc_numeric_c.o)


    Execution Region RW_IRAM1 (Exec base: 0x20000000, Load base: 0x0800f0b0, Size: 0x00004eb0, Max: 0x00005000, ABSOLUTE, COMPRESSED[0x00000168])

    Exec Addr    Load Addr    Size         Type   Attr      Idx    E Section Name        Object

    0x20000000   COMPRESSED   0x00000014   Data   RW          319    .data               system_stm32f10x.o
    0x20000014   COMPRESSED   0x00000035   Data   RW          867    .data               inv_mpu.o
    0x20000049   COMPRESSED   0x00000420   Data   RW         1282    .data               oledbmp.o
    0x20000469   COMPRESSED   0x00000001   PAD
    0x2000046a   COMPRESSED   0x00000002   Data   RW         1310    .data               hc05.o
    0x2000046c   COMPRESSED   0x00000020   Data   RW         1363    .data               ads1292.o
    0x2000048c   COMPRESSED   0x00000010   Data   RW         1499    .data               fdacoefs.o
    0x2000049c   COMPRESSED   0x00000004   Data   RW         1733    .data               cpu_core.o
    0x200004a0   COMPRESSED   0x00000008   Data   RW         2800    .data               os_prio.o
    0x200004a8   COMPRESSED   0x000000c8   Data   RW         3356    .data               os_var.o
    0x20000570   COMPRESSED   0x00000004   Data   RW         3380    .data               os_cpu_c.o
    0x20000574   COMPRESSED   0x00000014   Data   RW         5341    .data               stm32f10x_rcc.o
    0x20000588   COMPRESSED   0x00000004   Data   RW         6812    .data               delay.o
    0x2000058c   COMPRESSED   0x00000006   Data   RW         6917    .data               usart.o
    0x20000592   COMPRESSED   0x00000002   PAD
    0x20000594   COMPRESSED   0x00000058   Data   RW         7004    .data               user.o
    0x200005ec   COMPRESSED   0x00000004   PAD
    0x200005f0        -       0x00001c90   Zero   RW            9    .bss                main.o
    0x20002280        -       0x00000502   Zero   RW          428    .bss                oled.o
    0x20002782   COMPRESSED   0x00000002   PAD
    0x20002784        -       0x00000010   Zero   RW          647    .bss                inv_mpu_dmp_motion_driver.o
    0x20002794        -       0x000000c8   Zero   RW         1309    .bss                hc05.o
    0x2000285c        -       0x00000015   Zero   RW         1362    .bss                ads1292.o
    0x20002871   COMPRESSED   0x00000003   PAD
    0x20002874        -       0x00000344   Zero   RW         1497    .bss                fdacoefs.o
    0x20002bb8        -       0x00000010   Zero   RW         1731    .bss                cpu_core.o
    0x20002bc8        -       0x00001490   Zero   RW         2255    .bss                os_cfg_app.o
    0x20004058        -       0x000006e0   Zero   RW         3355    .bss                os_var.o
    0x20004738        -       0x000000c8   Zero   RW         6916    .bss                usart.o
    0x20004800        -       0x0000004c   Zero   RW         7003    .bss                user.o
    0x2000484c        -       0x00000060   Zero   RW         7476    .bss                c_w.l(libspace.o)
    0x200048ac   COMPRESSED   0x00000004   PAD
    0x200048b0        -       0x00000200   Zero   RW         1610    HEAP                startup_stm32f10x_md.o
    0x20004ab0        -       0x00000400   Zero   RW         1609    STACK               startup_stm32f10x_md.o


==============================================================================

Image component sizes


      Code (inc. data)   RO Data    RW Data    ZI Data      Debug   Object Name

       304         14          0          0          0       2428   adc.o
      1506        136          0         32         21      11843   ads1292.o
        56          6          0          0          0        484   beep.o
        80         14          0          0          0       1498   bsp.o
        52          0          0          0          0        344   cpu_a.o
       100         18          0          4         16      11997   cpu_core.o
       454         44          0          4          0       4331   delay.o
        72         28        804         16        836       1975   fdacoefs.o
       356         28          0          2        200       2387   hc05.o
       644         84          0          0          0       4130   iic.o
      6118        278        157         53          0      27884   inv_mpu.o
      2602        112       3062          0         16      19021   inv_mpu_dmp_motion_driver.o
        40          6          0          0          0        471   key.o
        56          6          0          0          0        479   led.o
       102          0          0          0          0       1772   lib_mem.o
       848        122          0          0       7312     307529   main.o
       172         22          0          0          0       2141   misc.o
       394          8          0          0          0       3515   mpu6050.o
        76          0          0          0          0        991   mymath.o
      1474         64       6080          0       1282       9679   oled.o
         0          0          0       1056          0        557   oledbmp.o
       252        166        164          0       5264      20930   os_cfg_app.o
      3050        424          0          0          0      20778   os_core.o
       152         32          0          0          0        400   os_cpu_a.o
       516         58          0          4          0       6800   os_cpu_c.o
       432        286        364          0          0       4757   os_dbg.o
       670         26          0          0          0       3001   os_flag.o
      1148        204          0          0          0       3422   os_int.o
        24         10          0          0          0        853   os_mem.o
       576         32          0          0          0       4541   os_msg.o
        24         10          0          0          0        859   os_mutex.o
       136         16          0          8          0       2762   os_prio.o
      1312         72          0          0          0       5543   os_q.o
       380         16          0          0          0       2150   os_sem.o
      1616        208          0          0          0       3879   os_stat.o
      4792        256          0          0          0      13088   os_task.o
      1308        124          0          0          0       5365   os_tick.o
       844         44          0          0          0       2989   os_time.o
       812        134          0          0          0       4088   os_tmr.o
         0          0          0        200       1760      19377   os_var.o
       212         14          0          0          0       1233   spi.o
        64         26        236          0       1536        880   startup_stm32f10x_md.o
       486         24          0          0          0       8822   stm32f10x_adc.o
       160         12          0          0          0       1569   stm32f10x_exti.o
       350          4          0          0          0       3750   stm32f10x_gpio.o
        22          0          0          0          0       2975   stm32f10x_it.o
       364         50          0         20          0       6267   stm32f10x_rcc.o
       112          0          0          0          0       3950   stm32f10x_spi.o
       598         28          0          0          0       6940   stm32f10x_usart.o
       328         28          0         20          0       2137   system_stm32f10x.o
       344         28          0          6        200       4120   usart.o
      1926        378          0         88         76       9888   user.o

    ----------------------------------------------------------------------
     38550       3700      10902       1516      18528     593569   Object Totals
         0          0         32          0          0          0   (incl. Generated)
        34          0          3          3          9          0   (incl. Padding)

    ----------------------------------------------------------------------

      Code (inc. data)   RO Data    RW Data    ZI Data      Debug   Library Member Name

      2274          0          0          0          0      21274   arm_fir_f32.o
        28          0          0          0          0        983   arm_fir_init_f32.o
        90          0          0          0          0          0   __dczerorl2.o
         8          0          0          0          0         68   __main.o
       392          4         17          0          0         92   __printf_flags_ss_wp.o
        14          0          0          0          0         68   __printf_wp.o
         0          0          0          0          0          0   __rtentry.o
        12          0          0          0          0          0   __rtentry2.o
         6          0          0          0          0          0   __rtentry4.o
        52          8          0          0          0          0   __scatter.o
        28          0          0          0          0          0   __scatter_zi.o
        48          6          0          0          0         96   _printf_char_common.o
        36          4          0          0          0         80   _printf_char_file.o
         6          0          0          0          0          0   _printf_d.o
       120         16          0          0          0         92   _printf_dec.o
         6          0          0          0          0          0   _printf_f.o
      1054          0          0          0          0        216   _printf_fp_dec.o
       128         16          0          0          0         84   _printf_fp_infnan.o
       178          0          0          0          0         88   _printf_intcommon.o
         0          0          0          0          0          0   _printf_percent.o
         4          0          0          0          0          0   _printf_percent_end.o
        10          0          0          0          0         68   _sputc.o
        16          0          0          0          0         68   aeabi_memset.o
       228          4        148          0          0         96   bigflt0.o
      1936        128          0          0          0        672   btod.o
        18          0          0          0          0         80   exit.o
         8          0          0          0          0         68   ferror.o
         6          0          0          0          0        152   heapauxi.o
        44         10         28          0          0         76   lc_numeric_c.o
         2          0          0          0          0          0   libinit.o
        18          0          0          0          0          0   libinit2.o
         2          0          0          0          0          0   libshutdown.o
         2          0          0          0          0          0   libshutdown2.o
         8          4          0          0         96         68   libspace.o
        72          0          0          0          0         76   llsdiv.o
       138          0          0          0          0         80   lludiv10.o
       238          0          0          0          0        100   lludivv7m.o
        88          0          0          0          0         76   memcmp.o
        24          4          0          0          0         84   noretval__2printf.o
        40          6          0          0          0         84   noretval__2sprintf.o
         8          4          0          0          0         68   rt_locale_intlibspace.o
        68          0          0          0          0         68   rt_memclr.o
        78          0          0          0          0         80   rt_memclr_w.o
         2          0          0          0          0          0   rtexit.o
        10          0          0          0          0          0   rtexit2.o
       128          0          0          0          0         68   strcmpv7m.o
        74          0          0          0          0         80   sys_stackheap_outer.o
         2          0          0          0          0         68   use_no_semi.o
         2          0          0          0          0         68   use_no_semi_2.o
        98          4          0          0          0         92   d2f.o
       826         16          0          0          0        348   daddsub_clz.o
       688        140          0          0          0        208   ddiv.o
        94          4          0          0          0         92   dfix.o
        84          0          0          0          0        136   dflt_clz.o
       340         12          0          0          0        104   dmul.o
       156          4          0          0          0         92   dnaninf.o
        12          0          0          0          0         68   dretinf.o
        86          4          0          0          0         84   f2d.o
       430          8          0          0          0        168   faddsub_clz.o
        24          0          0          0          0         68   fcmpi.o
       388         76          0          0          0         96   fdiv.o
       104          4          0          0          0         84   feqf.o
        54          4          0          0          0         84   ffix.o
        62          4          0          0          0         84   ffixu.o
        86          0          0          0          0        136   fflt_clz.o
       104          4          0          0          0         84   fleqf.o
       258          4          0          0          0         84   fmul.o
       140          4          0          0          0         84   fnaninf.o
        10          0          0          0          0         68   fretinf.o
        98          0          0          0          0         68   frleqf.o
         4          0          0          0          0         68   printf1.o
         0          0          0          0          0          0   usenofp.o
        40          0          0          0          0         68   fpclassify.o

    ----------------------------------------------------------------------
     11968        506        196          0        100      27957   Library Totals
        28          0          3          0          4          0   (incl. Padding)

    ----------------------------------------------------------------------

      Code (inc. data)   RO Data    RW Data    ZI Data      Debug   Library Name

      2302          0          0          0          0      22257   arm_cortexM3l_math.lib
      5452        214        193          0         96       3232   c_w.l
      4146        292          0          0          0       2400   fz_ws.l
        40          0          0          0          0         68   m_ws.l

    ----------------------------------------------------------------------
     11968        506        196          0        100      27957   Library Totals

    ----------------------------------------------------------------------

==============================================================================


      Code (inc. data)   RO Data    RW Data    ZI Data      Debug   

     50518       4206      11098       1516      18628     603010   Grand Totals
     50518       4206      11098        360      18628     603010   ELF Image Totals (compressed)
     50518       4206      11098        360          0          0   ROM Totals

==============================================================================

    Total RO  Size (Code + RO Data)                61616 (  60.17kB)
    Total RW  Size (RW Data + ZI Data)             20144 (  19.67kB)
    Total ROM Size (Code + RO Data + RW Data)      61976 (  60.52kB)

==============================================================================

