Component: ARM Compiler 5.05 update 1 (build 106) Tool: armlink [4d0efa]

==============================================================================

Section Cross References

    main.o(i.beep_task) refers to stm32f10x_gpio.o(i.GPIO_SetBits) for GPIO_SetBits
    main.o(i.beep_task) refers to os_time.o(i.OSTimeDlyHMSM) for OSTimeDlyHMSM
    main.o(i.beep_task) refers to stm32f10x_gpio.o(i.GPIO_ResetBits) for GPIO_ResetBits
    main.o(i.led_task) refers to stm32f10x_gpio.o(i.GPIO_ResetBits) for GPIO_ResetBits
    main.o(i.led_task) refers to os_time.o(i.OSTimeDlyHMSM) for OSTimeDlyHMSM
    main.o(i.led_task) refers to stm32f10x_gpio.o(i.GPIO_SetBits) for GPIO_SetBits
    main.o(i.main) refers to delay.o(i.delay_init) for delay_init
    main.o(i.main) refers to misc.o(i.NVIC_PriorityGroupConfig) for NVIC_PriorityGroupConfig
    main.o(i.main) refers to led.o(i.LED_Init) for LED_Init
    main.o(i.main) refers to beep.o(i.BEEP_Init) for BEEP_Init
    main.o(i.main) refers to oled.o(i.OLED_Init) for OLED_Init
    main.o(i.main) refers to mpu6050.o(i.MPU6050_Init) for MPU6050_Init
    main.o(i.main) refers to os_core.o(i.OSInit) for OSInit
    main.o(i.main) refers to cpu_a.o(.text) for CPU_SR_Save
    main.o(i.main) refers to os_task.o(i.OSTaskCreate) for OSTaskCreate
    main.o(i.main) refers to os_core.o(i.OS_Sched0) for OS_Sched0
    main.o(i.main) refers to os_core.o(i.OSStart) for OSStart
    main.o(i.main) refers to os_var.o(.data) for OSSchedLockNestingCtr
    main.o(i.main) refers to main.o(.bss) for .bss
    main.o(i.main) refers to main.o(i.start_task) for start_task
    main.o(i.main) refers to os_var.o(.data) for OSIntQNbrEntries
    main.o(i.oled_task) refers to _printf_percent.o(.ARM.Collect$$_printf_percent$$00000000) for _printf_percent
    main.o(i.oled_task) refers to _printf_d.o(.ARM.Collect$$_printf_percent$$00000009) for _printf_d
    main.o(i.oled_task) refers to _printf_dec.o(.text) for _printf_int_dec
    main.o(i.oled_task) refers to _printf_f.o(.ARM.Collect$$_printf_percent$$00000003) for _printf_f
    main.o(i.oled_task) refers to printf1.o(x$fpl$printf1) for _printf_fp_dec
    main.o(i.oled_task) refers to rt_memclr_w.o(.text) for __aeabi_memclr4
    main.o(i.oled_task) refers to oled.o(i.OLED_Clear) for OLED_Clear
    main.o(i.oled_task) refers to oled.o(i.OLED_ShowPicture) for OLED_ShowPicture
    main.o(i.oled_task) refers to os_time.o(i.OSTimeDlyHMSM) for OSTimeDlyHMSM
    main.o(i.oled_task) refers to oled.o(i.OLED_ShowString) for OLED_ShowString
    main.o(i.oled_task) refers to oled.o(i.OLED_Refresh) for OLED_Refresh
    main.o(i.oled_task) refers to inv_mpu.o(i.mpu_dmp_init) for mpu_dmp_init
    main.o(i.oled_task) refers to mpu6050.o(i.MPU_Step_Count) for MPU_Step_Count
    main.o(i.oled_task) refers to noretval__2sprintf.o(.text) for __2sprintf
    main.o(i.oled_task) refers to f2d.o(x$fpl$f2d) for __aeabi_f2d
    main.o(i.oled_task) refers to main.o(.data) for .data
    main.o(i.oled_task) refers to mpu6050.o(.data) for walk
    main.o(i.start_task) refers to cpu_core.o(i.CPU_Init) for CPU_Init
    main.o(i.start_task) refers to os_stat.o(i.OSStatTaskCPUUsageInit) for OSStatTaskCPUUsageInit
    main.o(i.start_task) refers to os_core.o(i.OSSchedRoundRobinCfg) for OSSchedRoundRobinCfg
    main.o(i.start_task) refers to cpu_a.o(.text) for CPU_SR_Save
    main.o(i.start_task) refers to os_task.o(i.OSTaskCreate) for OSTaskCreate
    main.o(i.start_task) refers to os_task.o(i.OS_TaskSuspend) for OS_TaskSuspend
    main.o(i.start_task) refers to os_core.o(i.OS_Sched0) for OS_Sched0
    main.o(i.start_task) refers to os_var.o(.data) for OSSchedLockNestingCtr
    main.o(i.start_task) refers to main.o(.bss) for .bss
    main.o(i.start_task) refers to main.o(i.led_task) for led_task
    main.o(i.start_task) refers to main.o(i.beep_task) for beep_task
    main.o(i.start_task) refers to main.o(i.oled_task) for oled_task
    main.o(i.start_task) refers to os_var.o(.data) for OSIntQNbrEntries
    system_stm32f10x.o(i.SystemCoreClockUpdate) refers to system_stm32f10x.o(.data) for .data
    system_stm32f10x.o(i.SystemInit) refers to system_stm32f10x.o(i.SetSysClockTo72) for SetSysClockTo72
    beep.o(i.BEEP_Init) refers to stm32f10x_rcc.o(i.RCC_APB2PeriphClockCmd) for RCC_APB2PeriphClockCmd
    beep.o(i.BEEP_Init) refers to stm32f10x_gpio.o(i.GPIO_Init) for GPIO_Init
    beep.o(i.BEEP_Init) refers to stm32f10x_gpio.o(i.GPIO_ResetBits) for GPIO_ResetBits
    led.o(i.LED_Init) refers to stm32f10x_rcc.o(i.RCC_APB2PeriphClockCmd) for RCC_APB2PeriphClockCmd
    led.o(i.LED_Init) refers to stm32f10x_gpio.o(i.GPIO_Init) for GPIO_Init
    led.o(i.LED_Init) refers to stm32f10x_gpio.o(i.GPIO_SetBits) for GPIO_SetBits
    oled.o(i.OLED_Clear) refers to oled.o(i.OLED_WR_Byte) for OLED_WR_Byte
    oled.o(i.OLED_Clear) refers to oled.o(i.OLED_Refresh) for OLED_Refresh
    oled.o(i.OLED_Clear) refers to oled.o(.bss) for .bss
    oled.o(i.OLED_ClearPoint) refers to oled.o(.bss) for .bss
[...]
    __aeabi_memclr8                          0x0800063d   Thumb Code     0  rt_memclr_w.o(.text)
    __rt_memclr_w                            0x0800063d   Thumb Code    78  rt_memclr_w.o(.text)
    _memset_w                                0x08000641   Thumb Code     0  rt_memclr_w.o(.text)
    __use_two_region_memory                  0x0800068b   Thumb Code     2  heapauxi.o(.text)
    __rt_heap_escrow$2region                 0x0800068d   Thumb Code     2  heapauxi.o(.text)
    __rt_heap_expand$2region                 0x0800068f   Thumb Code     2  heapauxi.o(.text)
    __I$use$semihosting                      0x08000691   Thumb Code     0  use_no_semi.o(.text)
    __use_no_semihosting_swi                 0x08000691   Thumb Code     2  use_no_semi.o(.text)
    _printf_int_common                       0x08000693   Thumb Code   178  _printf_intcommon.o(.text)
    __lib_sel_fp_printf                      0x08000745   Thumb Code     2  _printf_fp_dec.o(.text)
    _printf_fp_dec_real                      0x080008f3   Thumb Code   620  _printf_fp_dec.o(.text)
    _printf_char_common                      0x08000b6b   Thumb Code    32  _printf_char_common.o(.text)
    _sputc                                   0x08000b91   Thumb Code    10  _sputc.o(.text)
    _printf_char_file                        0x08000b9d   Thumb Code    32  _printf_char_file.o(.text)
    __aeabi_memclr                           0x08000bc1   Thumb Code     0  rt_memclr.o(.text)
    __rt_memclr                              0x08000bc1   Thumb Code    68  rt_memclr.o(.text)
    _memset                                  0x08000bc5   Thumb Code     0  rt_memclr.o(.text)
    __rt_locale                              0x08000c05   Thumb Code     8  rt_locale_intlibspace.o(.text)
    _ll_udiv10                               0x08000c0d   Thumb Code   138  lludiv10.o(.text)
    _printf_fp_infnan                        0x08000c99   Thumb Code   112  _printf_fp_infnan.o(.text)
    _btod_etento                             0x08000d19   Thumb Code   216  bigflt0.o(.text)
    ferror                                   0x08000df5   Thumb Code     8  ferror.o(.text)
    __user_libspace                          0x08000dfd   Thumb Code     8  libspace.o(.text)
    __user_perproc_libspace                  0x08000dfd   Thumb Code     0  libspace.o(.text)
    __user_perthread_libspace                0x08000dfd   Thumb Code     0  libspace.o(.text)
    __user_setup_stackheap                   0x08000e05   Thumb Code    74  sys_stackheap_outer.o(.text)
    exit                                     0x08000e4f   Thumb Code    12  exit.o(.text)
    strcmp                                   0x08000e5d   Thumb Code   128  strcmpv7m.o(.text)
    _btod_d2e                                0x08000edd   Thumb Code    62  btod.o(CL$$btod_d2e)
    _d2e_denorm_low                          0x08000f1b   Thumb Code    70  btod.o(CL$$btod_d2e_denorm_low)
    _d2e_norm_op1                            0x08000f61   Thumb Code    96  btod.o(CL$$btod_d2e_norm_op1)
    __btod_div_common                        0x08000fc1   Thumb Code   696  btod.o(CL$$btod_div_common)
    _e2e                                     0x080012f9   Thumb Code   198  btod.o(CL$$btod_e2e)
    _btod_ediv                               0x080013bf   Thumb Code    40  btod.o(CL$$btod_ediv)
    _btod_emul                               0x080013e7   Thumb Code    40  btod.o(CL$$btod_emul)
    __btod_mult_common                       0x0800140f   Thumb Code   580  btod.o(CL$$btod_mult_common)
    OSStartHighRdy                           0x08001655   Thumb Code     0  os_cpu_a.o(CODE)
    PendSV_Handler                           0x0800168b   Thumb Code     0  os_cpu_a.o(CODE)
    BEEP_Init                                0x080016ed   Thumb Code    50  beep.o(i.BEEP_Init)
    BSP_CPU_ClkFreq                          0x08001725   Thumb Code    16  bsp.o(i.BSP_CPU_ClkFreq)
    BusFault_Handler                         0x08001735   Thumb Code     2  stm32f10x_it.o(i.BusFault_Handler)
    CPU_Init                                 0x08001739   Thumb Code    20  cpu_core.o(i.CPU_Init)
    CPU_NameClr                              0x08001751   Thumb Code    26  cpu_core.o(i.CPU_NameClr)
    CPU_TS_TmrFreqSet                        0x08001771   Thumb Code     6  cpu_core.o(i.CPU_TS_TmrFreqSet)
    CPU_TS_TmrInit                           0x0800177d   Thumb Code    38  bsp.o(i.CPU_TS_TmrInit)
    CPU_TS_TmrRd                             0x080017ad   Thumb Code     6  bsp.o(i.CPU_TS_TmrRd)
    DebugMon_Handler                         0x080017b9   Thumb Code     2  stm32f10x_it.o(i.DebugMon_Handler)
    GPIO_Init                                0x080017bd   Thumb Code   162  stm32f10x_gpio.o(i.GPIO_Init)
    GPIO_ResetBits                           0x0800185f   Thumb Code     4  stm32f10x_gpio.o(i.GPIO_ResetBits)
    GPIO_SetBits                             0x08001863   Thumb Code     4  stm32f10x_gpio.o(i.GPIO_SetBits)
    HardFault_Handler                        0x08001867   Thumb Code     2  stm32f10x_it.o(i.HardFault_Handler)
    LED_Init                                 0x08001869   Thumb Code    50  led.o(i.LED_Init)
    MPU6050_Init                             0x080018a1   Thumb Code    64  mpu6050.o(i.MPU6050_Init)
    MPU6050_Write_Reg                        0x080018e1   Thumb Code    52  mpu6050.o(i.MPU6050_Write_Reg)
    MPU_I2C_Init                             0x08001915   Thumb Code    48  iic.o(i.MPU_I2C_Init)
    MPU_I2C_Read_ACK                         0x08001949   Thumb Code    88  iic.o(i.MPU_I2C_Read_ACK)
    MPU_I2C_Read_Byte                        0x080019a9   Thumb Code    92  iic.o(i.MPU_I2C_Read_Byte)
    MPU_I2C_Start                            0x08001a0d   Thumb Code    58  iic.o(i.MPU_I2C_Start)
    MPU_I2C_Stop                             0x08001a51   Thumb Code    52  iic.o(i.MPU_I2C_Stop)
    MPU_I2C_Write_ACK                        0x08001a8d   Thumb Code    62  iic.o(i.MPU_I2C_Write_ACK)
    MPU_I2C_Write_Byte                       0x08001ad5   Thumb Code    80  iic.o(i.MPU_I2C_Write_Byte)
    MPU_Read_Len                             0x08001b2d   Thumb Code   116  mpu6050.o(i.MPU_Read_Len)
    MPU_Step_Count                           0x08001ba1   Thumb Code    34  mpu6050.o(i.MPU_Step_Count)
    MPU_Write_Len                            0x08001bcd   Thumb Code    82  mpu6050.o(i.MPU_Write_Len)
    MemManage_Handler                        0x08001c1f   Thumb Code     2  stm32f10x_it.o(i.MemManage_Handler)
    Mem_Clr                                  0x08001c21   Thumb Code     8  lib_mem.o(i.Mem_Clr)
    Mem_Set                                  0x08001c29   Thumb Code    68  lib_mem.o(i.Mem_Set)
    NMI_Handler                              0x08001c6d   Thumb Code     2  stm32f10x_it.o(i.NMI_Handler)
    NVIC_PriorityGroupConfig                 0x08001c71   Thumb Code    10  misc.o(i.NVIC_PriorityGroupConfig)
    OLED_Clear                               0x08001c85   Thumb Code    70  oled.o(i.OLED_Clear)
    OLED_ClearPoint                          0x08001cd1   Thumb Code    26  oled.o(i.OLED_ClearPoint)
    OLED_DrawPoint                           0x08001cf1   Thumb Code    24  oled.o(i.OLED_DrawPoint)
    OLED_Init                                0x08001d0d   Thumb Code   318  oled.o(i.OLED_Init)
    OLED_Refresh                             0x08001e55   Thumb Code    70  oled.o(i.OLED_Refresh)
    OLED_Reset                               0x08001ea1   Thumb Code    44  oled.o(i.OLED_Reset)
    OLED_ShowChar                            0x08001ed1   Thumb Code   154  oled.o(i.OLED_ShowChar)
    OLED_ShowPicture                         0x08001f79   Thumb Code    92  oled.o(i.OLED_ShowPicture)
    OLED_ShowString                          0x08001fd5   Thumb Code    74  oled.o(i.OLED_ShowString)
    OLED_WR_Byte                             0x08002021   Thumb Code    80  oled.o(i.OLED_WR_Byte)
    OSCfg_Init                               0x08002079   Thumb Code     2  os_cfg_app.o(i.OSCfg_Init)
    OSIdleTaskHook                           0x0800207d   Thumb Code    12  os_cpu_c.o(i.OSIdleTaskHook)
    OSInit                                   0x0800208d   Thumb Code   290  os_core.o(i.OSInit)
    OSInitHook                               0x08002211   Thumb Code    38  os_cpu_c.o(i.OSInitHook)
    OSIntEnter                               0x08002245   Thumb Code    22  os_core.o(i.OSIntEnter)
    OSIntExit                                0x08002265   Thumb Code   108  os_core.o(i.OSIntExit)
    OSSched                                  0x080022f5   Thumb Code    90  os_core.o(i.OSSched)
    OSSchedLock                              0x08002371   Thumb Code    72  os_core.o(i.OSSchedLock)
    OSSchedRoundRobinCfg                     0x080023c5   Thumb Code    60  os_core.o(i.OSSchedRoundRobinCfg)
    OSSchedUnlock                            0x0800240d   Thumb Code    92  os_core.o(i.OSSchedUnlock)
    OSStart                                  0x08002475   Thumb Code    62  os_core.o(i.OSStart)
    OSStatReset                              0x080024cd   Thumb Code   154  os_stat.o(i.OSStatReset)
    OSStatTaskCPUUsageInit                   0x08002591   Thumb Code   126  os_stat.o(i.OSStatTaskCPUUsageInit)
    OSStatTaskHook                           0x0800262d   Thumb Code    12  os_cpu_c.o(i.OSStatTaskHook)
    OSTaskCreate                             0x0800263d   Thumb Code   400  os_task.o(i.OSTaskCreate)
    OSTaskCreateHook                         0x080027f1   Thumb Code    12  os_cpu_c.o(i.OSTaskCreateHook)
    OSTaskDel                                0x08002801   Thumb Code   252  os_task.o(i.OSTaskDel)
    OSTaskDelHook                            0x08002919   Thumb Code    12  os_cpu_c.o(i.OSTaskDelHook)
    OSTaskResume                             0x08002929   Thumb Code    80  os_task.o(i.OSTaskResume)
    OSTaskReturnHook                         0x08002985   Thumb Code    12  os_cpu_c.o(i.OSTaskReturnHook)
    OSTaskSemPend                            0x08002995   Thumb Code   302  os_task.o(i.OSTaskSemPend)
    OSTaskStkChk                             0x08002ad1   Thumb Code   138  os_task.o(i.OSTaskStkChk)
    OSTaskStkInit                            0x08002b65   Thumb Code   108  os_cpu_c.o(i.OSTaskStkInit)
    OSTaskSuspend                            0x08002bd5   Thumb Code    66  os_task.o(i.OSTaskSuspend)
    OSTaskSwHook                             0x08002c29   Thumb Code    72  os_cpu_c.o(i.OSTaskSwHook)
    OSTimeDly                                0x08002c81   Thumb Code   158  os_time.o(i.OSTimeDly)
    OSTimeDlyHMSM                            0x08002d2d   Thumb Code   306  os_time.o(i.OSTimeDlyHMSM)
    OSTimeTick                               0x08002e71   Thumb Code    52  os_time.o(i.OSTimeTick)
    OSTimeTickHook                           0x08002eb1   Thumb Code    12  os_cpu_c.o(i.OSTimeTickHook)
    OS_Dbg_Init                              0x08002ec1   Thumb Code     2  os_dbg.o(i.OS_Dbg_Init)
    OS_FlagInit                              0x08002ec5   Thumb Code    14  os_flag.o(i.OS_FlagInit)
    OS_FlagPost                              0x08002edd   Thumb Code   286  os_flag.o(i.OS_FlagPost)
    OS_FlagTaskRdy                           0x08003005   Thumb Code    68  os_flag.o(i.OS_FlagTaskRdy)
    OS_IdleTask                              0x08003049   Thumb Code    30  os_core.o(i.OS_IdleTask)
    OS_IdleTaskInit                          0x08003071   Thumb Code    60  os_core.o(i.OS_IdleTaskInit)
    OS_IntQPost                              0x080030d9   Thumb Code   138  os_int.o(i.OS_IntQPost)
    OS_IntQRePost                            0x08003189   Thumb Code   224  os_int.o(i.OS_IntQRePost)
    OS_IntQTask                              0x080032a5   Thumb Code    96  os_int.o(i.OS_IntQTask)
    OS_IntQTaskInit                          0x08003315   Thumb Code   192  os_int.o(i.OS_IntQTaskInit)
    OS_MemInit                               0x0800342d   Thumb Code    14  os_mem.o(i.OS_MemInit)
    OS_MsgPoolCreate                         0x08003445   Thumb Code    48  os_msg.o(i.OS_MsgPoolCreate)
    OS_MsgPoolInit                           0x08003475   Thumb Code    58  os_msg.o(i.OS_MsgPoolInit)
    OS_MsgQFreeAll                           0x080034bd   Thumb Code    48  os_msg.o(i.OS_MsgQFreeAll)
    OS_MsgQInit                              0x080034f1   Thumb Code    14  os_msg.o(i.OS_MsgQInit)
    OS_MsgQPut                               0x08003501   Thumb Code   128  os_msg.o(i.OS_MsgQPut)
    OS_MutexInit                             0x08003585   Thumb Code    14  os_mutex.o(i.OS_MutexInit)
    OS_Pend                                  0x0800359d   Thumb Code    74  os_core.o(i.OS_Pend)
    OS_PendDataInit                          0x080035ed   Thumb Code    48  os_core.o(i.OS_PendDataInit)
    OS_PendDbgNameAdd                        0x0800361d   Thumb Code    46  os_core.o(i.OS_PendDbgNameAdd)
    OS_PendDbgNameRemove                     0x08003665   Thumb Code    22  os_core.o(i.OS_PendDbgNameRemove)
    OS_PendListInsertPrio                    0x08003681   Thumb Code    90  os_core.o(i.OS_PendListInsertPrio)
    OS_PendListRemove                        0x080036db   Thumb Code    38  os_core.o(i.OS_PendListRemove)
    OS_PendListRemove1                       0x08003701   Thumb Code    54  os_core.o(i.OS_PendListRemove1)
    OS_Post                                  0x08003737   Thumb Code   152  os_core.o(i.OS_Post)
    OS_Post1                                 0x080037cf   Thumb Code    38  os_core.o(i.OS_Post1)
    OS_PrioGetHighest                        0x080037f5   Thumb Code    32  os_prio.o(i.OS_PrioGetHighest)
    OS_PrioInit                              0x08003819   Thumb Code    20  os_prio.o(i.OS_PrioInit)
    OS_PrioInsert                            0x08003831   Thumb Code    28  os_prio.o(i.OS_PrioInsert)
    OS_PrioRemove                            0x08003851   Thumb Code    28  os_prio.o(i.OS_PrioRemove)
    OS_QInit                                 0x08003871   Thumb Code    14  os_q.o(i.OS_QInit)
    OS_QPost                                 0x08003889   Thumb Code   186  os_q.o(i.OS_QPost)
    OS_RdyListInit                           0x0800394d   Thumb Code    32  os_core.o(i.OS_RdyListInit)
    OS_RdyListInsert                         0x08003971   Thumb Code    42  os_core.o(i.OS_RdyListInsert)
    OS_RdyListInsertHead                     0x080039a1   Thumb Code    52  os_core.o(i.OS_RdyListInsertHead)
    OS_RdyListInsertTail                     0x080039d9   Thumb Code    48  os_core.o(i.OS_RdyListInsertTail)
    OS_RdyListMoveHeadToTail                 0x08003a0d   Thumb Code    52  os_core.o(i.OS_RdyListMoveHeadToTail)
    OS_RdyListRemove                         0x08003a41   Thumb Code    78  os_core.o(i.OS_RdyListRemove)
    OS_Sched0                                0x08003a95   Thumb Code    50  os_core.o(i.OS_Sched0)
    OS_SchedLockTimeMeasStart                0x08003add   Thumb Code    20  os_core.o(i.OS_SchedLockTimeMeasStart)
    OS_SchedLockTimeMeasStop                 0x08003af9   Thumb Code    42  os_core.o(i.OS_SchedLockTimeMeasStop)
    OS_SchedRoundRobin                       0x08003b35   Thumb Code    84  os_core.o(i.OS_SchedRoundRobin)
    OS_SemInit                               0x08003b99   Thumb Code    14  os_sem.o(i.OS_SemInit)
    OS_SemPost                               0x08003bb1   Thumb Code   174  os_sem.o(i.OS_SemPost)
    OS_StatTask                              0x08003c65   Thumb Code   490  os_stat.o(i.OS_StatTask)
    OS_StatTaskInit                          0x08003e95   Thumb Code   118  os_stat.o(i.OS_StatTaskInit)
    OS_TaskBlock                             0x08003f51   Thumb Code    42  os_core.o(i.OS_TaskBlock)
    OS_TaskDbgListAdd                        0x08003f7d   Thumb Code    30  os_task.o(i.OS_TaskDbgListAdd)
    OS_TaskDbgListRemove                     0x08003fa1   Thumb Code    50  os_task.o(i.OS_TaskDbgListRemove)
    OS_TaskInit                              0x08003fd9   Thumb Code    18  os_task.o(i.OS_TaskInit)
    OS_TaskInitTCB                           0x08003ff9   Thumb Code   180  os_task.o(i.OS_TaskInitTCB)
    OS_TaskQPost                             0x080040b9   Thumb Code   222  os_task.o(i.OS_TaskQPost)
    OS_TaskRdy                               0x080041a5   Thumb Code    28  os_core.o(i.OS_TaskRdy)
    OS_TaskResume                            0x080041c1   Thumb Code   184  os_task.o(i.OS_TaskResume)
    OS_TaskReturn                            0x0800427d   Thumb Code    20  os_task.o(i.OS_TaskReturn)
    OS_TaskSemPost                           0x08004295   Thumb Code   262  os_task.o(i.OS_TaskSemPost)
    OS_TaskSuspend                           0x080043a9   Thumb Code   160  os_task.o(i.OS_TaskSuspend)
    OS_TickListInit                          0x08004451   Thumb Code    34  os_tick.o(i.OS_TickListInit)
    OS_TickListInsert                        0x0800447d   Thumb Code   202  os_tick.o(i.OS_TickListInsert)
    OS_TickListRemove                        0x08004555   Thumb Code    54  os_tick.o(i.OS_TickListRemove)
    OS_TickListResetPeak                     0x0800458d   Thumb Code    30  os_tick.o(i.OS_TickListResetPeak)
    OS_TickListUpdate                        0x080045b5   Thumb Code   310  os_tick.o(i.OS_TickListUpdate)
    OS_TickTask                              0x08004705   Thumb Code    36  os_tick.o(i.OS_TickTask)
    OS_TickTaskInit                          0x0800472d   Thumb Code   112  os_tick.o(i.OS_TickTaskInit)
    OS_TmrInit                               0x080047d5   Thumb Code   172  os_tmr.o(i.OS_TmrInit)
    OS_TmrLink                               0x080048d9   Thumb Code   140  os_tmr.o(i.OS_TmrLink)
    OS_TmrResetPeak                          0x08004971   Thumb Code    30  os_tmr.o(i.OS_TmrResetPeak)
    OS_TmrTask                               0x08004999   Thumb Code   146  os_tmr.o(i.OS_TmrTask)
    OS_TmrUnlink                             0x08004a3d   Thumb Code    68  os_tmr.o(i.OS_TmrUnlink)
    RCC_APB2PeriphClockCmd                   0x08004a89   Thumb Code    18  stm32f10x_rcc.o(i.RCC_APB2PeriphClockCmd)
    RCC_GetClocksFreq                        0x08004aa1   Thumb Code   128  stm32f10x_rcc.o(i.RCC_GetClocksFreq)
    SVC_Handler                              0x08004b31   Thumb Code     2  stm32f10x_it.o(i.SVC_Handler)
    SysTick_CLKSourceConfig                  0x08004bdd   Thumb Code    24  misc.o(i.SysTick_CLKSourceConfig)
    SysTick_Handler                          0x08004bf5   Thumb Code    28  delay.o(i.SysTick_Handler)
    SystemInit                               0x08004c15   Thumb Code    64  system_stm32f10x.o(i.SystemInit)
    USART1_IRQHandler                        0x08004c65   Thumb Code    94  usart.o(i.USART1_IRQHandler)
    USART_GetITStatus                        0x08004cd1   Thumb Code    62  stm32f10x_usart.o(i.USART_GetITStatus)
    USART_ReceiveData                        0x08004d0f   Thumb Code     8  stm32f10x_usart.o(i.USART_ReceiveData)
    UsageFault_Handler                       0x08004d17   Thumb Code     2  stm32f10x_it.o(i.UsageFault_Handler)
    __ARM_fpclassify                         0x08004d19   Thumb Code    40  fpclassify.o(i.__ARM_fpclassify)
    _is_digit                                0x08004d41   Thumb Code    14  __printf_wp.o(i._is_digit)
    _sys_exit                                0x08004d4f   Thumb Code     2  usart.o(i._sys_exit)
    beep_task                                0x08004dd1   Thumb Code    92  main.o(i.beep_task)
    delay                                    0x08004e31   Thumb Code    10  iic.o(i.delay)
    delay_init                               0x08004e3d   Thumb Code    76  delay.o(i.delay_init)
    delay_ms                                 0x08004e9d   Thumb Code    56  delay.o(i.delay_ms)
    delay_ostimedly                          0x08004ee1   Thumb Code    12  delay.o(i.delay_ostimedly)
    delay_us                                 0x08004eed   Thumb Code    62  delay.o(i.delay_us)
    dmp_enable_6x_lp_quat                    0x08004f31   Thumb Code    58  inv_mpu_dmp_motion_driver.o(i.dmp_enable_6x_lp_quat)
    dmp_enable_feature                       0x08004f6d   Thumb Code   464  inv_mpu_dmp_motion_driver.o(i.dmp_enable_feature)
    dmp_enable_gyro_cal                      0x08005145   Thumb Code    34  inv_mpu_dmp_motion_driver.o(i.dmp_enable_gyro_cal)
    dmp_enable_lp_quat                       0x08005181   Thumb Code    58  inv_mpu_dmp_motion_driver.o(i.dmp_enable_lp_quat)
    dmp_get_pedometer_step_count             0x080051bb   Thumb Code    48  inv_mpu_dmp_motion_driver.o(i.dmp_get_pedometer_step_count)
    dmp_load_motion_driver_firmware          0x080051ed   Thumb Code    16  inv_mpu_dmp_motion_driver.o(i.dmp_load_motion_driver_firmware)
    dmp_set_accel_bias                       0x08005201   Thumb Code   210  inv_mpu_dmp_motion_driver.o(i.dmp_set_accel_bias)
    dmp_set_fifo_rate                        0x080052d9   Thumb Code    82  inv_mpu_dmp_motion_driver.o(i.dmp_set_fifo_rate)
    dmp_set_gyro_bias                        0x0800533d   Thumb Code   196  inv_mpu_dmp_motion_driver.o(i.dmp_set_gyro_bias)
    dmp_set_orientation                      0x08005409   Thumb Code   246  inv_mpu_dmp_motion_driver.o(i.dmp_set_orientation)
    dmp_set_shake_reject_thresh              0x08005515   Thumb Code    48  inv_mpu_dmp_motion_driver.o(i.dmp_set_shake_reject_thresh)
    dmp_set_shake_reject_time                0x08005545   Thumb Code    32  inv_mpu_dmp_motion_driver.o(i.dmp_set_shake_reject_time)
    dmp_set_shake_reject_timeout             0x08005565   Thumb Code    32  inv_mpu_dmp_motion_driver.o(i.dmp_set_shake_reject_timeout)
    dmp_set_tap_axes                         0x08005585   Thumb Code    64  inv_mpu_dmp_motion_driver.o(i.dmp_set_tap_axes)
    dmp_set_tap_count                        0x080055c5   Thumb Code    34  inv_mpu_dmp_motion_driver.o(i.dmp_set_tap_count)
    dmp_set_tap_thresh                       0x080055e9   Thumb Code   274  inv_mpu_dmp_motion_driver.o(i.dmp_set_tap_thresh)
    dmp_set_tap_time                         0x08005711   Thumb Code    32  inv_mpu_dmp_motion_driver.o(i.dmp_set_tap_time)
    dmp_set_tap_time_multi                   0x08005731   Thumb Code    32  inv_mpu_dmp_motion_driver.o(i.dmp_set_tap_time_multi)
    fputc                                    0x08005751   Thumb Code    18  usart.o(i.fputc)
    inv_orientation_matrix_to_scalar         0x08005bfd   Thumb Code    34  inv_mpu.o(i.inv_orientation_matrix_to_scalar)
    inv_row_2_scale                          0x08005c1f   Thumb Code    72  inv_mpu.o(i.inv_row_2_scale)
    led_task                                 0x08005c69   Thumb Code    66  main.o(i.led_task)
    main                                     0x08005cb1   Thumb Code   142  main.o(i.main)
    mpu_configure_fifo                       0x08005d5d   Thumb Code    78  inv_mpu.o(i.mpu_configure_fifo)
    mpu_dmp_init                             0x08005db1   Thumb Code   158  inv_mpu.o(i.mpu_dmp_init)
    mpu_get_accel_fsr                        0x08005e55   Thumb Code    54  inv_mpu.o(i.mpu_get_accel_fsr)
    mpu_get_accel_sens                       0x08005e91   Thumb Code    62  inv_mpu.o(i.mpu_get_accel_sens)
    mpu_get_gyro_fsr                         0x08005ed5   Thumb Code    48  inv_mpu.o(i.mpu_get_gyro_fsr)
    mpu_get_gyro_sens                        0x08005f09   Thumb Code    44  inv_mpu.o(i.mpu_get_gyro_sens)
    mpu_get_lpf                              0x08005f49   Thumb Code    52  inv_mpu.o(i.mpu_get_lpf)
    mpu_get_sample_rate                      0x08005f81   Thumb Code    22  inv_mpu.o(i.mpu_get_sample_rate)
    mpu_init                                 0x08005f9d   Thumb Code   310  inv_mpu.o(i.mpu_init)
    mpu_load_firmware                        0x08006125   Thumb Code   154  inv_mpu.o(i.mpu_load_firmware)
    mpu_lp_accel_mode                        0x080061c5   Thumb Code   178  inv_mpu.o(i.mpu_lp_accel_mode)
    mpu_read_mem                             0x0800627d   Thumb Code    80  inv_mpu.o(i.mpu_read_mem)
    mpu_reset_fifo                           0x080062d1   Thumb Code   346  inv_mpu.o(i.mpu_reset_fifo)
    mpu_run_self_test                        0x08006431   Thumb Code   234  inv_mpu.o(i.mpu_run_self_test)
    mpu_set_accel_fsr                        0x08006521   Thumb Code    98  inv_mpu.o(i.mpu_set_accel_fsr)
    mpu_set_bypass                           0x08006589   Thumb Code   214  inv_mpu.o(i.mpu_set_bypass)
    mpu_set_dmp_state                        0x08006665   Thumb Code   114  inv_mpu.o(i.mpu_set_dmp_state)
    mpu_set_gyro_fsr                         0x080066dd   Thumb Code   104  inv_mpu.o(i.mpu_set_gyro_fsr)
    mpu_set_int_latched                      0x08006749   Thumb Code    94  inv_mpu.o(i.mpu_set_int_latched)
    mpu_set_lpf                              0x080067ad   Thumb Code   102  inv_mpu.o(i.mpu_set_lpf)
    mpu_set_sample_rate                      0x08006819   Thumb Code   124  inv_mpu.o(i.mpu_set_sample_rate)
    mpu_set_sensors                          0x08006899   Thumb Code   178  inv_mpu.o(i.mpu_set_sensors)
    mpu_write_mem                            0x08006951   Thumb Code    80  inv_mpu.o(i.mpu_write_mem)
    oled_task                                0x080069a5   Thumb Code   246  main.o(i.oled_task)
    run_self_test                            0x08006ae5   Thumb Code   128  inv_mpu.o(i.run_self_test)
    start_task                               0x08006bbd   Thumb Code   216  main.o(i.start_task)
    _get_lc_numeric                          0x08006cdd   Thumb Code    44  lc_numeric_c.o(locale$$code)
    __aeabi_d2f                              0x08006d09   Thumb Code     0  d2f.o(x$fpl$d2f)
    _d2f                                     0x08006d09   Thumb Code    98  d2f.o(x$fpl$d2f)
    __aeabi_ui2d                             0x08006d6b   Thumb Code     0  dflt_clz.o(x$fpl$dfltu)
    _dfltu                                   0x08006d6b   Thumb Code    38  dflt_clz.o(x$fpl$dfltu)
    __aeabi_dmul                             0x08006d91   Thumb Code     0  dmul.o(x$fpl$dmul)
    _dmul                                    0x08006d91   Thumb Code   332  dmul.o(x$fpl$dmul)
    __fpl_dnaninf                            0x08006ee5   Thumb Code   156  dnaninf.o(x$fpl$dnaninf)
    __fpl_dretinf                            0x08006f81   Thumb Code    12  dretinf.o(x$fpl$dretinf)
    __aeabi_f2d                              0x08006f8d   Thumb Code     0  f2d.o(x$fpl$f2d)
    _f2d                                     0x08006f8d   Thumb Code    86  f2d.o(x$fpl$f2d)
    __aeabi_fadd                             0x08006fe5   Thumb Code     0  faddsub_clz.o(x$fpl$fadd)
    _fadd                                    0x08006fe5   Thumb Code   196  faddsub_clz.o(x$fpl$fadd)
    __fpl_fcheck_NaN1                        0x080070a9   Thumb Code     6  fcheck1.o(x$fpl$fcheck1)
    __aeabi_fdiv                             0x080070b5   Thumb Code     0  fdiv.o(x$fpl$fdiv)
    _fdiv                                    0x080070b5   Thumb Code   384  fdiv.o(x$fpl$fdiv)
    __aeabi_f2iz                             0x08007239   Thumb Code     0  ffix.o(x$fpl$ffix)
    _ffix                                    0x08007239   Thumb Code    54  ffix.o(x$fpl$ffix)
    __aeabi_f2uiz                            0x08007271   Thumb Code     0  ffixu.o(x$fpl$ffixu)
    _ffixu                                   0x08007271   Thumb Code    62  ffixu.o(x$fpl$ffixu)
    __aeabi_i2f                              0x080072b1   Thumb Code     0  fflt_clz.o(x$fpl$fflt)
    _fflt                                    0x080072b1   Thumb Code    48  fflt_clz.o(x$fpl$fflt)
    __aeabi_ui2f                             0x080072e1   Thumb Code     0  fflt_clz.o(x$fpl$ffltu)
    _ffltu                                   0x080072e1   Thumb Code    38  fflt_clz.o(x$fpl$ffltu)
    __aeabi_fmul                             0x08007309   Thumb Code     0  fmul.o(x$fpl$fmul)
    _fmul                                    0x08007309   Thumb Code   258  fmul.o(x$fpl$fmul)
    __fpl_fnaninf                            0x0800740b   Thumb Code   140  fnaninf.o(x$fpl$fnaninf)
    __fpl_fretinf                            0x08007497   Thumb Code    10  fretinf.o(x$fpl$fretinf)
    __aeabi_fsub                             0x080074a1   Thumb Code     0  faddsub_clz.o(x$fpl$fsub)
    _fsub                                    0x080074a1   Thumb Code   234  faddsub_clz.o(x$fpl$fsub)
    _printf_fp_dec                           0x0800758b   Thumb Code     4  printf1.o(x$fpl$printf1)
    __fpl_return_NaN                         0x0800758f   Thumb Code   100  retnan.o(x$fpl$retnan)
    __ARM_scalbnf                            0x080075f3   Thumb Code    76  scalbnf.o(x$fpl$scalbnf)
    __fpl_cmpreturn                          0x0800763f   Thumb Code    48  trapv.o(x$fpl$trapveneer)
    __I$use$fp                               0x0800766e   Number         0  usenofp.o(x$fpl$usenofp)
    asc2_1206                                0x0800766e   Data        1140  oled.o(.constdata)
    asc2_1608                                0x08007ae2   Data        1520  oled.o(.constdata)
    asc2_2412                                0x080080d2   Data        3420  oled.o(.constdata)
    reg                                      0x08009a24   Data          27  inv_mpu.o(.constdata)
    hw                                       0x08009a40   Data          12  inv_mpu.o(.constdata)
    test                                     0x08009a4c   Data          40  inv_mpu.o(.constdata)
    OSCfg_StatTaskPrio                       0x08009a74   Data           1  os_cfg_app.o(.constdata)
    OSCfg_TickTaskPrio                       0x08009a75   Data           1  os_cfg_app.o(.constdata)
    OSCfg_TmrTaskPrio                        0x08009a76   Data           1  os_cfg_app.o(.constdata)
    OSCfg_IntQSize                           0x08009a78   Data           2  os_cfg_app.o(.constdata)
    OSCfg_MsgPoolSize                        0x08009a7a   Data           2  os_cfg_app.o(.constdata)
    OSCfg_TickWheelSize                      0x08009a7c   Data           2  os_cfg_app.o(.constdata)
    OSCfg_TmrWheelSize                       0x08009a7e   Data           2  os_cfg_app.o(.constdata)
    OSCfg_IdleTaskStkBasePtr                 0x08009a80   Data           4  os_cfg_app.o(.constdata)
    OSCfg_IdleTaskStkLimit                   0x08009a84   Data           4  os_cfg_app.o(.constdata)
    OSCfg_IdleTaskStkSize                    0x08009a88   Data           4  os_cfg_app.o(.constdata)
    OSCfg_IdleTaskStkSizeRAM                 0x08009a8c   Data           4  os_cfg_app.o(.constdata)
    OSCfg_IntQBasePtr                        0x08009a90   Data           4  os_cfg_app.o(.constdata)
    OSCfg_IntQSizeRAM                        0x08009a94   Data           4  os_cfg_app.o(.constdata)
    OSCfg_IntQTaskStkBasePtr                 0x08009a98   Data           4  os_cfg_app.o(.constdata)
    OSCfg_IntQTaskStkLimit                   0x08009a9c   Data           4  os_cfg_app.o(.constdata)
    OSCfg_IntQTaskStkSize                    0x08009aa0   Data           4  os_cfg_app.o(.constdata)
    OSCfg_IntQTaskStkSizeRAM                 0x08009aa4   Data           4  os_cfg_app.o(.constdata)
    OSCfg_ISRStkBasePtr                      0x08009aa8   Data           4  os_cfg_app.o(.constdata)
    OSCfg_ISRStkSize                         0x08009aac   Data           4  os_cfg_app.o(.constdata)
    OSCfg_ISRStkSizeRAM                      0x08009ab0   Data           4  os_cfg_app.o(.constdata)
    OSCfg_MsgPoolSizeRAM                     0x08009ab4   Data           4  os_cfg_app.o(.constdata)
    OSCfg_MsgPoolBasePtr                     0x08009ab8   Data           4  os_cfg_app.o(.constdata)
    OSCfg_StatTaskRate_Hz                    0x08009abc   Data           4  os_cfg_app.o(.constdata)
    OSCfg_StatTaskStkBasePtr                 0x08009ac0   Data           4  os_cfg_app.o(.constdata)
    OSCfg_StatTaskStkLimit                   0x08009ac4   Data           4  os_cfg_app.o(.constdata)
    OSCfg_StatTaskStkSize                    0x08009ac8   Data           4  os_cfg_app.o(.constdata)
    OSCfg_StatTaskStkSizeRAM                 0x08009acc   Data           4  os_cfg_app.o(.constdata)
    OSCfg_StkSizeMin                         0x08009ad0   Data           4  os_cfg_app.o(.constdata)
    OSCfg_TickRate_Hz                        0x08009ad4   Data           4  os_cfg_app.o(.constdata)
    OSCfg_TickTaskStkBasePtr                 0x08009ad8   Data           4  os_cfg_app.o(.constdata)
    OSCfg_TickTaskStkLimit                   0x08009adc   Data           4  os_cfg_app.o(.constdata)
    OSCfg_TickTaskStkSize                    0x08009ae0   Data           4  os_cfg_app.o(.constdata)
    OSCfg_TickTaskStkSizeRAM                 0x08009ae4   Data           4  os_cfg_app.o(.constdata)
    OSCfg_TickWheelSizeRAM                   0x08009ae8   Data           4  os_cfg_app.o(.constdata)
    OSCfg_TmrTaskRate_Hz                     0x08009aec   Data           4  os_cfg_app.o(.constdata)
    OSCfg_TmrTaskStkBasePtr                  0x08009af0   Data           4  os_cfg_app.o(.constdata)
    OSCfg_TmrTaskStkLimit                    0x08009af4   Data           4  os_cfg_app.o(.constdata)
    OSCfg_TmrTaskStkSize                     0x08009af8   Data           4  os_cfg_app.o(.constdata)
    OSCfg_TmrTaskStkSizeRAM                  0x08009afc   Data           4  os_cfg_app.o(.constdata)
    OSCfg_TmrWheelSizeRAM                    0x08009b00   Data           4  os_cfg_app.o(.constdata)
    OSCfg_DataSizeRAM                        0x08009b04   Data           4  os_cfg_app.o(.constdata)
    Region$$Table$$Base                      0x08009c00   Number         0  anon$$obj.o(Region$$Table)
    Region$$Table$$Limit                     0x08009c20   Number         0  anon$$obj.o(Region$$Table)
    LOGO                                     0x20000000   Data        1024  main.o(.data)
    SystemCoreClock                          0x20000400   Data           4  system_stm32f10x.o(.data)
    AHBPrescTable                            0x20000404   Data          16  system_stm32f10x.o(.data)
    walk                                     0x20000414   Data           8  mpu6050.o(.data)
    CPU_TS_TmrFreq_Hz                        0x20000454   Data           4  cpu_core.o(.data)
    OSPrioTbl                                0x20000458   Data           8  os_prio.o(.data)
    OS_AppTaskCreateHookPtr                  0x20000460   Data           4  os_var.o(.data)
    OS_AppTaskDelHookPtr                     0x20000464   Data           4  os_var.o(.data)
    OS_AppTaskReturnHookPtr                  0x20000468   Data           4  os_var.o(.data)
    OS_AppIdleTaskHookPtr                    0x2000046c   Data           4  os_var.o(.data)
    OS_AppStatTaskHookPtr                    0x20000470   Data           4  os_var.o(.data)
    OS_AppTaskSwHookPtr                      0x20000474   Data           4  os_var.o(.data)
    OS_AppTimeTickHookPtr                    0x20000478   Data           4  os_var.o(.data)
    OSIdleTaskCtr                            0x2000047c   Data           4  os_var.o(.data)
    OSIntNestingCtr                          0x20000480   Data           1  os_var.o(.data)
    OSRunning                                0x20000481   Data           1  os_var.o(.data)
    OSIntQInPtr                              0x20000484   Data           4  os_var.o(.data)
    OSIntQOutPtr                             0x20000488   Data           4  os_var.o(.data)
    OSIntQNbrEntries                         0x2000048c   Data           2  os_var.o(.data)
    OSIntQNbrEntriesMax                      0x2000048e   Data           2  os_var.o(.data)
    OSIntQOvfCtr                             0x20000490   Data           2  os_var.o(.data)
    OSIntQTaskTimeMax                        0x20000494   Data           4  os_var.o(.data)
    OSFlagDbgListPtr                         0x20000498   Data           4  os_var.o(.data)
    OSFlagQty                                0x2000049c   Data           2  os_var.o(.data)
    OSMemDbgListPtr                          0x200004a0   Data           4  os_var.o(.data)
    OSMemQty                                 0x200004a4   Data           2  os_var.o(.data)
    OSMutexDbgListPtr                        0x200004a8   Data           4  os_var.o(.data)
    OSMutexQty                               0x200004ac   Data           2  os_var.o(.data)
    OSPrioCur                                0x200004ae   Data           1  os_var.o(.data)
    OSPrioHighRdy                            0x200004af   Data           1  os_var.o(.data)
    OSPrioSaved                              0x200004b0   Data           1  os_var.o(.data)
    OSQDbgListPtr                            0x200004b4   Data           4  os_var.o(.data)
    OSQQty                                   0x200004b8   Data           2  os_var.o(.data)
    OSSchedLockTimeBegin                     0x200004bc   Data           4  os_var.o(.data)
    OSSchedLockTimeMax                       0x200004c0   Data           4  os_var.o(.data)
    OSSchedLockTimeMaxCur                    0x200004c4   Data           4  os_var.o(.data)
    OSSchedLockNestingCtr                    0x200004c8   Data           1  os_var.o(.data)
    OSSchedRoundRobinDfltTimeQuanta          0x200004cc   Data           4  os_var.o(.data)
    OSSchedRoundRobinEn                      0x200004d0   Data           1  os_var.o(.data)
    OSSemDbgListPtr                          0x200004d4   Data           4  os_var.o(.data)
    OSSemQty                                 0x200004d8   Data           2  os_var.o(.data)
    OSStatResetFlag                          0x200004da   Data           1  os_var.o(.data)
    OSStatTaskCPUUsage                       0x200004dc   Data           2  os_var.o(.data)
    OSStatTaskCPUUsageMax                    0x200004de   Data           2  os_var.o(.data)
    OSStatTaskCtr                            0x200004e0   Data           4  os_var.o(.data)
    OSStatTaskCtrMax                         0x200004e4   Data           4  os_var.o(.data)
    OSStatTaskCtrRun                         0x200004e8   Data           4  os_var.o(.data)
    OSStatTaskRdy                            0x200004ec   Data           1  os_var.o(.data)
    OSStatTaskTimeMax                        0x200004f0   Data           4  os_var.o(.data)
    OSTaskCtxSwCtr                           0x200004f4   Data           4  os_var.o(.data)
    OSTaskDbgListPtr                         0x200004f8   Data           4  os_var.o(.data)
    OSTaskQty                                0x200004fc   Data           2  os_var.o(.data)
    OSTaskRegNextAvailID                     0x200004fe   Data           1  os_var.o(.data)
    OSTickCtr                                0x20000500   Data           4  os_var.o(.data)
    OSTickTaskTimeMax                        0x20000504   Data           4  os_var.o(.data)
    OSTmrDbgListPtr                          0x20000508   Data           4  os_var.o(.data)
    OSTmrTaskTimeMax                         0x2000050c   Data           4  os_var.o(.data)
    OSTmrTickCtr                             0x20000510   Data           4  os_var.o(.data)
    OSTmrUpdateCnt                           0x20000514   Data           4  os_var.o(.data)
    OSTmrUpdateCtr                           0x20000518   Data           4  os_var.o(.data)
    OSTCBCurPtr                              0x2000051c   Data           4  os_var.o(.data)
    OSTCBHighRdyPtr                          0x20000520   Data           4  os_var.o(.data)
    OS_CPU_ExceptStkBase                     0x20000524   Data           4  os_cpu_c.o(.data)
    USART_RX_STA                             0x20000540   Data           2  usart.o(.data)
    __stdout                                 0x20000544   Data           4  usart.o(.data)
    StartTaskTCB                             0x20000548   Data         196  main.o(.bss)
    START_TASK_STK                           0x2000060c   Data        2048  main.o(.bss)
    LedTaskTCB                               0x20000e0c   Data         196  main.o(.bss)
    LED_TASK_STK                             0x20000ed0   Data         512  main.o(.bss)
    BeepTaskTCB                              0x200010d0   Data         196  main.o(.bss)
    BEEP_TASK_STK                            0x20001194   Data         512  main.o(.bss)
    OledTaskTCB                              0x20001394   Data         196  main.o(.bss)
    OLED_TASK_STK                            0x20001458   Data        2000  main.o(.bss)
    OLED_GRAM                                0x20001c28   Data        1024  oled.o(.bss)
    CPU_Name                                 0x20002038   Data          16  cpu_core.o(.bss)
    OSCfg_IdleTaskStk                        0x20002048   Data         512  os_cfg_app.o(.bss)
    OSCfg_IntQ                               0x20002248   Data         320  os_cfg_app.o(.bss)
    OSCfg_IntQTaskStk                        0x20002388   Data         512  os_cfg_app.o(.bss)
    OSCfg_ISRStk                             0x20002588   Data         512  os_cfg_app.o(.bss)
    OSCfg_MsgPool                            0x20002788   Data        1600  os_cfg_app.o(.bss)
    OSCfg_StatTaskStk                        0x20002dc8   Data         512  os_cfg_app.o(.bss)
    OSCfg_TickTaskStk                        0x20002fc8   Data         512  os_cfg_app.o(.bss)
    OSCfg_TickWheel                          0x200031c8   Data         136  os_cfg_app.o(.bss)
    OSCfg_TmrTaskStk                         0x20003250   Data         512  os_cfg_app.o(.bss)
    OSCfg_TmrWheel                           0x20003450   Data         136  os_cfg_app.o(.bss)
    OSIdleTaskTCB                            0x200034d8   Data         196  os_var.o(.bss)
    OSIntQTaskTCB                            0x2000359c   Data         196  os_var.o(.bss)
    OSMsgPool                                0x20003660   Data          12  os_var.o(.bss)
    OSRdyList                                0x2000366c   Data         768  os_var.o(.bss)
    OSStatTaskTCB                            0x2000396c   Data         196  os_var.o(.bss)
    OSTickTaskTCB                            0x20003a30   Data         196  os_var.o(.bss)
    OSTmrTaskTCB                             0x20003af4   Data         196  os_var.o(.bss)
    USART_RX_BUF                             0x20003bb8   Data         200  usart.o(.bss)
    __libspace_start                         0x20003c80   Data          96  libspace.o(.bss)
    __temporary_stack_top$libspace           0x20003ce0   Data           0  libspace.o(.bss)



==============================================================================

Memory Map of the image

  Image Entry point : 0x080000ed

  Load Region LR_IROM1 (Base: 0x08000000, Size: 0x0000a184, Max: 0x00010000, ABSOLUTE, COMPRESSED[0x00009d6c])

    Execution Region ER_IROM1 (Base: 0x08000000, Size: 0x00009c3c, Max: 0x00010000, ABSOLUTE)

    Base Addr    Size         Type   Attr      Idx    E Section Name        Object

    0x08000000   0x000000ec   Data   RO         1035    RESET               startup_stm32f10x_md.o
    0x080000ec   0x00000008   Code   RO         6173  * !!!main             c_w.l(__main.o)
    0x080000f4   0x00000034   Code   RO         6538    !!!scatter          c_w.l(__scatter.o)
    0x08000128   0x0000005a   Code   RO         6536    !!dczerorl2         c_w.l(__dczerorl2.o)
    0x08000182   0x00000002   PAD
    0x08000184   0x0000001c   Code   RO         6540    !!handler_zi        c_w.l(__scatter_zi.o)
    0x080001a0   0x00000000   Code   RO         6164    .ARM.Collect$$_printf_percent$$00000000  c_w.l(_printf_percent.o)
    0x080001a0   0x00000006   Code   RO         6163    .ARM.Collect$$_printf_percent$$00000003  c_w.l(_printf_f.o)
    0x080001a6   0x00000006   Code   RO         6162    .ARM.Collect$$_printf_percent$$00000009  c_w.l(_printf_d.o)
    0x080001ac   0x00000004   Code   RO         6254    .ARM.Collect$$_printf_percent$$00000017  c_w.l(_printf_percent_end.o)
    0x080001b0   0x00000002   Code   RO         6410    .ARM.Collect$$libinit$$00000000  c_w.l(libinit.o)
    0x080001b2   0x00000000   Code   RO         6412    .ARM.Collect$$libinit$$00000002  c_w.l(libinit2.o)
    0x080001b2   0x00000000   Code   RO         6414    .ARM.Collect$$libinit$$00000004  c_w.l(libinit2.o)
    0x080001b2   0x00000000   Code   RO         6417    .ARM.Collect$$libinit$$0000000A  c_w.l(libinit2.o)
    0x080001b2   0x00000000   Code   RO         6419    .ARM.Collect$$libinit$$0000000C  c_w.l(libinit2.o)
    0x080001b2   0x00000000   Code   RO         6421    .ARM.Collect$$libinit$$0000000E  c_w.l(libinit2.o)
    0x080001b2   0x00000006   Code   RO         6422    .ARM.Collect$$libinit$$0000000F  c_w.l(libinit2.o)
    0x080001b8   0x00000000   Code   RO         6424    .ARM.Collect$$libinit$$00000011  c_w.l(libinit2.o)
    0x080001b8   0x00000000   Code   RO         6426    .ARM.Collect$$libinit$$00000013  c_w.l(libinit2.o)
    0x080001b8   0x00000000   Code   RO         6428    .ARM.Collect$$libinit$$00000015  c_w.l(libinit2.o)
    0x080001b8   0x0000000a   Code   RO         6429    .ARM.Collect$$libinit$$00000016  c_w.l(libinit2.o)
    0x080001c2   0x00000000   Code   RO         6430    .ARM.Collect$$libinit$$00000017  c_w.l(libinit2.o)
    0x080001c2   0x00000000   Code   RO         6432    .ARM.Collect$$libinit$$00000019  c_w.l(libinit2.o)
    0x080001c2   0x00000000   Code   RO         6434    .ARM.Collect$$libinit$$0000001B  c_w.l(libinit2.o)
    0x080001c2   0x00000000   Code   RO         6436    .ARM.Collect$$libinit$$0000001D  c_w.l(libinit2.o)
    0x080001c2   0x00000000   Code   RO         6438    .ARM.Collect$$libinit$$0000001F  c_w.l(libinit2.o)
    0x080001c2   0x00000000   Code   RO         6440    .ARM.Collect$$libinit$$00000021  c_w.l(libinit2.o)
    0x080001c2   0x00000000   Code   RO         6442    .ARM.Collect$$libinit$$00000023  c_w.l(libinit2.o)
    0x080001c2   0x00000000   Code   RO         6444    .ARM.Collect$$libinit$$00000025  c_w.l(libinit2.o)
    0x080001c2   0x00000000   Code   RO         6448    .ARM.Collect$$libinit$$0000002C  c_w.l(libinit2.o)
    0x080001c2   0x00000000   Code   RO         6450    .ARM.Collect$$libinit$$0000002E  c_w.l(libinit2.o)
    0x080001c2   0x00000000   Code   RO         6452    .ARM.Collect$$libinit$$00000030  c_w.l(libinit2.o)
    0x080001c2   0x00000000   Code   RO         6454    .ARM.Collect$$libinit$$00000032  c_w.l(libinit2.o)
    0x080001c2   0x00000002   Code   RO         6455    .ARM.Collect$$libinit$$00000033  c_w.l(libinit2.o)
    0x080001c4   0x00000002   Code   RO         6501    .ARM.Collect$$libshutdown$$00000000  c_w.l(libshutdown.o)
    0x080001c6   0x00000000   Code   RO         6521    .ARM.Collect$$libshutdown$$00000003  c_w.l(libshutdown2.o)
    0x080001c6   0x00000000   Code   RO         6524    .ARM.Collect$$libshutdown$$00000006  c_w.l(libshutdown2.o)
    0x080001c6   0x00000000   Code   RO         6527    .ARM.Collect$$libshutdown$$00000009  c_w.l(libshutdown2.o)
    0x080001c6   0x00000000   Code   RO         6529    .ARM.Collect$$libshutdown$$0000000B  c_w.l(libshutdown2.o)
    0x080001c6   0x00000000   Code   RO         6532    .ARM.Collect$$libshutdown$$0000000E  c_w.l(libshutdown2.o)
    0x080001c6   0x00000002   Code   RO         6533    .ARM.Collect$$libshutdown$$0000000F  c_w.l(libshutdown2.o)
    0x080001c8   0x00000000   Code   RO         6237    .ARM.Collect$$rtentry$$00000000  c_w.l(__rtentry.o)
    0x080001c8   0x00000000   Code   RO         6318    .ARM.Collect$$rtentry$$00000002  c_w.l(__rtentry2.o)
    0x080001c8   0x00000006   Code   RO         6330    .ARM.Collect$$rtentry$$00000004  c_w.l(__rtentry4.o)
    0x080001ce   0x00000000   Code   RO         6320    .ARM.Collect$$rtentry$$00000009  c_w.l(__rtentry2.o)
    0x080001ce   0x00000004   Code   RO         6321    .ARM.Collect$$rtentry$$0000000A  c_w.l(__rtentry2.o)
    0x080001d2   0x00000000   Code   RO         6323    .ARM.Collect$$rtentry$$0000000C  c_w.l(__rtentry2.o)
    0x080001d2   0x00000008   Code   RO         6324    .ARM.Collect$$rtentry$$0000000D  c_w.l(__rtentry2.o)
    0x080001da   0x00000002   Code   RO         6460    .ARM.Collect$$rtexit$$00000000  c_w.l(rtexit.o)
    0x080001dc   0x00000000   Code   RO         6473    .ARM.Collect$$rtexit$$00000002  c_w.l(rtexit2.o)
    0x080001dc   0x00000004   Code   RO         6474    .ARM.Collect$$rtexit$$00000003  c_w.l(rtexit2.o)
    0x080001e0   0x00000006   Code   RO         6475    .ARM.Collect$$rtexit$$00000004  c_w.l(rtexit2.o)
    0x080001e6   0x00000002   PAD
    0x080001e8   0x00000040   Code   RO         1036    .text               startup_stm32f10x_md.o
    0x08000228   0x00000034   Code   RO         1073    .text               cpu_a.o
    0x0800025c   0x00000002   Code   RO         6100    .text               c_w.l(use_no_semi_2.o)
    0x0800025e   0x000000ee   Code   RO         6102    .text               c_w.l(lludivv7m.o)
    0x0800034c   0x00000048   Code   RO         6104    .text               c_w.l(llsdiv.o)
    0x08000394   0x00000018   Code   RO         6110    .text               c_w.l(noretval__2printf.o)
    0x080003ac   0x00000028   Code   RO         6112    .text               c_w.l(noretval__2sprintf.o)
    0x080003d4   0x00000078   Code   RO         6118    .text               c_w.l(_printf_dec.o)
    0x0800044c   0x00000188   Code   RO         6158    .text               c_w.l(__printf_flags_ss_wp.o)
    0x080005d4   0x00000058   Code   RO         6165    .text               c_w.l(memcmp.o)
    0x0800062c   0x00000010   Code   RO         6167    .text               c_w.l(aeabi_memset.o)
    0x0800063c   0x0000004e   Code   RO         6169    .text               c_w.l(rt_memclr_w.o)
    0x0800068a   0x00000006   Code   RO         6171    .text               c_w.l(heapauxi.o)
    0x08000690   0x00000002   Code   RO         6235    .text               c_w.l(use_no_semi.o)
    0x08000692   0x000000b2   Code   RO         6244    .text               c_w.l(_printf_intcommon.o)
    0x08000744   0x0000041a   Code   RO         6246    .text               c_w.l(_printf_fp_dec.o)
    0x08000b5e   0x00000002   PAD
    0x08000b60   0x00000030   Code   RO         6248    .text               c_w.l(_printf_char_common.o)
    0x08000b90   0x0000000a   Code   RO         6250    .text               c_w.l(_sputc.o)
    0x08000b9a   0x00000002   PAD
    0x08000b9c   0x00000024   Code   RO         6252    .text               c_w.l(_printf_char_file.o)
    0x08000bc0   0x00000044   Code   RO         6255    .text               c_w.l(rt_memclr.o)
    0x08000c04   0x00000008   Code   RO         6337    .text               c_w.l(rt_locale_intlibspace.o)
    0x08000c0c   0x0000008a   Code   RO         6344    .text               c_w.l(lludiv10.o)
    0x08000c96   0x00000002   PAD
    0x08000c98   0x00000080   Code   RO         6346    .text               c_w.l(_printf_fp_infnan.o)
    0x08000d18   0x000000dc   Code   RO         6350    .text               c_w.l(bigflt0.o)
    0x08000df4   0x00000008   Code   RO         6375    .text               c_w.l(ferror.o)
    0x08000dfc   0x00000008   Code   RO         6392    .text               c_w.l(libspace.o)
    0x08000e04   0x0000004a   Code   RO         6395    .text               c_w.l(sys_stackheap_outer.o)
    0x08000e4e   0x0000000c   Code   RO         6397    .text               c_w.l(exit.o)
    0x08000e5a   0x00000002   PAD
    0x08000e5c   0x00000080   Code   RO         6403    .text               c_w.l(strcmpv7m.o)
    0x08000edc   0x0000003e   Code   RO         6353    CL$$btod_d2e        c_w.l(btod.o)
    0x08000f1a   0x00000046   Code   RO         6355    CL$$btod_d2e_denorm_low  c_w.l(btod.o)
    0x08000f60   0x00000060   Code   RO         6354    CL$$btod_d2e_norm_op1  c_w.l(btod.o)
    0x08000fc0   0x00000338   Code   RO         6363    CL$$btod_div_common  c_w.l(btod.o)
    0x080012f8   0x000000c6   Code   RO         6360    CL$$btod_e2e        c_w.l(btod.o)
    0x080013be   0x00000028   Code   RO         6357    CL$$btod_ediv       c_w.l(btod.o)
    0x080013e6   0x00000028   Code   RO         6356    CL$$btod_emul       c_w.l(btod.o)
    0x0800140e   0x00000244   Code   RO         6362    CL$$btod_mult_common  c_w.l(btod.o)
    0x08001652   0x00000002   PAD
    0x08001654   0x00000098   Code   RO         2911    CODE                os_cpu_a.o
    0x080016ec   0x00000038   Code   RO          266    i.BEEP_Init         beep.o
    0x08001724   0x00000010   Code   RO         1040    i.BSP_CPU_ClkFreq   bsp.o
    0x08001734   0x00000002   Code   RO          186    i.BusFault_Handler  stm32f10x_it.o
    0x08001736   0x00000002   PAD
    0x08001738   0x00000018   Code   RO         1132    i.CPU_Init          cpu_core.o
    0x08001750   0x00000020   Code   RO         1133    i.CPU_NameClr       cpu_core.o
    0x08001770   0x0000000c   Code   RO         1139    i.CPU_TS_TmrFreqSet  cpu_core.o
    0x0800177c   0x00000030   Code   RO         1042    i.CPU_TS_TmrInit    bsp.o
    0x080017ac   0x0000000c   Code   RO         1043    i.CPU_TS_TmrRd      bsp.o
    0x080017b8   0x00000002   Code   RO          187    i.DebugMon_Handler  stm32f10x_it.o
    0x080017ba   0x00000002   PAD
    0x080017bc   0x000000a2   Code   RO         4162    i.GPIO_Init         stm32f10x_gpio.o
    0x0800185e   0x00000004   Code   RO         4169    i.GPIO_ResetBits    stm32f10x_gpio.o
    0x08001862   0x00000004   Code   RO         4170    i.GPIO_SetBits      stm32f10x_gpio.o
    0x08001866   0x00000002   Code   RO          188    i.HardFault_Handler  stm32f10x_it.o
    0x08001868   0x00000038   Code   RO          278    i.LED_Init          led.o
    0x080018a0   0x00000040   Code   RO          411    i.MPU6050_Init      mpu6050.o
    0x080018e0   0x00000034   Code   RO          413    i.MPU6050_Write_Reg  mpu6050.o
    0x08001914   0x00000034   Code   RO          968    i.MPU_I2C_Init      iic.o
    0x08001948   0x00000060   Code   RO          969    i.MPU_I2C_Read_ACK  iic.o
    0x080019a8   0x00000064   Code   RO          970    i.MPU_I2C_Read_Byte  iic.o
    0x08001a0c   0x00000044   Code   RO          971    i.MPU_I2C_Start     iic.o
    0x08001a50   0x0000003c   Code   RO          972    i.MPU_I2C_Stop      iic.o
    0x08001a8c   0x00000048   Code   RO          973    i.MPU_I2C_Write_ACK  iic.o
    0x08001ad4   0x00000058   Code   RO          974    i.MPU_I2C_Write_Byte  iic.o
    0x08001b2c   0x00000074   Code   RO          414    i.MPU_Read_Len      mpu6050.o
    0x08001ba0   0x0000002c   Code   RO          415    i.MPU_Step_Count    mpu6050.o
    0x08001bcc   0x00000052   Code   RO          416    i.MPU_Write_Len     mpu6050.o
    0x08001c1e   0x00000002   Code   RO          189    i.MemManage_Handler  stm32f10x_it.o
    0x08001c20   0x00000008   Code   RO         1386    i.Mem_Clr           lib_mem.o
    0x08001c28   0x00000044   Code   RO         1402    i.Mem_Set           lib_mem.o
    0x08001c6c   0x00000002   Code   RO          190    i.NMI_Handler       stm32f10x_it.o
    0x08001c6e   0x00000002   PAD
    0x08001c70   0x00000014   Code   RO         2984    i.NVIC_PriorityGroupConfig  misc.o
    0x08001c84   0x0000004c   Code   RO          290    i.OLED_Clear        oled.o
    0x08001cd0   0x00000020   Code   RO          291    i.OLED_ClearPoint   oled.o
    0x08001cf0   0x0000001c   Code   RO          297    i.OLED_DrawPoint    oled.o
    0x08001d0c   0x00000148   Code   RO          299    i.OLED_Init         oled.o
    0x08001e54   0x0000004c   Code   RO          300    i.OLED_Refresh      oled.o
    0x08001ea0   0x00000030   Code   RO          301    i.OLED_Reset        oled.o
    0x08001ed0   0x000000a8   Code   RO          302    i.OLED_ShowChar     oled.o
    0x08001f78   0x0000005c   Code   RO          304    i.OLED_ShowPicture  oled.o
    0x08001fd4   0x0000004a   Code   RO          305    i.OLED_ShowString   oled.o
    0x0800201e   0x00000002   PAD
    0x08002020   0x00000058   Code   RO          306    i.OLED_WR_Byte      oled.o
    0x08002078   0x00000002   Code   RO         1655    i.OSCfg_Init        os_cfg_app.o
    0x0800207a   0x00000002   PAD
    0x0800207c   0x00000010   Code   RO         2833    i.OSIdleTaskHook    os_cpu_c.o
    0x0800208c   0x00000184   Code   RO         1687    i.OSInit            os_core.o
    0x08002210   0x00000034   Code   RO         2834    i.OSInitHook        os_cpu_c.o
    0x08002244   0x00000020   Code   RO         1688    i.OSIntEnter        os_core.o
    0x08002264   0x00000090   Code   RO         1689    i.OSIntExit         os_core.o
    0x080022f4   0x0000007c   Code   RO         1690    i.OSSched           os_core.o
    0x08002370   0x00000054   Code   RO         1691    i.OSSchedLock       os_core.o
    0x080023c4   0x00000048   Code   RO         1692    i.OSSchedRoundRobinCfg  os_core.o
    0x0800240c   0x00000068   Code   RO         1694    i.OSSchedUnlock     os_core.o
    0x08002474   0x00000058   Code   RO         1695    i.OSStart           os_core.o
    0x080024cc   0x000000c4   Code   RO         2379    i.OSStatReset       os_stat.o
    0x08002590   0x0000009c   Code   RO         2380    i.OSStatTaskCPUUsageInit  os_stat.o
    0x0800262c   0x00000010   Code   RO         2835    i.OSStatTaskHook    os_cpu_c.o
    0x0800263c   0x000001b4   Code   RO         2410    i.OSTaskCreate      os_task.o
    0x080027f0   0x00000010   Code   RO         2836    i.OSTaskCreateHook  os_cpu_c.o
    0x08002800   0x00000118   Code   RO         2411    i.OSTaskDel         os_task.o
    0x08002918   0x00000010   Code   RO         2837    i.OSTaskDelHook     os_cpu_c.o
    0x08002928   0x0000005c   Code   RO         2419    i.OSTaskResume      os_task.o
    0x08002984   0x00000010   Code   RO         2838    i.OSTaskReturnHook  os_cpu_c.o
    0x08002994   0x0000013c   Code   RO         2420    i.OSTaskSemPend     os_task.o
    0x08002ad0   0x00000094   Code   RO         2424    i.OSTaskStkChk      os_task.o
    0x08002b64   0x00000070   Code   RO         2839    i.OSTaskStkInit     os_cpu_c.o
    0x08002bd4   0x00000054   Code   RO         2425    i.OSTaskSuspend     os_task.o
    0x08002c28   0x00000058   Code   RO         2840    i.OSTaskSwHook      os_cpu_c.o
    0x08002c80   0x000000ac   Code   RO         2625    i.OSTimeDly         os_time.o
    0x08002d2c   0x00000144   Code   RO         2626    i.OSTimeDlyHMSM     os_time.o
    0x08002e70   0x00000040   Code   RO         2630    i.OSTimeTick        os_time.o
    0x08002eb0   0x00000010   Code   RO         2841    i.OSTimeTickHook    os_cpu_c.o
    0x08002ec0   0x00000002   Code   RO         1925    i.OS_Dbg_Init       os_dbg.o
    0x08002ec2   0x00000002   PAD
    0x08002ec4   0x00000018   Code   RO         1951    i.OS_FlagInit       os_flag.o
    0x08002edc   0x00000128   Code   RO         1952    i.OS_FlagPost       os_flag.o
    0x08003004   0x00000044   Code   RO         1953    i.OS_FlagTaskRdy    os_flag.o
    0x08003048   0x00000028   Code   RO         1697    i.OS_IdleTask       os_core.o
    0x08003070   0x00000068   Code   RO         1698    i.OS_IdleTaskInit   os_core.o
    0x080030d8   0x000000b0   Code   RO         2024    i.OS_IntQPost       os_int.o
    0x08003188   0x0000011c   Code   RO         2025    i.OS_IntQRePost     os_int.o
    0x080032a4   0x00000070   Code   RO         2026    i.OS_IntQTask       os_int.o
    0x08003314   0x00000118   Code   RO         2027    i.OS_IntQTaskInit   os_int.o
    0x0800342c   0x00000018   Code   RO         2058    i.OS_MemInit        os_mem.o
    0x08003444   0x00000030   Code   RO         2090    i.OS_MsgPoolCreate  os_msg.o
    0x08003474   0x00000048   Code   RO         2091    i.OS_MsgPoolInit    os_msg.o
    0x080034bc   0x00000034   Code   RO         2092    i.OS_MsgQFreeAll    os_msg.o
    0x080034f0   0x0000000e   Code   RO         2094    i.OS_MsgQInit       os_msg.o
    0x080034fe   0x00000002   PAD
    0x08003500   0x00000084   Code   RO         2095    i.OS_MsgQPut        os_msg.o
    0x08003584   0x00000018   Code   RO         2140    i.OS_MutexInit      os_mutex.o
    0x0800359c   0x00000050   Code   RO         1699    i.OS_Pend           os_core.o
    0x080035ec   0x00000030   Code   RO         1702    i.OS_PendDataInit   os_core.o
    0x0800361c   0x00000048   Code   RO         1703    i.OS_PendDbgNameAdd  os_core.o
    0x08003664   0x0000001c   Code   RO         1704    i.OS_PendDbgNameRemove  os_core.o
    0x08003680   0x0000005a   Code   RO         1708    i.OS_PendListInsertPrio  os_core.o
    0x080036da   0x00000026   Code   RO         1709    i.OS_PendListRemove  os_core.o
    0x08003700   0x00000036   Code   RO         1710    i.OS_PendListRemove1  os_core.o
    0x08003736   0x00000098   Code   RO         1713    i.OS_Post           os_core.o
    0x080037ce   0x00000026   Code   RO         1714    i.OS_Post1          os_core.o
    0x080037f4   0x00000024   Code   RO         2198    i.OS_PrioGetHighest  os_prio.o
    0x08003818   0x00000018   Code   RO         2199    i.OS_PrioInit       os_prio.o
    0x08003830   0x00000020   Code   RO         2200    i.OS_PrioInsert     os_prio.o
    0x08003850   0x00000020   Code   RO         2201    i.OS_PrioRemove     os_prio.o
    0x08003870   0x00000018   Code   RO         2244    i.OS_QInit          os_q.o
    0x08003888   0x000000c4   Code   RO         2245    i.OS_QPost          os_q.o
    0x0800394c   0x00000024   Code   RO         1715    i.OS_RdyListInit    os_core.o
    0x08003970   0x00000030   Code   RO         1716    i.OS_RdyListInsert  os_core.o
    0x080039a0   0x00000038   Code   RO         1717    i.OS_RdyListInsertHead  os_core.o
    0x080039d8   0x00000034   Code   RO         1718    i.OS_RdyListInsertTail  os_core.o
    0x08003a0c   0x00000034   Code   RO         1719    i.OS_RdyListMoveHeadToTail  os_core.o
    0x08003a40   0x00000054   Code   RO         1720    i.OS_RdyListRemove  os_core.o
    0x08003a94   0x00000048   Code   RO         1721    i.OS_Sched0         os_core.o
    0x08003adc   0x0000001c   Code   RO         1722    i.OS_SchedLockTimeMeasStart  os_core.o
    0x08003af8   0x0000003c   Code   RO         1723    i.OS_SchedLockTimeMeasStop  os_core.o
    0x08003b34   0x00000064   Code   RO         1724    i.OS_SchedRoundRobin  os_core.o
    0x08003b98   0x00000018   Code   RO         2316    i.OS_SemInit        os_sem.o
    0x08003bb0   0x000000b4   Code   RO         2317    i.OS_SemPost        os_sem.o
    0x08003c64   0x00000230   Code   RO         2381    i.OS_StatTask       os_stat.o
    0x08003e94   0x000000bc   Code   RO         2382    i.OS_StatTaskInit   os_stat.o
    0x08003f50   0x0000002a   Code   RO         1725    i.OS_TaskBlock      os_core.o
    0x08003f7a   0x00000002   PAD
    0x08003f7c   0x00000024   Code   RO         2427    i.OS_TaskDbgListAdd  os_task.o
    0x08003fa0   0x00000038   Code   RO         2428    i.OS_TaskDbgListRemove  os_task.o
    0x08003fd8   0x00000020   Code   RO         2429    i.OS_TaskInit       os_task.o
    0x08003ff8   0x000000c0   Code   RO         2430    i.OS_TaskInitTCB    os_task.o
    0x080040b8   0x000000ec   Code   RO         2431    i.OS_TaskQPost      os_task.o
    0x080041a4   0x0000001c   Code   RO         1726    i.OS_TaskRdy        os_core.o
    0x080041c0   0x000000bc   Code   RO         2432    i.OS_TaskResume     os_task.o
    0x0800427c   0x00000018   Code   RO         2433    i.OS_TaskReturn     os_task.o
    0x08004294   0x00000114   Code   RO         2434    i.OS_TaskSemPost    os_task.o
    0x080043a8   0x000000a8   Code   RO         2435    i.OS_TaskSuspend    os_task.o
    0x08004450   0x0000002c   Code   RO         2577    i.OS_TickListInit   os_tick.o
    0x0800447c   0x000000d8   Code   RO         2578    i.OS_TickListInsert  os_tick.o
    0x08004554   0x00000036   Code   RO         2579    i.OS_TickListRemove  os_tick.o
    0x0800458a   0x00000002   PAD
    0x0800458c   0x00000028   Code   RO         2580    i.OS_TickListResetPeak  os_tick.o
    0x080045b4   0x00000150   Code   RO         2581    i.OS_TickListUpdate  os_tick.o
    0x08004704   0x00000028   Code   RO         2582    i.OS_TickTask       os_tick.o
    0x0800472c   0x000000a8   Code   RO         2583    i.OS_TickTaskInit   os_tick.o
    0x080047d4   0x00000104   Code   RO         2676    i.OS_TmrInit        os_tmr.o
    0x080048d8   0x00000098   Code   RO         2677    i.OS_TmrLink        os_tmr.o
    0x08004970   0x00000028   Code   RO         2678    i.OS_TmrResetPeak   os_tmr.o
    0x08004998   0x000000a4   Code   RO         2679    i.OS_TmrTask        os_tmr.o
    0x08004a3c   0x0000004c   Code   RO         2680    i.OS_TmrUnlink      os_tmr.o
    0x08004a88   0x00000018   Code   RO         4589    i.RCC_APB2PeriphClockCmd  stm32f10x_rcc.o
    0x08004aa0   0x00000090   Code   RO         4597    i.RCC_GetClocksFreq  stm32f10x_rcc.o
    0x08004b30   0x00000002   Code   RO          191    i.SVC_Handler       stm32f10x_it.o
    0x08004b32   0x00000002   PAD
    0x08004b34   0x000000a8   Code   RO          237    i.SetSysClockTo72   system_stm32f10x.o
    0x08004bdc   0x00000018   Code   RO         2987    i.SysTick_CLKSourceConfig  misc.o
    0x08004bf4   0x00000020   Code   RO         5980    i.SysTick_Handler   delay.o
    0x08004c14   0x00000050   Code   RO          239    i.SystemInit        system_stm32f10x.o
    0x08004c64   0x0000006c   Code   RO         6056    i.USART1_IRQHandler  usart.o
    0x08004cd0   0x0000003e   Code   RO         5751    i.USART_GetITStatus  stm32f10x_usart.o
    0x08004d0e   0x00000008   Code   RO         5761    i.USART_ReceiveData  stm32f10x_usart.o
    0x08004d16   0x00000002   Code   RO          192    i.UsageFault_Handler  stm32f10x_it.o
    0x08004d18   0x00000028   Code   RO         6304    i.__ARM_fpclassify  m_ws.l(fpclassify.o)
    0x08004d40   0x0000000e   Code   RO         6151    i._is_digit         c_w.l(__printf_wp.o)
    0x08004d4e   0x00000002   Code   RO         6057    i._sys_exit         usart.o
    0x08004d50   0x00000080   Code   RO          644    i.accel_self_test   inv_mpu.o
    0x08004dd0   0x00000060   Code   RO            1    i.beep_task         main.o
    0x08004e30   0x0000000a   Code   RO          975    i.delay             iic.o
    0x08004e3a   0x00000002   PAD
    0x08004e3c   0x00000060   Code   RO         5981    i.delay_init        delay.o
    0x08004e9c   0x00000044   Code   RO         5982    i.delay_ms          delay.o
    0x08004ee0   0x0000000c   Code   RO         5985    i.delay_ostimedly   delay.o
    0x08004eec   0x00000044   Code   RO         5986    i.delay_us          delay.o
    0x08004f30   0x0000003a   Code   RO          467    i.dmp_enable_6x_lp_quat  inv_mpu_dmp_motion_driver.o
    0x08004f6a   0x00000002   PAD
    0x08004f6c   0x000001d8   Code   RO          468    i.dmp_enable_feature  inv_mpu_dmp_motion_driver.o
    0x08005144   0x0000003c   Code   RO          469    i.dmp_enable_gyro_cal  inv_mpu_dmp_motion_driver.o
    0x08005180   0x0000003a   Code   RO          470    i.dmp_enable_lp_quat  inv_mpu_dmp_motion_driver.o
    0x080051ba   0x00000030   Code   RO          473    i.dmp_get_pedometer_step_count  inv_mpu_dmp_motion_driver.o
    0x080051ea   0x00000002   PAD
    0x080051ec   0x00000014   Code   RO          475    i.dmp_load_motion_driver_firmware  inv_mpu_dmp_motion_driver.o
    0x08005200   0x000000d8   Code   RO          479    i.dmp_set_accel_bias  inv_mpu_dmp_motion_driver.o
    0x080052d8   0x00000064   Code   RO          480    i.dmp_set_fifo_rate  inv_mpu_dmp_motion_driver.o
    0x0800533c   0x000000cc   Code   RO          481    i.dmp_set_gyro_bias  inv_mpu_dmp_motion_driver.o
    0x08005408   0x0000010c   Code   RO          483    i.dmp_set_orientation  inv_mpu_dmp_motion_driver.o
    0x08005514   0x00000030   Code   RO          486    i.dmp_set_shake_reject_thresh  inv_mpu_dmp_motion_driver.o
    0x08005544   0x00000020   Code   RO          487    i.dmp_set_shake_reject_time  inv_mpu_dmp_motion_driver.o
    0x08005564   0x00000020   Code   RO          488    i.dmp_set_shake_reject_timeout  inv_mpu_dmp_motion_driver.o
    0x08005584   0x00000040   Code   RO          489    i.dmp_set_tap_axes  inv_mpu_dmp_motion_driver.o
    0x080055c4   0x00000022   Code   RO          490    i.dmp_set_tap_count  inv_mpu_dmp_motion_driver.o
    0x080055e6   0x00000002   PAD
    0x080055e8   0x00000128   Code   RO          491    i.dmp_set_tap_thresh  inv_mpu_dmp_motion_driver.o
    0x08005710   0x00000020   Code   RO          492    i.dmp_set_tap_time  inv_mpu_dmp_motion_driver.o
    0x08005730   0x00000020   Code   RO          493    i.dmp_set_tap_time_multi  inv_mpu_dmp_motion_driver.o
    0x08005750   0x00000018   Code   RO         6058    i.fputc             usart.o
    0x08005768   0x000000ac   Code   RO          645    i.get_accel_prod_shift  inv_mpu.o
    0x08005814   0x00000314   Code   RO          646    i.get_st_biases     inv_mpu.o
    0x08005b28   0x000000d4   Code   RO          647    i.gyro_self_test    inv_mpu.o
    0x08005bfc   0x00000022   Code   RO          648    i.inv_orientation_matrix_to_scalar  inv_mpu.o
    0x08005c1e   0x00000048   Code   RO          649    i.inv_row_2_scale   inv_mpu.o
    0x08005c66   0x00000002   PAD
    0x08005c68   0x00000048   Code   RO            2    i.led_task          main.o
    0x08005cb0   0x000000ac   Code   RO            3    i.main              main.o
    0x08005d5c   0x00000054   Code   RO          651    i.mpu_configure_fifo  inv_mpu.o
    0x08005db0   0x000000a4   Code   RO          653    i.mpu_dmp_init      inv_mpu.o
    0x08005e54   0x0000003c   Code   RO          654    i.mpu_get_accel_fsr  inv_mpu.o
    0x08005e90   0x00000044   Code   RO          656    i.mpu_get_accel_sens  inv_mpu.o
    0x08005ed4   0x00000034   Code   RO          662    i.mpu_get_gyro_fsr  inv_mpu.o
    0x08005f08   0x00000040   Code   RO          664    i.mpu_get_gyro_sens  inv_mpu.o
    0x08005f48   0x00000038   Code   RO          666    i.mpu_get_lpf       inv_mpu.o
    0x08005f80   0x0000001c   Code   RO          668    i.mpu_get_sample_rate  inv_mpu.o
    0x08005f9c   0x00000188   Code   RO          670    i.mpu_init          inv_mpu.o
    0x08006124   0x000000a0   Code   RO          671    i.mpu_load_firmware  inv_mpu.o
    0x080061c4   0x000000b8   Code   RO          672    i.mpu_lp_accel_mode  inv_mpu.o
    0x0800627c   0x00000054   Code   RO          676    i.mpu_read_mem      inv_mpu.o
    0x080062d0   0x00000160   Code   RO          679    i.mpu_reset_fifo    inv_mpu.o
    0x08006430   0x000000f0   Code   RO          680    i.mpu_run_self_test  inv_mpu.o
    0x08006520   0x00000068   Code   RO          682    i.mpu_set_accel_fsr  inv_mpu.o
    0x08006588   0x000000dc   Code   RO          683    i.mpu_set_bypass    inv_mpu.o
    0x08006664   0x00000078   Code   RO          685    i.mpu_set_dmp_state  inv_mpu.o
    0x080066dc   0x0000006c   Code   RO          686    i.mpu_set_gyro_fsr  inv_mpu.o
    0x08006748   0x00000064   Code   RO          687    i.mpu_set_int_latched  inv_mpu.o
    0x080067ac   0x0000006c   Code   RO          689    i.mpu_set_lpf       inv_mpu.o
    0x08006818   0x00000080   Code   RO          690    i.mpu_set_sample_rate  inv_mpu.o
    0x08006898   0x000000b8   Code   RO          691    i.mpu_set_sensors   inv_mpu.o
    0x08006950   0x00000054   Code   RO          692    i.mpu_write_mem     inv_mpu.o
    0x080069a4   0x00000140   Code   RO            4    i.oled_task         main.o
    0x08006ae4   0x00000080   Code   RO          693    i.run_self_test     inv_mpu.o
    0x08006b64   0x00000058   Code   RO          694    i.set_int_enable    inv_mpu.o
    0x08006bbc   0x00000120   Code   RO            5    i.start_task        main.o
    0x08006cdc   0x0000002c   Code   RO         6380    locale$$code        c_w.l(lc_numeric_c.o)
    0x08006d08   0x00000062   Code   RO         6175    x$fpl$d2f           fz_ws.l(d2f.o)
    0x08006d6a   0x00000026   Code   RO         6177    x$fpl$dfltu         fz_ws.l(dflt_clz.o)
    0x08006d90   0x00000154   Code   RO         6183    x$fpl$dmul          fz_ws.l(dmul.o)
    0x08006ee4   0x0000009c   Code   RO         6267    x$fpl$dnaninf       fz_ws.l(dnaninf.o)
    0x08006f80   0x0000000c   Code   RO         6269    x$fpl$dretinf       fz_ws.l(dretinf.o)
    0x08006f8c   0x00000056   Code   RO         6185    x$fpl$f2d           fz_ws.l(f2d.o)
    0x08006fe2   0x00000002   PAD
    0x08006fe4   0x000000c4   Code   RO         6187    x$fpl$fadd          fz_ws.l(faddsub_clz.o)
    0x080070a8   0x0000000c   Code   RO         6271    x$fpl$fcheck1       fz_ws.l(fcheck1.o)
    0x080070b4   0x00000184   Code   RO         6194    x$fpl$fdiv          fz_ws.l(fdiv.o)
    0x08007238   0x00000036   Code   RO         6197    x$fpl$ffix          fz_ws.l(ffix.o)
    0x0800726e   0x00000002   PAD
    0x08007270   0x0000003e   Code   RO         6201    x$fpl$ffixu         fz_ws.l(ffixu.o)
    0x080072ae   0x00000002   PAD
    0x080072b0   0x00000030   Code   RO         6206    x$fpl$fflt          fz_ws.l(fflt_clz.o)
    0x080072e0   0x00000026   Code   RO         6205    x$fpl$ffltu         fz_ws.l(fflt_clz.o)
    0x08007306   0x00000002   PAD
    0x08007308   0x00000102   Code   RO         6211    x$fpl$fmul          fz_ws.l(fmul.o)
    0x0800740a   0x0000008c   Code   RO         6273    x$fpl$fnaninf       fz_ws.l(fnaninf.o)
    0x08007496   0x0000000a   Code   RO         6275    x$fpl$fretinf       fz_ws.l(fretinf.o)
    0x080074a0   0x000000ea   Code   RO         6189    x$fpl$fsub          fz_ws.l(faddsub_clz.o)
    0x0800758a   0x00000004   Code   RO         6213    x$fpl$printf1       fz_ws.l(printf1.o)
    0x0800758e   0x00000064   Code   RO         6390    x$fpl$retnan        fz_ws.l(retnan.o)
    0x080075f2   0x0000004c   Code   RO         6215    x$fpl$scalbnf       fz_ws.l(scalbnf.o)
    0x0800763e   0x00000030   Code   RO         6458    x$fpl$trapveneer    fz_ws.l(trapv.o)
    0x0800766e   0x00000000   Code   RO         6279    x$fpl$usenofp       fz_ws.l(usenofp.o)
    0x0800766e   0x000017c0   Data   RO          308    .constdata          oled.o
    0x08008e2e   0x00000bf6   Data   RO          495    .constdata          inv_mpu_dmp_motion_driver.o
    0x08009a24   0x0000001b   Data   RO          696    .constdata          inv_mpu.o
    0x08009a3f   0x00000001   PAD
    0x08009a40   0x0000000c   Data   RO          697    .constdata          inv_mpu.o
    0x08009a4c   0x00000028   Data   RO          698    .constdata          inv_mpu.o
    0x08009a74   0x00000094   Data   RO         1666    .constdata          os_cfg_app.o
    0x08009b08   0x00000011   Data   RO         6159    .constdata          c_w.l(__printf_flags_ss_wp.o)
    0x08009b19   0x00000003   PAD
    0x08009b1c   0x00000094   Data   RO         6351    .constdata          c_w.l(bigflt0.o)
    0x08009bb0   0x0000004d   Data   RO          699    .conststring        inv_mpu.o
    0x08009bfd   0x00000003   PAD
    0x08009c00   0x00000020   Data   RO         6534    Region$$Table       anon$$obj.o
    0x08009c20   0x0000001c   Data   RO         6379    locale$$data        c_w.l(lc_numeric_c.o)


    Execution Region RW_IRAM1 (Base: 0x20000000, Size: 0x000042e0, Max: 0x00005000, ABSOLUTE, COMPRESSED[0x00000130])

    Base Addr    Size         Type   Attr      Idx    E Section Name        Object

    0x20000000   0x00000400   Data   RW            8    .data               main.o
    0x20000400   0x00000014   Data   RW          240    .data               system_stm32f10x.o
    0x20000414   0x00000008   Data   RW          417    .data               mpu6050.o
    0x2000041c   0x00000035   Data   RW          700    .data               inv_mpu.o
    0x20000451   0x00000003   PAD
    0x20000454   0x00000004   Data   RW         1144    .data               cpu_core.o
    0x20000458   0x00000008   Data   RW         2202    .data               os_prio.o
    0x20000460   0x00000004   Data   RW         2764    .data               os_var.o
    0x20000464   0x00000004   Data   RW         2765    .data               os_var.o
    0x20000468   0x00000004   Data   RW         2766    .data               os_var.o
    0x2000046c   0x00000004   Data   RW         2767    .data               os_var.o
    0x20000470   0x00000004   Data   RW         2768    .data               os_var.o
    0x20000474   0x00000004   Data   RW         2769    .data               os_var.o
    0x20000478   0x00000004   Data   RW         2770    .data               os_var.o
    0x2000047c   0x00000004   Data   RW         2771    .data               os_var.o
    0x20000480   0x00000001   Data   RW         2772    .data               os_var.o
    0x20000481   0x00000001   Data   RW         2773    .data               os_var.o
    0x20000482   0x00000002   PAD
    0x20000484   0x00000004   Data   RW         2774    .data               os_var.o
    0x20000488   0x00000004   Data   RW         2775    .data               os_var.o
    0x2000048c   0x00000002   Data   RW         2776    .data               os_var.o
    0x2000048e   0x00000002   Data   RW         2777    .data               os_var.o
    0x20000490   0x00000002   Data   RW         2778    .data               os_var.o
    0x20000492   0x00000002   PAD
    0x20000494   0x00000004   Data   RW         2779    .data               os_var.o
    0x20000498   0x00000004   Data   RW         2780    .data               os_var.o
    0x2000049c   0x00000002   Data   RW         2781    .data               os_var.o
    0x2000049e   0x00000002   PAD
    0x200004a0   0x00000004   Data   RW         2782    .data               os_var.o
    0x200004a4   0x00000002   Data   RW         2783    .data               os_var.o
    0x200004a6   0x00000002   PAD
    0x200004a8   0x00000004   Data   RW         2784    .data               os_var.o
    0x200004ac   0x00000002   Data   RW         2785    .data               os_var.o
    0x200004ae   0x00000001   Data   RW         2786    .data               os_var.o
    0x200004af   0x00000001   Data   RW         2787    .data               os_var.o
    0x200004b0   0x00000001   Data   RW         2788    .data               os_var.o
    0x200004b1   0x00000003   PAD
    0x200004b4   0x00000004   Data   RW         2789    .data               os_var.o
    0x200004b8   0x00000002   Data   RW         2790    .data               os_var.o
    0x200004ba   0x00000002   PAD
    0x200004bc   0x00000004   Data   RW         2791    .data               os_var.o
    0x200004c0   0x00000004   Data   RW         2792    .data               os_var.o
    0x200004c4   0x00000004   Data   RW         2793    .data               os_var.o
    0x200004c8   0x00000001   Data   RW         2794    .data               os_var.o
    0x200004c9   0x00000003   PAD
    0x200004cc   0x00000004   Data   RW         2795    .data               os_var.o
    0x200004d0   0x00000001   Data   RW         2796    .data               os_var.o
    0x200004d1   0x00000003   PAD
    0x200004d4   0x00000004   Data   RW         2797    .data               os_var.o
    0x200004d8   0x00000002   Data   RW         2798    .data               os_var.o
    0x200004da   0x00000001   Data   RW         2799    .data               os_var.o
    0x200004db   0x00000001   PAD
    0x200004dc   0x00000002   Data   RW         2800    .data               os_var.o
    0x200004de   0x00000002   Data   RW         2801    .data               os_var.o
    0x200004e0   0x00000004   Data   RW         2802    .data               os_var.o
    0x200004e4   0x00000004   Data   RW         2803    .data               os_var.o
    0x200004e8   0x00000004   Data   RW         2804    .data               os_var.o
    0x200004ec   0x00000001   Data   RW         2805    .data               os_var.o
    0x200004ed   0x00000003   PAD
    0x200004f0   0x00000004   Data   RW         2806    .data               os_var.o
    0x200004f4   0x00000004   Data   RW         2807    .data               os_var.o
    0x200004f8   0x00000004   Data   RW         2808    .data               os_var.o
    0x200004fc   0x00000002   Data   RW         2809    .data               os_var.o
    0x200004fe   0x00000001   Data   RW         2810    .data               os_var.o
    0x200004ff   0x00000001   PAD
    0x20000500   0x00000004   Data   RW         2811    .data               os_var.o
    0x20000504   0x00000004   Data   RW         2812    .data               os_var.o
    0x20000508   0x00000004   Data   RW         2813    .data               os_var.o
    0x2000050c   0x00000004   Data   RW         2815    .data               os_var.o
    0x20000510   0x00000004   Data   RW         2816    .data               os_var.o
    0x20000514   0x00000004   Data   RW         2817    .data               os_var.o
    0x20000518   0x00000004   Data   RW         2818    .data               os_var.o
    0x2000051c   0x00000004   Data   RW         2819    .data               os_var.o
    0x20000520   0x00000004   Data   RW         2820    .data               os_var.o
    0x20000524   0x00000004   Data   RW         2844    .data               os_cpu_c.o
    0x20000528   0x00000014   Data   RW         4617    .data               stm32f10x_rcc.o
    0x2000053c   0x00000004   Data   RW         5987    .data               delay.o
    0x20000540   0x00000002   Data   RW         6061    .data               usart.o
    0x20000542   0x00000002   PAD
    0x20000544   0x00000004   Data   RW         6062    .data               usart.o
    0x20000548   0x000016e0   Zero   RW            7    .bss                main.o
    0x20001c28   0x00000400   Zero   RW          307    .bss                oled.o
    0x20002028   0x00000010   Zero   RW          494    .bss                inv_mpu_dmp_motion_driver.o
    0x20002038   0x00000010   Zero   RW         1141    .bss                cpu_core.o
    0x20002048   0x00000200   Zero   RW         1656    .bss                os_cfg_app.o
    0x20002248   0x00000140   Zero   RW         1657    .bss                os_cfg_app.o
    0x20002388   0x00000200   Zero   RW         1658    .bss                os_cfg_app.o
    0x20002588   0x00000200   Zero   RW         1659    .bss                os_cfg_app.o
    0x20002788   0x00000640   Zero   RW         1660    .bss                os_cfg_app.o
    0x20002dc8   0x00000200   Zero   RW         1661    .bss                os_cfg_app.o
    0x20002fc8   0x00000200   Zero   RW         1662    .bss                os_cfg_app.o
    0x200031c8   0x00000088   Zero   RW         1663    .bss                os_cfg_app.o
    0x20003250   0x00000200   Zero   RW         1664    .bss                os_cfg_app.o
    0x20003450   0x00000088   Zero   RW         1665    .bss                os_cfg_app.o
    0x200034d8   0x000000c4   Zero   RW         2757    .bss                os_var.o
    0x2000359c   0x000000c4   Zero   RW         2758    .bss                os_var.o
    0x20003660   0x0000000c   Zero   RW         2759    .bss                os_var.o
    0x2000366c   0x00000300   Zero   RW         2760    .bss                os_var.o
    0x2000396c   0x000000c4   Zero   RW         2761    .bss                os_var.o
    0x20003a30   0x000000c4   Zero   RW         2762    .bss                os_var.o
    0x20003af4   0x000000c4   Zero   RW         2763    .bss                os_var.o
    0x20003bb8   0x000000c8   Zero   RW         6060    .bss                usart.o
    0x20003c80   0x00000060   Zero   RW         6393    .bss                c_w.l(libspace.o)
    0x20003ce0   0x00000200   Zero   RW         1034    HEAP                startup_stm32f10x_md.o
    0x20003ee0   0x00000400   Zero   RW         1033    STACK               startup_stm32f10x_md.o


==============================================================================

Image component sizes


      Code (inc. data)   RO Data    RW Data    ZI Data      Debug   Object Name

        56          6          0          0          0        496   beep.o
        76         16          0          0          0       2094   bsp.o
         0          0          0          0          0         32   core_cm3.o
        52          0          0          0          0        340   cpu_a.o
        68         16          0          4         16      11306   cpu_core.o
       276         42          0          4          0       3437   delay.o
       546         56          0          0          0       4442   iic.o
      4766        282        156         53          0      26044   inv_mpu.o
      2074        114       3062          0         16      18121   inv_mpu_dmp_motion_driver.o
        56          6          0          0          0        491   led.o
        76          0          0          0          0       1532   lib_mem.o
       948        186          0       1024       5856     273750   main.o
        44         10          0          0          0       1049   misc.o
       358         10          0          8          0       4318   mpu6050.o
      1010         58       6080          0       1024       6686   oled.o
         2          0        148          0       5264      20890   os_cfg_app.o
      2438        428          0          0          0      18829   os_core.o
       152         32          0          0          0        400   os_cpu_a.o
       348         58          0          4          0       6448   os_cpu_c.o
         2          0          0          0          0        466   os_dbg.o
       388         28          0          0          0       2619   os_flag.o
       852        202          0          0          0       3122   os_int.o
        24         10          0          0          0        833   os_mem.o
       318         22          0          0          0       3320   os_msg.o
        24         10          0          0          0        917   os_mutex.o
       124         16          0          8          0       2650   os_prio.o
       220         20          0          0          0       1856   os_q.o
       204         16          0          0          0       1782   os_sem.o
      1100        212          0          0          0       3447   os_stat.o
      2564        248          0          0          0      11256   os_task.o
       898        128          0          0          0       5033   os_tick.o
       560         44          0          0          0       2637   os_time.o
       692        136          0          0          0       3748   os_tmr.o
         0          0          0        172       1760      19381   os_var.o
        64         26        236          0       1536        880   startup_stm32f10x_md.o
       170          0          0          0          0       2836   stm32f10x_gpio.o
        14          0          0          0          0       2967   stm32f10x_it.o
       168         22          0         20          0       3893   stm32f10x_rcc.o
        70          0          0          0          0       2724   stm32f10x_usart.o
       248         24          0         20          0       1801   system_stm32f10x.o
       134         20          0          6        200       3388   usart.o

    ----------------------------------------------------------------------
     22214       2504       9718       1352      15672     482261   Object Totals
         0          0         32          0          0          0   (incl. Generated)
        30          0          4         29          0          0   (incl. Padding)

    ----------------------------------------------------------------------

      Code (inc. data)   RO Data    RW Data    ZI Data      Debug   Library Member Name

        90          0          0          0          0          0   __dczerorl2.o
         8          0          0          0          0         68   __main.o
       392          4         17          0          0         92   __printf_flags_ss_wp.o
        14          0          0          0          0         68   __printf_wp.o
         0          0          0          0          0          0   __rtentry.o
        12          0          0          0          0          0   __rtentry2.o
         6          0          0          0          0          0   __rtentry4.o
        52          8          0          0          0          0   __scatter.o
        28          0          0          0          0          0   __scatter_zi.o
        48          6          0          0          0         96   _printf_char_common.o
        36          4          0          0          0         80   _printf_char_file.o
         6          0          0          0          0          0   _printf_d.o
       120         16          0          0          0         92   _printf_dec.o
         6          0          0          0          0          0   _printf_f.o
      1050          0          0          0          0        216   _printf_fp_dec.o
       128         16          0          0          0         84   _printf_fp_infnan.o
       178          0          0          0          0         88   _printf_intcommon.o
         0          0          0          0          0          0   _printf_percent.o
         4          0          0          0          0          0   _printf_percent_end.o
        10          0          0          0          0         68   _sputc.o
        16          0          0          0          0         68   aeabi_memset.o
       220          4        148          0          0         96   bigflt0.o
      1910        128          0          0          0        672   btod.o
        12          0          0          0          0         72   exit.o
         8          0          0          0          0         68   ferror.o
         6          0          0          0          0        152   heapauxi.o
        44         10         28          0          0         76   lc_numeric_c.o
         2          0          0          0          0          0   libinit.o
        18          0          0          0          0          0   libinit2.o
         2          0          0          0          0          0   libshutdown.o
         2          0          0          0          0          0   libshutdown2.o
         8          4          0          0         96         68   libspace.o
        72          0          0          0          0         76   llsdiv.o
       138          0          0          0          0         80   lludiv10.o
       238          0          0          0          0        100   lludivv7m.o
        88          0          0          0          0         76   memcmp.o
        24          4          0          0          0         84   noretval__2printf.o
        40          6          0          0          0         84   noretval__2sprintf.o
         8          4          0          0          0         68   rt_locale_intlibspace.o
        68          0          0          0          0         68   rt_memclr.o
        78          0          0          0          0         80   rt_memclr_w.o
         2          0          0          0          0          0   rtexit.o
        10          0          0          0          0          0   rtexit2.o
       128          0          0          0          0         68   strcmpv7m.o
        74          0          0          0          0         80   sys_stackheap_outer.o
         2          0          0          0          0         68   use_no_semi.o
         2          0          0          0          0         68   use_no_semi_2.o
        98          4          0          0          0         92   d2f.o
        38          0          0          0          0         68   dflt_clz.o
       340         12          0          0          0        104   dmul.o
       156          4          0          0          0         92   dnaninf.o
        12          0          0          0          0         68   dretinf.o
        86          4          0          0          0         84   f2d.o
       430          8          0          0          0        168   faddsub_clz.o
        12          4          0          0          0         68   fcheck1.o
       388         76          0          0          0         96   fdiv.o
        54          4          0          0          0         84   ffix.o
        62          4          0          0          0         84   ffixu.o
        86          0          0          0          0        136   fflt_clz.o
       258          4          0          0          0         84   fmul.o
       140          4          0          0          0         84   fnaninf.o
        10          0          0          0          0         68   fretinf.o
         4          0          0          0          0         68   printf1.o
       100          0          0          0          0         68   retnan.o
        76          0          0          0          0         68   scalbnf.o
        48          0          0          0          0         68   trapv.o
         0          0          0          0          0          0   usenofp.o
        40          0          0          0          0         68   fpclassify.o

    ----------------------------------------------------------------------
      7868        342        196          0         96       4944   Library Totals
        22          0          3          0          0          0   (incl. Padding)

    ----------------------------------------------------------------------

      Code (inc. data)   RO Data    RW Data    ZI Data      Debug   Library Name

      5408        214        193          0         96       3224   c_w.l
      2398        128          0          0          0       1652   fz_ws.l
        40          0          0          0          0         68   m_ws.l

    ----------------------------------------------------------------------
      7868        342        196          0         96       4944   Library Totals

    ----------------------------------------------------------------------

==============================================================================


      Code (inc. data)   RO Data    RW Data    ZI Data      Debug   

     30082       2846       9914       1352      15768     473525   Grand Totals
     30082       2846       9914        304      15768     473525   ELF Image Totals (compressed)
     30082       2846       9914        304          0          0   ROM Totals

==============================================================================

    Total RO  Size (Code + RO Data)                39996 (  39.06kB)
    Total RW  Size (RW Data + ZI Data)             17120 (  16.72kB)
    Total ROM Size (Code + RO Data + RW Data)      40300 (  39.36kB)

==============================================================================

